******************************************************************************
                  MSP430 Linker Unix v18.12.2                  
******************************************************************************
>> Linked Wed Aug 28 20:12:28 2019

OUTPUT FILE NAME:   <floripasat.out>
ENTRY POINT SYMBOL: "_c_int00_noargs"  address: 00008000


MEMORY CONFIGURATION

         name            origin    length      used     unused   attr    fill
----------------------  --------  ---------  --------  --------  ----  --------
  SFR                   00000000   00000010  00000000  00000010  RWIX
  PERIPHERALS_8BIT      00000010   000000f0  00000000  000000f0  RWIX
  PERIPHERALS_16BIT     00000100   00000100  00000000  00000100  RWIX
  INFOD                 00001800   00000080  00000000  00000080  RWIX
  INFOC                 00001880   00000080  00000000  00000080  RWIX
  INFOB                 00001900   00000080  00000000  00000080  RWIX
  INFOA                 00001980   00000080  00000000  00000080  RWIX
  RAM                   00001c00   00000800  00000787  00000079  RWIX
  FRAM                  00004400   0000bb80  00009ca6  00001eda  RWIX
  JTAGSIGNATURE         0000ff80   00000004  00000004  00000000  RWIX  ffff 
  BSLSIGNATURE          0000ff84   00000004  00000004  00000000  RWIX  ffff 
  IPESIGNATURE          0000ff88   00000008  00000008  00000000  RWIX  ffff 
  INT00                 0000ff90   00000002  00000000  00000002  RWIX
  INT01                 0000ff92   00000002  00000000  00000002  RWIX
  INT02                 0000ff94   00000002  00000000  00000002  RWIX
  INT03                 0000ff96   00000002  00000000  00000002  RWIX
  INT04                 0000ff98   00000002  00000000  00000002  RWIX
  INT05                 0000ff9a   00000002  00000000  00000002  RWIX
  INT06                 0000ff9c   00000002  00000000  00000002  RWIX
  INT07                 0000ff9e   00000002  00000000  00000002  RWIX
  INT08                 0000ffa0   00000002  00000000  00000002  RWIX
  INT09                 0000ffa2   00000002  00000000  00000002  RWIX
  INT10                 0000ffa4   00000002  00000000  00000002  RWIX
  INT11                 0000ffa6   00000002  00000000  00000002  RWIX
  INT12                 0000ffa8   00000002  00000000  00000002  RWIX
  INT13                 0000ffaa   00000002  00000000  00000002  RWIX
  INT14                 0000ffac   00000002  00000000  00000002  RWIX
  INT15                 0000ffae   00000002  00000000  00000002  RWIX
  INT16                 0000ffb0   00000002  00000000  00000002  RWIX
  INT17                 0000ffb2   00000002  00000000  00000002  RWIX
  INT18                 0000ffb4   00000002  00000000  00000002  RWIX
  INT19                 0000ffb6   00000002  00000000  00000002  RWIX
  INT20                 0000ffb8   00000002  00000000  00000002  RWIX
  INT21                 0000ffba   00000002  00000000  00000002  RWIX
  INT22                 0000ffbc   00000002  00000000  00000002  RWIX
  INT23                 0000ffbe   00000002  00000000  00000002  RWIX
  INT24                 0000ffc0   00000002  00000000  00000002  RWIX
  INT25                 0000ffc2   00000002  00000000  00000002  RWIX
  INT26                 0000ffc4   00000002  00000000  00000002  RWIX
  INT27                 0000ffc6   00000002  00000000  00000002  RWIX
  INT28                 0000ffc8   00000002  00000000  00000002  RWIX
  INT29                 0000ffca   00000002  00000000  00000002  RWIX
  INT30                 0000ffcc   00000002  00000002  00000000  RWIX
  INT31                 0000ffce   00000002  00000002  00000000  RWIX
  INT32                 0000ffd0   00000002  00000002  00000000  RWIX
  INT33                 0000ffd2   00000002  00000002  00000000  RWIX
  INT34                 0000ffd4   00000002  00000002  00000000  RWIX
  INT35                 0000ffd6   00000002  00000002  00000000  RWIX
  INT36                 0000ffd8   00000002  00000002  00000000  RWIX
  INT37                 0000ffda   00000002  00000002  00000000  RWIX
  INT38                 0000ffdc   00000002  00000002  00000000  RWIX
  INT39                 0000ffde   00000002  00000002  00000000  RWIX
  INT40                 0000ffe0   00000002  00000002  00000000  RWIX
  INT41                 0000ffe2   00000002  00000002  00000000  RWIX
  INT42                 0000ffe4   00000002  00000002  00000000  RWIX
  INT43                 0000ffe6   00000002  00000002  00000000  RWIX
  INT44                 0000ffe8   00000002  00000002  00000000  RWIX
  INT45                 0000ffea   00000002  00000002  00000000  RWIX
  INT46                 0000ffec   00000002  00000002  00000000  RWIX
  INT47                 0000ffee   00000002  00000002  00000000  RWIX
  INT48                 0000fff0   00000002  00000002  00000000  RWIX
  INT49                 0000fff2   00000002  00000002  00000000  RWIX
  INT50                 0000fff4   00000002  00000002  00000000  RWIX
  INT51                 0000fff6   00000002  00000002  00000000  RWIX
  INT52                 0000fff8   00000002  00000002  00000000  RWIX
  INT53                 0000fffa   00000002  00000002  00000000  RWIX
  INT54                 0000fffc   00000002  00000002  00000000  RWIX
  RESET                 0000fffe   00000002  00000002  00000000  RWIX
  FRAM2                 00010000   00004000  00004000  00000000  RWIX


SECTION ALLOCATION MAP

 output                                  attributes/
section   page    origin      length       input sections
--------  ----  ----------  ----------   ----------------
.TI.persistent 
*          0    00004400    00003800     
                  00004400    00003800     main.obj (.TI.persistent:ucHeap)

.ipestruct 
*          0    00004400    00000000     UNINITIALIZED

.ipe       0    00004400    00000000     UNINITIALIZED

.ipe:_isr 
*          0    00004400    00000000     UNINITIALIZED

.cio       0    00007c00    00000000     UNINITIALIZED

.sysmem    0    00007c00    000000a0     
                  00007c00    00000008     rts430x_lc_ld_eabi.lib : memory.c.obj (.sysmem) [fill = 0]
                  00007c08    00000098     --HOLE-- [fill = 0]

.cinit     0    0000e078    0000002e     
                  0000e078    0000000c     (.cinit..data.load) [load image, compression = lzss]
                  0000e084    0000000c     (__TI_handler_table)
                  0000e090    00000006     (.cinit..bss.load) [load image, compression = zero_init]
                  0000e096    00000010     (__TI_cinit_table)

.init_array 
*          0    00004400    00000000     UNINITIALIZED

.text:_isr 
*          0    00008000    00000052     
                  00008000    0000001c     rts430x_lc_ld_eabi.lib : boot.c.obj (.text:_isr:_c_int00_noargs)
                  0000801c    00000014     obdh.obj (.text:_isr:v4RunTimeStatsTimerOverflow)
                  00008030    00000010     port.obj (.text:_isr:vTickISREntry)
                  00008040    0000000a     wdti.obj (.text:_isr:WDT_ISR)
                  0000804a    00000008     rts430x_lc_ld_eabi.lib : isr_trap.asm.obj (.text:_isr:__TI_ISR_TRAP)

.bss       0    00001c00    000005ac     UNINITIALIZED
                  00001c00    0000020a     (.common:rx_pkt)
                  00001e0a    0000010e     tasks.obj (.bss:pxReadyTasksLists)
                  00001f18    000000ca     (.common:satellite_data)
                  00001fe2    000000b6     (.common:rs_cb)
                  00002098    00000020     (.common:rush_data)
                  000020b8    00000018     obdh.obj (.bss)
                  000020d0    00000012     tasks.obj (.bss:xDelayedTaskList1)
                  000020e2    00000012     tasks.obj (.bss:xDelayedTaskList2)
                  000020f4    00000012     tasks.obj (.bss:xPendingReadyList)
                  00002106    00000012     tasks.obj (.bss:xSuspendedTaskList)
                  00002118    00000012     tasks.obj (.bss:xTasksWaitingTermination)
                  0000212a    00000008     ngham.obj (.bss)
                  00002132    00000008     tasks.obj (.bss)
                  0000213a    00000008     heap_4.obj (.bss:xStart)
                  00002142    00000004     (.common:card_size)
                  00002146    00000004     (.common:command_to_payload_rush_queue)
                  0000214a    00000004     (.common:current_data_address)
                  0000214e    00000004     (.common:eps_charge_queue)
                  00002152    00000004     (.common:eps_queue)
                  00002156    00000004     (.common:flash_semaphore)
                  0000215a    00000004     (.common:fsp_semaphore)
                  0000215e    00000004     (.common:i2c0_semaphore)
                  00002162    00000004     (.common:imu_queue)
                  00002166    00000004     (.common:last_read_position)
                  0000216a    00000004     (.common:last_write_position)
                  0000216e    00000004     (.common:main_radio_queue)
                  00002172    00000004     (.common:obdh_misc_queue)
                  00002176    00000004     (.common:obdh_status_queue)
                  0000217a    00000004     (.common:obdh_uptime_queue)
                  0000217e    00000004     (.common:payload_brave_queue)
                  00002182    00000004     (.common:payload_rush_queue)
                  00002186    00000004     (.common:solar_panels_queue)
                  0000218a    00000004     (.common:spi1_semaphore)
                  0000218e    00000004     (.common:status_eps_queue)
                  00002192    00000004     (.common:status_imu_queue)
                  00002196    00000004     (.common:status_mem1_queue)
                  0000219a    00000004     (.common:status_payload_brave_queue)
                  0000219e    00000004     (.common:status_payload_rush_queue)
                  000021a2    00000004     (.common:ttc_queue)
                  000021a6    00000004     (.common:tx_queue)
                  000021aa    00000001     (.common:decoder_state)
                  000021ab    00000001     (.common:fsp_my_adr)

.data      0    000021ac    0000013b     UNINITIALIZED
                  000021ac    000000f0     runtime_stats_task.obj (.data:stats)
                  0000229c    0000002a     tasks.obj (.data)
                  000022c6    00000010     heap_4.obj (.data)
                  000022d6    00000004     main.obj (.data)
                  000022da    00000004     msp_internal.obj (.data)
                  000022de    00000004     payload_rush_interface_task.obj (.data)
                  000022e2    00000002     port.obj (.data)
                  000022e4    00000002     rts430x_lc_ld_eabi.lib : errno.c.obj (.data)
                  000022e6    00000001     fsp.obj (.data)

.stack     0    00002360    000000a0     UNINITIALIZED
                  00002360    00000004     rts430x_lc_ld_eabi.lib : boot.c.obj (.stack)
                  00002364    0000009c     --HOLE--

.text.1    0    00008052    000058cc     
                  00008052    0000016a     communications_task.obj (.text:enable_rush)
                  000081bc    00000168     communications_task.obj (.text:communications_task)
                  00008324    0000015e     rts430x_lc_ld_eabi.lib : _printfi.c.obj (.text:_ltostr)
                  00008482    0000015e     store_data_task.obj (.text:store_data_task)
                  000085e0    0000015a     rts430x_lc_ld_eabi.lib : s_scalbn.c.obj (.text:scalbn)
                  0000873a    0000014c     communications_task.obj (.text:enter_in_hibernation)
                  00008886    0000014a     heap_4.obj (.text:pvPortMalloc)
                  000089d0    00000148     rts430x_lc_ld_eabi.lib : _printfi.c.obj (.text:_pproc_diouxp)
                  00008b18    00000146     ttc.obj (.text:ttc_copy_data)
                  00008c5e    0000013e     communications_task.obj (.text:radioamateur_repeater)
                  00008d9c    00000124     mmc.obj (.text:mmcReadCardSize)
                  00008ec0    00000124     rf4463.obj (.text:rf4463_tx_long_packet)
                  00008fe4    0000011c     store_data_task.obj (.text:update_last_write_position)
                  00009100    0000011c     tasks.obj (.text:xTaskIncrementTick)
                  0000921c    00000118     tasks.obj (.text:uxTaskGetSystemState)
                  00009334    00000116     ttc_interface_task.obj (.text:ttc_interface_task)
                  0000944a    00000108     fsp.obj (.text:fsp_decode)
                  00009552    00000100     tasks.obj (.text:prvInitialiseNewTask)
                  00009652    000000fc     rts430x_lc_ld_eabi.lib : _printfi.c.obj (.text:_pconv_g)
                  0000974e    000000fc     communications_task.obj (.text:send_reset_charge_command)
                  0000984a    000000ea     rts430x_lc_ld_eabi.lib : _printfi.c.obj (.text:_pproc_fwp)
                  00009934    000000d8                            : cmpd.c.obj (.text:__mspabi_cmpd)
                  00009a0c    000000d8     tasks.obj (.text:xTaskResumeAll)
                  00009ae4    000000d6     rts430x_lc_ld_eabi.lib : _printfi.c.obj (.text:_pproc_wstr)
                  00009bba    000000ca     communications_task.obj (.text:answer_ping)
                  00009c84    000000c6     heap_4.obj (.text:prvHeapInit)
                  00009d4a    000000ba     tasks.obj (.text:vTaskSuspend)
                  00009e04    000000b4     rts430x_lc_ld_eabi.lib : _printfi.c.obj (.text:_mcpy)
                  00009eb8    000000b4                            : _printfi.c.obj (.text:_pproc_str)
                  00009f6c    000000b4     ngham.obj (.text:ngham_InitArrays)
                  0000a020    000000b4     communications_task.obj (.text:verify_key)
                  0000a0d4    000000b2     rts430x_lc_ld_eabi.lib : renormd.c.obj (.text:__TI_renormd)
                  0000a186    000000ae     tasks.obj (.text:vTaskDelayUntil)
                  0000a234    000000aa     queue.obj (.text:xQueueGenericReset)
                  0000a2de    000000aa     tasks.obj (.text:xTaskCheckForTimeOut)
                  0000a388    000000a6     rts430x_lc_ld_eabi.lib : s_frexp.c.obj (.text:frexp)
                  0000a42e    000000a6     portext.obj (.text)
                  0000a4d4    000000a6     communications_task.obj (.text:send_periodic_data)
                  0000a57a    000000a2     tasks.obj (.text:prvAddNewTaskToReadyList)
                  0000a61c    000000a2     communications_task.obj (.text:update_last_telecommand_status)
                  0000a6be    000000a0     queue.obj (.text:prvUnlockQueue)
                  0000a75e    0000009e     rts430x_lc_ld_eabi.lib : fltlid.c.obj (.text:__mspabi_fltlid)
                  0000a7fc    0000009e     queue.obj (.text:prvCopyDataToQueue)
                  0000a89a    0000009c     fsp.obj (.text:fsp_encode)
                  0000a936    0000009c     tasks.obj (.text:prvSearchForNameWithinSingleList)
                  0000a9d2    0000009a     tasks.obj (.text:prvListTasksWithinSingleList)
                  0000aa6c    0000009a     tasks.obj (.text:vTaskPriorityInherit)
                  0000ab06    00000096     rts430x_lc_ld_eabi.lib : ltoa.c.obj (.text:ltoa)
                  0000ab9c    00000092     payload_rush_interface_task.obj (.text:rush_experiment_log)
                  0000ac2e    00000092     tasks.obj (.text:vTaskGetInfo)
                  0000acc0    00000090     rts430x_lc_ld_eabi.lib : _printfi.c.obj (.text:_ecpy)
                  0000ad50    00000090     tasks.obj (.text:prvAddCurrentTaskToDelayedList)
                  0000ade0    00000090     heap_4.obj (.text:vPortFree)
                  0000ae70    00000090     tasks.obj (.text:xTaskPriorityDisinherit)
                  0000af00    0000008e     i2c.obj (.text:i2c_receive_burst)
                  0000af8e    0000008c     tasks.obj (.text:vTaskResume)
                  0000b01a    0000008a     tasks.obj (.text:xTaskCreate)
                  0000b0a4    00000088     tasks.obj (.text:xTaskGetHandle)
                  0000b12c    00000086     ttc.obj (.text:send_command_packet)
                  0000b1b2    00000086     tasks.obj (.text:xTaskRemoveFromEventList)
                  0000b238    0000007e     store_data_task.obj (.text:get_last_write_pointer)
                  0000b2b6    0000007e     mmc.obj (.text:mmcReadBlock)
                  0000b334    0000007e     mmc.obj (.text:mmcWriteBlock)
                  0000b3b2    0000007e     ttc.obj (.text:receive_packet)
                  0000b430    0000007a     tasks.obj (.text:eTaskGetState)
                  0000b4aa    00000078     rts430x_lc_ld_eabi.lib : autoinit.c.obj (.text:__TI_auto_init_nobinit_nopinit_hold_wdt:__TI_auto_init_nobinit_nopinit_hold_wdt)
                  0000b522    00000078                            : _printfi.c.obj (.text:_pconv_f)
                  0000b59a    00000076                            : copy_decompress_lzss.c.obj (.text:decompress:lzss:__TI_decompress_lzss)
                  0000b610    00000074     link.obj (.text:decode_request_data_telecommand)
                  0000b684    00000074     link.obj (.text:decode_telecommand)
                  0000b6f8    00000072     heap_4.obj (.text:prvInsertBlockIntoFreeList)
                  0000b76a    00000070     i2c.obj (.text:i2c_send_burst)
                  0000b7da    00000070     mmc.obj (.text:mmcGoIdle)
                  0000b84a    0000006a     communications_task.obj (.text:leave_hibernation)
                  0000b8b4    00000068     payload_rush_interface_task.obj (.text:rush_experiment_perform)
                  0000b91c    00000068     payload_rush.obj (.text:rush_read)
                  0000b984    00000068     communications_task.obj (.text:try_to_receive)
                  0000b9ec    00000066     rts430x_lc_ld_eabi.lib : fixdli.c.obj (.text:__mspabi_fixdli)
                  0000ba52    00000066     tasks.obj (.text:prvCheckTasksWaitingTermination)
                  0000bab8    00000062     rts430x_lc_ld_eabi.lib : atoi.c.obj (.text:atoi)
                  0000bb1a    00000062     store_data_task.obj (.text:mmc_write_sector)
                  0000bb7c    00000062     tasks.obj (.text:prvInitialiseTaskLists)
                  0000bbde    00000060     payload_rush.obj (.text:rush_power_state)
                  0000bc3e    0000005e     payload_rush.obj (.text:rush_write)
                  0000bc9c    0000005e     store_data_task.obj (.text:update_last_read_position)
                  0000bcfa    0000005c     ttc.obj (.text:send_data_packet)
                  0000bd56    0000005a     mmc.obj (.text:mmcCheckBusy)
                  0000bdb0    0000005a     rf4463.obj (.text:rf4463_set_config)
                  0000be0a    00000058     tasks.obj (.text:prvWriteNameToBuffer)
                  0000be62    00000058     rf4463.obj (.text:rf4463_tx_packet)
                  0000beba    00000058     rts430x_lc_ld_eabi.lib : div32u.asm.obj (.text)
                  0000bf12    00000058     obdh.obj (.text:uart_setup)
                  0000bf6a    00000058     tasks.obj (.text:vTaskStartScheduler)
                  0000bfc2    00000058     queue.obj (.text:xQueueGenericCreate)
                  0000c01a    00000054     list.obj (.text:vListInsert)
                  0000c06e    00000052     platform.obj (.text:ngham_ActionHandlePacket)
                  0000c0c0    00000052     communications_task.obj (.text:send_data)
                  0000c112    00000050     link.obj (.text:calculate_read_position)
                  0000c162    00000050     mmc.obj (.text:mmcSendCmd)
                  0000c1b2    00000050     mmc.obj (.text:mmcSetBlockLength)
                  0000c202    00000050     rf4463.obj (.text:rf4463_set_properties)
                  0000c252    00000050     wdt_task.obj (.text:wdt_task)
                  0000c2a2    0000004e     rts430x_lc_ld_eabi.lib : _printfi.c.obj (.text:_fcpy)
                  0000c2f0    0000004e     fsp.obj (.text:fsp_gen_pkt)
                  0000c33e    0000004e     mmc.obj (.text:mmcInit)
                  0000c38c    0000004e     runtime_stats_task.obj (.text:runtime_stats_task)
                  0000c3da    0000004e     ttc_interface_task.obj (.text:send_shutdown)
                  0000c428    0000004c     rf4463.obj (.text:rf4463_get_cmd)
                  0000c474    0000004a     hal_SPI.obj (.text:spiSendFrame)
                  0000c4be    00000048     store_data_task.obj (.text:get_last_read_pointer)
                  0000c506    00000048     obdh.obj (.text:setup_hardware)
                  0000c54e    00000048     msp_internal.obj (.text:update_time_counter)
                  0000c596    00000046     store_data_task.obj (.text:mmc_read_sector)
                  0000c5dc    00000044     msp_internal.obj (.text:restore_time_counter)
                  0000c620    00000044     hal_SPI.obj (.text:spiReadFrame)
                  0000c664    00000044     rts430x_lc_ld_eabi.lib : sprintf.c.obj (.text:sprintf)
                  0000c6a8    00000044     sspi.obj (.text:sspi_send_bit)
                  0000c6ec    00000040     ngham_packets.obj (.text:ngham_TxPktGen)
                  0000c72c    00000040     rts430x_lc_ld_eabi.lib : div32s.asm.obj (.text)
                  0000c76c    00000040     msp_internal.obj (.text:update_reset_value)
                  0000c7ac    0000003e     fsp.obj (.text:fsp_gen_cmd_pkt)
                  0000c7ea    0000003e     i2c.obj (.text:i2c_setup)
                  0000c828    0000003e     rts430x_lc_ld_eabi.lib : asr32.asm.obj (.text:l_asr_const)
                  0000c866    0000003e                            : lsl32.asm.obj (.text:l_lsl_const)
                  0000c8a4    0000003e                            : lsr32.asm.obj (.text:l_lsr_const)
                  0000c8e2    0000003e     msp_internal.obj (.text:read_current_state)
                  0000c920    0000003e     rf4463.obj (.text:rf4463_power_on_reset)
                  0000c95e    0000003c     rts430x_lc_ld_eabi.lib : memcpy.c.obj (.text:memcpy)
                  0000c99a    0000003c     ngham_packets.obj (.text:ngham_RxPktInit)
                  0000c9d6    0000003c     communications_task.obj (.text:request_antenna_mutex)
                  0000ca12    0000003a     rts430x_lc_ld_eabi.lib : lsl64.c.obj (.text:__mspabi_sllll)
                  0000ca4c    0000003a                            : lsr64.c.obj (.text:__mspabi_srlll)
                  0000ca86    0000003a     ngham.obj (.text:ngham_TagCheck)
                  0000cac0    0000003a     list.obj (.text:uxListRemove)
                  0000cafa    00000038     store_data_task.obj (.text:pack_module_data)
                  0000cb32    00000038     rf4463.obj (.text:rf4463_check_cts)
                  0000cb6a    00000038     rf4463.obj (.text:rf4463_reg_config)
                  0000cba2    00000036     rf4463.obj (.text:rf4463_check_device)
                  0000cbd8    00000036     sspi.obj (.text:sspi_tx)
                  0000cc0e    00000036     msp_internal.obj (.text:update_operation_mode)
                  0000cc44    00000034     crc16.obj (.text:crc16_CCITT)
                  0000cc78    00000034     rts430x_lc_ld_eabi.lib : memcmp.c.obj (.text:memcmp)
                  0000ccac    00000034     queue.obj (.text:prvCopyDataFromQueue)
                  0000cce0    00000034     rf4463.obj (.text:rf4463_enter_rx_mode)
                  0000cd14    00000034     tasks.obj (.text:vTaskDelay)
                  0000cd48    00000032     rts430x_lc_ld_eabi.lib : subd.c.obj (.text:__mspabi_subd)
                  0000cd7a    00000032     platform.obj (.text:ngham_ActionSendData)
                  0000cdac    00000032     tasks.obj (.text:prvTaskIsTaskSuspended)
                  0000cdde    00000032     rf4463.obj (.text:rf4463_set_tx_power)
                  0000ce10    00000032     payload_rush_interface_task.obj (.text:rush_overtemperature_check)
                  0000ce42    00000030     rf4463.obj (.text:rf4463_read_rx_fifo)
                  0000ce72    00000030     rf4463.obj (.text:rf4463_set_cmd)
                  0000cea2    00000030     ttc_interface_task.obj (.text:send_mutex_request)
                  0000ced2    00000030     tasks.obj (.text:vTaskPlaceOnEventList)
                  0000cf02    0000002e     rts430x_lc_ld_eabi.lib : negd.c.obj (.text:__mspabi_negd)
                  0000cf30    0000002e                            : s_copysign.c.obj (.text:copysign)
                  0000cf5e    0000002e     i2c.obj (.text:i2c_set_clock)
                  0000cf8c    0000002e     queue.obj (.text:prvIsQueueFull)
                  0000cfba    0000002e     tasks.obj (.text:prvResetNextTaskUnblockTime)
                  0000cfe8    0000002c     crc_ccitt.obj (.text:ngham_CRC_CCITT)
                  0000d014    0000002c     queue.obj (.text:prvIsQueueEmpty)
                  0000d040    0000002c     list.obj (.text:vListInitialise)
                  0000d06c    0000002a     queue.obj (.text:prvInitialiseNewQueue)
                  0000d096    0000002a     rf4463.obj (.text:rf4463_rx_init)
                  0000d0c0    0000002a     rf4463.obj (.text:rf4463_wait_packet_sent)
                  0000d0ea    00000028     rts430x_lc_ld_eabi.lib : fixdi.c.obj (.text:__mspabi_fixdi)
                  0000d112    00000028                            : sprintf.c.obj (.text:_outs)
                  0000d13a    00000028     fsp.obj (.text:fsp_gen_data_pkt)
                  0000d162    00000028     i2c.obj (.text:i2c_pin_reset)
                  0000d18a    00000028     queue.obj (.text:prvInitialiseMutex)
                  0000d1b2    00000028     rf4463.obj (.text:rf4463_enter_tx_mode)
                  0000d1da    00000028     rf4463.obj (.text:rf4463_set_rx_interrupt)
                  0000d202    00000028     rf4463.obj (.text:rf4463_write_tx_fifo)
                  0000d22a    00000028     rts430x_lc_ld_eabi.lib : wcslen.c.obj (.text:wcslen)
                  0000d252    00000028     tasks.obj (.text:xTaskGetTickCount)
                  0000d27a    00000026     rf4463.obj (.text:rf4463_clear_interrupts)
                  0000d2a0    00000026     spi.obj (.text:spi_rx_multiple)
                  0000d2c6    00000026     obdh.obj (.text:vApplicationSetupTimerInterrupt)
                  0000d2ec    00000026     list.obj (.text:vListInsertEnd)
                  0000d312    00000024     rts430x_lc_ld_eabi.lib : copy_zero_init.c.obj (.text:decompress:ZI:__TI_zero_init)
                  0000d336    00000024     mmc.obj (.text:mmcGetResponse)
                  0000d35a    00000024     port.obj (.text:pxPortInitialiseStack)
                  0000d37e    00000024     rf4463.obj (.text:rf4463_init)
                  0000d3a2    00000024     rts430x_lc_ld_eabi.lib : mult32_f5hw.asm.obj (.text)
                  0000d3c6    00000022     mmc.obj (.text:mmcGetXXResponse)
                  0000d3e8    00000022     tasks.obj (.text:prvTaskCheckFreeStackSpace)
                  0000d40a    00000022     spi.obj (.text:spi_tx_multiple)
                  0000d42c    00000022     sspi.obj (.text:sspi_rx_multiple)
                  0000d44e    00000022     tasks.obj (.text:vTaskSetTimeOutState)
                  0000d470    00000022     wdti.obj (.text:wdti_setup)
                  0000d492    00000020     rts430x_lc_ld_eabi.lib : memset.c.obj (.text:memset)
                  0000d4b2    00000020     spi.obj (.text:spi_setup)
                  0000d4d2    0000001e     rts430x_lc_ld_eabi.lib : memccpy.c.obj (.text:memccpy)
                  0000d4f0    0000001e     sspi.obj (.text:sspi_tx_multiple)
                  0000d50e    0000001c     hal_SPI.obj (.text:halSPISetup)
                  0000d52a    0000001c     tasks.obj (.text:pvTaskIncrementMutexHeldCount)
                  0000d546    0000001c     rf4463.obj (.text:rf4463_gpio_init)
                  0000d562    0000001c     rts430x_lc_ld_eabi.lib : strchr.c.obj (.text:strchr)
                  0000d57e    0000001a     obdh.obj (.text:gpio_setup)
                  0000d598    0000001a     spi.obj (.text:spi_tx)
                  0000d5b2    00000018     rf4463.obj (.text:rf4463_fifo_reset)
                  0000d5ca    00000018     rts430x_lc_ld_eabi.lib : mult16_f5hw.asm.obj (.text)
                  0000d5e2    00000018     queue.obj (.text:xQueueCreateMutex)
                  0000d5fa    00000018     tasks.obj (.text:xTaskGetSchedulerState)
                  0000d612    00000016     rts430x_lc_ld_eabi.lib : copy_decompress_none.c.obj (.text:decompress:none:__TI_decompress_none)
                  0000d628    00000016     tasks.obj (.text:prvDeleteTCB)
                  0000d63e    00000016     tasks.obj (.text:prvIdleTask)
                  0000d654    00000016     rf4463.obj (.text:rf4463_enter_standby_mode)
                  0000d66a    00000016     rts430x_lc_ld_eabi.lib : div16u.asm.obj (.text)
                  0000d680    00000014                            : sprintf.c.obj (.text:_outc)
                  0000d694    00000014     hal_SPI.obj (.text:spiSendByte)
                  0000d6a8    00000014     wdti.obj (.text:wdti_release_counter)
                  0000d6bc    00000012     fec.obj (.text:encode_rs_char)
                  0000d6ce    00000012     rf4463.obj (.text:rf4463_rx_packet)
                  0000d6e0    00000012     rts430x_lc_ld_eabi.lib : strcpy.c.obj (.text:strcpy)
                  0000d6f2    00000012                            : strlen.c.obj (.text:strlen)
                  0000d704    00000012                            : toupper.c.obj (.text:toupper)
                  0000d716    00000010                            : asr32.asm.obj (.text:l_asr)
                  0000d726    00000010                            : lsl32.asm.obj (.text:l_lsl)
                  0000d736    00000010                            : lsr32.asm.obj (.text:l_lsr)
                  0000d746    00000010     main.obj (.text:main)
                  0000d756    00000010     rf4463_spi.obj (.text:rf4463_spi_read)
                  0000d766    00000010     rf4463_spi.obj (.text:rf4463_spi_write)
                  0000d776    00000010     obdh.obj (.text:vConfigureTimerForRunTimeStats)
                  0000d786    00000010     wdti.obj (.text:wdti_hold_counter)
                  0000d796    00000010     wdti.obj (.text:wdti_reset_counter)
                  0000d7a6    0000000e     spi.obj (.text:wait_for_buffer_empty)
                  0000d7b4    0000000e     spi.obj (.text:wait_for_data_sent)
                  0000d7c2    0000000c     rts430x_lc_ld_eabi.lib : fltid.c.obj (.text:__mspabi_fltid)
                  0000d7ce    0000000c     i2c.obj (.text:i2c_set_mode)
                  0000d7da    0000000c     i2c.obj (.text:i2c_set_slave)
                  0000d7e6    0000000c     rf4463_spi.obj (.text:rf4463_spi_transfer)
                  0000d7f2    0000000c     rf4463.obj (.text:rf4463_wait_nIRQ)
                  0000d7fe    0000000c     msp_internal.obj (.text:set_hibernation_period_min)
                  0000d80a    0000000a     rts430x_lc_ld_eabi.lib : abs.c.obj (.text:abs)
                  0000d814    0000000a     fsp.obj (.text:fsp_init)
                  0000d81e    0000000a     msp_internal.obj (.text:get_hibernation_period_min)
                  0000d828    0000000a     mmc.obj (.text:mmc_setup)
                  0000d832    0000000a     ngham.obj (.text:ngham_Init)
                  0000d83c    0000000a     msp_internal.obj (.text:obdh_current_read)
                  0000d846    0000000a     msp_internal.obj (.text:obdh_temperature_read)
                  0000d850    0000000a     msp_internal.obj (.text:read_reset_value)
                  0000d85a    0000000a     msp_internal.obj (.text:read_time_counter)
                  0000d864    0000000a     msp_internal.obj (.text:read_time_state_changed)
                  0000d86e    0000000a     rts430x_lc_ld_eabi.lib : lsr16.asm.obj (.text)
                  0000d878    0000000a     payload_rush.obj (.text:rush_setup)
                  0000d882    0000000a     obdh.obj (.text:vApplicationIdleHook)
                  0000d88c    0000000a     obdh.obj (.text:vApplicationMallocFailedHook)
                  0000d896    0000000a     obdh.obj (.text:vApplicationStackOverflowHook)
                  0000d8a0    00000008     msp_internal.obj (.text:obdh_voltage_read)
                  0000d8a8    00000008     msp_internal.obj (.text:read_reset_cause)
                  0000d8b0    00000008     payload_rush_interface_task.obj (.text:rush_delay_ms)
                  0000d8b8    00000008     list.obj (.text:vListInitialiseItem)
                  0000d8c0    00000006     rts430x_lc_ld_eabi.lib : exit.c.obj (.text:abort)
                  0000d8c6    00000006     flash.obj (.text:flash_read_long)
                  0000d8cc    00000006     fsp.obj (.text:fsp_reset)
                  0000d8d2    00000006     rf4463.obj (.text:rf4463_power_up)
                  0000d8d8    00000006     rf4463.obj (.text:rf4463_shutdown)
                  0000d8de    00000006     rf4463.obj (.text:rf4463_slave_disable)
                  0000d8e4    00000006     rf4463.obj (.text:rf4463_slave_enable)
                  0000d8ea    00000006     wdti.obj (.text:system_reboot)
                  0000d8f0    00000006     tasks.obj (.text:vTaskMissedYield)
                  0000d8f6    00000006     tasks.obj (.text:vTaskSuspendAll)
                  0000d8fc    00000004     rts430x_lc_ld_eabi.lib : pre_init.c.obj (.text:_system_pre_init)
                  0000d900    00000004     flash.obj (.text:flash_read_single)
                  0000d904    00000004     platform.obj (.text:ngham_ActionGetNoiseFloor)
                  0000d908    00000004     platform.obj (.text:ngham_ActionGetRSSI)
                  0000d90c    00000004     msp_internal.obj (.text:read_fault_flags)
                  0000d910    00000002     rts430x_lc_ld_eabi.lib : startup.c.obj (.text:_system_post_cinit)
                  0000d912    00000002     flash.obj (.text:flash_erase)
                  0000d914    00000002     flash.obj (.text:flash_write_long)
                  0000d916    00000002     flash.obj (.text:flash_write_single)
                  0000d918    00000002     platform.obj (.text:ngham_ActionReceptionHalfway)
                  0000d91a    00000002     platform.obj (.text:ngham_ActionReceptionStarted)
                  0000d91c    00000002     platform.obj (.text:ngham_ActionSetPacketSize)

$fill000   0    0000ff80    00000004     
                  0000ff80    00000004     --HOLE-- [fill = ffff]

$fill001   0    0000ff84    00000004     
                  0000ff84    00000004     --HOLE-- [fill = ffff]

$fill002   0    0000ff88    00000008     
                  0000ff88    00000008     --HOLE-- [fill = ffff]

AES256     0    0000ffcc    00000002     
                  0000ffcc    00000002     rts430x_lc_ld_eabi.lib : int30.asm.obj (.int30)

RTC        0    0000ffce    00000002     
                  0000ffce    00000002     rts430x_lc_ld_eabi.lib : int31.asm.obj (.int31)

PORT4      0    0000ffd0    00000002     
                  0000ffd0    00000002     rts430x_lc_ld_eabi.lib : int32.asm.obj (.int32)

PORT3      0    0000ffd2    00000002     
                  0000ffd2    00000002     rts430x_lc_ld_eabi.lib : int33.asm.obj (.int33)

TIMER3_A1 
*          0    0000ffd4    00000002     
                  0000ffd4    00000002     rts430x_lc_ld_eabi.lib : int34.asm.obj (.int34)

TIMER3_A0 
*          0    0000ffd6    00000002     
                  0000ffd6    00000002     rts430x_lc_ld_eabi.lib : int35.asm.obj (.int35)

PORT2      0    0000ffd8    00000002     
                  0000ffd8    00000002     rts430x_lc_ld_eabi.lib : int36.asm.obj (.int36)

TIMER2_A1 
*          0    0000ffda    00000002     
                  0000ffda    00000002     rts430x_lc_ld_eabi.lib : int37.asm.obj (.int37)

TIMER2_A0 
*          0    0000ffdc    00000002     
                  0000ffdc    00000002     rts430x_lc_ld_eabi.lib : int38.asm.obj (.int38)

PORT1      0    0000ffde    00000002     
                  0000ffde    00000002     rts430x_lc_ld_eabi.lib : int39.asm.obj (.int39)

TIMER1_A1 
*          0    0000ffe0    00000002     
                  0000ffe0    00000002     obdh.obj (.int40)

TIMER1_A0 
*          0    0000ffe2    00000002     
                  0000ffe2    00000002     rts430x_lc_ld_eabi.lib : int41.asm.obj (.int41)

DMA        0    0000ffe4    00000002     
                  0000ffe4    00000002     rts430x_lc_ld_eabi.lib : int42.asm.obj (.int42)

USCI_A1    0    0000ffe6    00000002     
                  0000ffe6    00000002     rts430x_lc_ld_eabi.lib : int43.asm.obj (.int43)

TIMER0_A1 
*          0    0000ffe8    00000002     
                  0000ffe8    00000002     rts430x_lc_ld_eabi.lib : int44.asm.obj (.int44)

TIMER0_A0 
*          0    0000ffea    00000002     
                  0000ffea    00000002     port.obj (.int45)

ADC12      0    0000ffec    00000002     
                  0000ffec    00000002     rts430x_lc_ld_eabi.lib : int46.asm.obj (.int46)

USCI_B0    0    0000ffee    00000002     
                  0000ffee    00000002     rts430x_lc_ld_eabi.lib : int47.asm.obj (.int47)

USCI_A0    0    0000fff0    00000002     
                  0000fff0    00000002     rts430x_lc_ld_eabi.lib : int48.asm.obj (.int48)

WDT        0    0000fff2    00000002     
                  0000fff2    00000002     wdti.obj (.int49)

TIMER0_B1 
*          0    0000fff4    00000002     
                  0000fff4    00000002     rts430x_lc_ld_eabi.lib : int50.asm.obj (.int50)

TIMER0_B0 
*          0    0000fff6    00000002     
                  0000fff6    00000002     rts430x_lc_ld_eabi.lib : int51.asm.obj (.int51)

COMP_E     0    0000fff8    00000002     
                  0000fff8    00000002     rts430x_lc_ld_eabi.lib : int52.asm.obj (.int52)

UNMI       0    0000fffa    00000002     
                  0000fffa    00000002     rts430x_lc_ld_eabi.lib : int53.asm.obj (.int53)

SYSNMI     0    0000fffc    00000002     
                  0000fffc    00000002     rts430x_lc_ld_eabi.lib : int54.asm.obj (.int54)

.reset     0    0000fffe    00000002     
                  0000fffe    00000002     rts430x_lc_ld_eabi.lib : boot.c.obj (.reset)

.const     0    0000d91e    0000075a     
                  0000d91e    00000200     crc_ccitt.obj (.const:crc_ccitt_table)
                  0000db1e    0000016b     rf4463.obj (.const:.string:RF4463_CONFIGURATION_DATA)
                  0000dc89    00000001     --HOLE-- [fill = 0]
                  0000dc8a    00000101     rts430x_lc_ld_eabi.lib : ctype.c.obj (.const:.string:_ctypes_)
                  0000dd8b    00000001     --HOLE-- [fill = 0]
                  0000dd8c    000000ff     ccsds_scrambler.obj (.const:.string:ccsds_poly)
                  0000de8b    00000001     --HOLE-- [fill = 0]
                  0000de8c    000000ca     store_data_task.obj (.const:$P$T0$1)
                  0000df56    0000004c     obdh.obj (.const:.string)
                  0000dfa2    00000032     tasks.obj (.const:.string)
                  0000dfd4    00000026     rts430x_lc_ld_eabi.lib : _printfi.c.obj (.const:.string)
                  0000dffa    0000001c     ngham.obj (.const:NGH_SIZE_TAG)
                  0000e016    0000000a     ttc_interface_task.obj (.const:.string)
                  0000e020    00000009     communications_task.obj (.const:.string:$P$T0$1)
                  0000e029    00000001     --HOLE-- [fill = 0]
                  0000e02a    00000009     communications_task.obj (.const:.string:$P$T1$2)
                  0000e033    00000001     --HOLE-- [fill = 0]
                  0000e034    00000009     communications_task.obj (.const:.string:$P$T2$3)
                  0000e03d    00000001     --HOLE-- [fill = 0]
                  0000e03e    00000008     rf4463.obj (.const:.string:$P$T0$1)
                  0000e046    00000008     communications_task.obj (.const:.string)
                  0000e04e    00000007     ngham.obj (.const:.string:NGH_PAR_SIZE)
                  0000e055    00000001     --HOLE-- [fill = 0]
                  0000e056    00000007     ngham.obj (.const:.string:NGH_PL_PAR_SIZE)
                  0000e05d    00000001     --HOLE-- [fill = 0]
                  0000e05e    00000007     ngham.obj (.const:.string:NGH_PL_SIZE)
                  0000e065    00000001     --HOLE-- [fill = 0]
                  0000e066    00000007     ngham.obj (.const:.string:NGH_PL_SIZE_FULL)
                  0000e06d    00000001     --HOLE-- [fill = 0]
                  0000e06e    00000006     ngham.obj (.const)
                  0000e074    00000004     ngham.obj (.const:.string:NGH_SYNC)

.text.2    0    00010000    00004000     
                  00010000    00000466     rts430x_lc_ld_eabi.lib : frcdivd.c.obj (.text:__TI_frcdivd)
                  00010466    0000034e                            : div64u.c.obj (.text:__mspabi_divull)
                  000107b4    000002e6                            : _printfi.c.obj (.text:_setfield)
                  00010a9a    000002e0                            : addd.c.obj (.text:__mspabi_addd)
                  00010d7a    000002b8     housekeeping_task.obj (.text:housekeeping_task)
                  00011032    000002ae     rts430x_lc_ld_eabi.lib : _printfi.c.obj (.text:__TI_printfi)
                  000112e0    0000028a     ngham.obj (.text:ngham_Encode)
                  0001156a    00000280     rts430x_lc_ld_eabi.lib : frcmpyd.c.obj (.text:__TI_frcmpyd)
                  000117ea    00000268                            : _printfi.c.obj (.text:_pproc_fgea)
                  00011a52    00000266                            : mpyd.c.obj (.text:__mspabi_mpyd)
                  00011cb8    00000248                            : frcaddd.c.obj (.text:__TI_frcaddd)
                  00011f00    00000242     store_data_task.obj (.text:get_packet)
                  00012142    0000022e     obdh.obj (.text:create_tasks)
                  00012370    0000022e     payload_rush_interface_task.obj (.text:payload_rush_interface_task)
                  0001259e    00000224     rts430x_lc_ld_eabi.lib : _printfi.c.obj (.text:acvt)
                  000127c2    00000222                            : divd.c.obj (.text:__mspabi_divd)
                  000129e4    0000020c                            : _printfi.c.obj (.text:_getarg_diouxp)
                  00012bf0    000001ec     store_data_task.obj (.text:read_and_pack_data)
                  00012ddc    000001ea     queue.obj (.text:xQueueGenericReceive)
                  00012fc6    000001e6     rts430x_lc_ld_eabi.lib : _printfi.c.obj (.text:ecvt)
                  000131ac    000001d6     ngham.obj (.text:ngham_Decode)
                  00013382    000001c8     rts430x_lc_ld_eabi.lib : _printfi.c.obj (.text:fcvt)
                  0001354a    000001b0     communications_task.obj (.text:send_requested_data)
                  000136fa    000001aa     rts430x_lc_ld_eabi.lib : _printfi.c.obj (.text:_pconv_e)
                  000138a4    000001aa     adc.obj (.text:adc_read)
                  00013a4e    00000198     queue.obj (.text:xQueueGenericSend)
                  00013be6    00000170     rts430x_lc_ld_eabi.lib : _printfi.c.obj (.text:_pconv_a)
                  00013d56    0000016e     tasks.obj (.text:vTaskGetRunTimeStats)
                  00013ec4    0000012e     tasks.obj (.text:vTaskSwitchContext)
                  00013ff2    0000000e     rf4463.obj (.text:rf4463_wait_gpio1)

MODULE SUMMARY

       Module                            code    ro data   rw data
       ------                            ----    -------   -------
    ./
       main.obj                          16      0         14630  
    +--+---------------------------------+-------+---------+---------+
       Total:                            16      0         14630  
                                                                  
    ./FreeRTOS_Source/
       tasks.obj                         4752    50        410    
       queue.obj                         1722    0         0      
       list.obj                          232     0         0      
    +--+---------------------------------+-------+---------+---------+
       Total:                            6706    50        410    
                                                                  
    ./FreeRTOS_Source/portable/CCS/MSP430X/
       portext.obj                       166     0         0      
       port.obj                          52      2         2      
    +--+---------------------------------+-------+---------+---------+
       Total:                            218     2         2      
                                                                  
    ./FreeRTOS_Source/portable/MemMang/
       heap_4.obj                        786     0         24     
    +--+---------------------------------+-------+---------+---------+
       Total:                            786     0         24     
                                                                  
    ./driver/
       adc.obj                           426     0         0      
       i2c.obj                           426     0         0      
       spi.obj                           158     0         0      
       wdti.obj                          102     2         0      
       flash.obj                         16      0         0      
    +--+---------------------------------+-------+---------+---------+
       Total:                            1128    2         0      
                                                                  
    ./include/
       obdh.obj                          848     78        24     
       msp_internal.obj                  412     0         4      
    +--+---------------------------------+-------+---------+---------+
       Total:                            1260    78        28     
                                                                  
    ./interface/
       ttc.obj                           678     0         0      
       payload_rush.obj                  304     0         0      
    +--+---------------------------------+-------+---------+---------+
       Total:                            982     0         0      
                                                                  
    ./libs/ngham/
       ngham.obj                         1368    66        190    
       crc_ccitt.obj                     44      512       0      
       ccsds_scrambler.obj               0       255       0      
       ngham_packets.obj                 124     0         0      
       fec.obj                           18      0         0      
    +--+---------------------------------+-------+---------+---------+
       Total:                            1554    833       190    
                                                                  
    ./libs/ngham/platform/
       platform.obj                      146     0         523    
    +--+---------------------------------+-------+---------+---------+
       Total:                            146     0         523    
                                                                  
    ./rf4463/
       rf4463.obj                        1472    371       0      
       rf4463_spi.obj                    44      0         0      
    +--+---------------------------------+-------+---------+---------+
       Total:                            1516    371       0      
                                                                  
    ./src/
       communications_task.obj           3118    35        0      
       store_data_task.obj               2220    202       12     
       payload_rush_interface_task.obj   866     0         40     
       housekeeping_task.obj             696     0         0      
       ttc_interface_task.obj            404     10        0      
       runtime_stats_task.obj            78      0         240    
       wdt_task.obj                      80      0         0      
    +--+---------------------------------+-------+---------+---------+
       Total:                            7462    247       292    
                                                                  
    ./util/
       link.obj                          312     0         0      
       sspi.obj                          186     0         0      
    +--+---------------------------------+-------+---------+---------+
       Total:                            498     0         0      
                                                                  
    ./util/MMC_lib/
       mmc.obj                           1064    0         0      
       hal_SPI.obj                       190     0         0      
    +--+---------------------------------+-------+---------+---------+
       Total:                            1254    0         0      
                                                                  
    ./util/fsp/
       fsp.obj                           616     0         2      
       crc16.obj                         52      0         0      
    +--+---------------------------------+-------+---------+---------+
       Total:                            668     0         2      
                                                                  
    /home/junior/ti/ccs910/ccs/tools/compiler/ti-cgt-msp430_18.12.2.LTS/lib/rts430x_lc_ld_eabi.lib
       _printfi.c.obj                    6932    38        0      
       frcdivd.c.obj                     1126    0         0      
       div64u.c.obj                      846     0         0      
       addd.c.obj                        736     0         0      
       frcmpyd.c.obj                     640     0         0      
       mpyd.c.obj                        614     0         0      
       frcaddd.c.obj                     584     0         0      
       divd.c.obj                        546     0         0      
       s_scalbn.c.obj                    346     0         0      
       ctype.c.obj                       0       257       0      
       cmpd.c.obj                        216     0         0      
       renormd.c.obj                     178     0         0      
       s_frexp.c.obj                     166     0         0      
       fltlid.c.obj                      158     0         0      
       ltoa.c.obj                        150     0         0      
       sprintf.c.obj                     128     0         0      
       autoinit.c.obj                    120     0         0      
       copy_decompress_lzss.c.obj        118     0         0      
       fixdli.c.obj                      102     0         0      
       atoi.c.obj                        98      0         0      
       div32u.asm.obj                    88      0         0      
       asr32.asm.obj                     78      0         0      
       lsl32.asm.obj                     78      0         0      
       lsr32.asm.obj                     78      0         0      
       div32s.asm.obj                    64      0         0      
       memcpy.c.obj                      60      0         0      
       lsl64.c.obj                       58      0         0      
       lsr64.c.obj                       58      0         0      
       memcmp.c.obj                      52      0         0      
       subd.c.obj                        50      0         0      
       negd.c.obj                        46      0         0      
       s_copysign.c.obj                  46      0         0      
       fixdi.c.obj                       40      0         0      
       wcslen.c.obj                      40      0         0      
       copy_zero_init.c.obj              36      0         0      
       mult32_f5hw.asm.obj               36      0         0      
       memset.c.obj                      32      0         0      
       boot.c.obj                        28      2         0      
       memccpy.c.obj                     30      0         0      
       strchr.c.obj                      28      0         0      
       mult16_f5hw.asm.obj               24      0         0      
       copy_decompress_none.c.obj        22      0         0      
       div16u.asm.obj                    22      0         0      
       strcpy.c.obj                      18      0         0      
       strlen.c.obj                      18      0         0      
       toupper.c.obj                     18      0         0      
       fltid.c.obj                       12      0         0      
       abs.c.obj                         10      0         0      
       lsr16.asm.obj                     10      0         0      
       isr_trap.asm.obj                  8       0         0      
       exit.c.obj                        6       0         0      
       pre_init.c.obj                    4       0         0      
       errno.c.obj                       0       0         2      
       int30.asm.obj                     0       2         0      
       int31.asm.obj                     0       2         0      
       int32.asm.obj                     0       2         0      
       int33.asm.obj                     0       2         0      
       int34.asm.obj                     0       2         0      
       int35.asm.obj                     0       2         0      
       int36.asm.obj                     0       2         0      
       int37.asm.obj                     0       2         0      
       int38.asm.obj                     0       2         0      
       int39.asm.obj                     0       2         0      
       int41.asm.obj                     0       2         0      
       int42.asm.obj                     0       2         0      
       int43.asm.obj                     0       2         0      
       int44.asm.obj                     0       2         0      
       int46.asm.obj                     0       2         0      
       int47.asm.obj                     0       2         0      
       int48.asm.obj                     0       2         0      
       int50.asm.obj                     0       2         0      
       int51.asm.obj                     0       2         0      
       int52.asm.obj                     0       2         0      
       int53.asm.obj                     0       2         0      
       int54.asm.obj                     0       2         0      
       startup.c.obj                     2       0         0      
    +--+---------------------------------+-------+---------+---------+
       Total:                            15004   341       2      
                                                                  
       Heap:                             0       0         160    
       Stack:                            0       0         160    
       Linker Generated:                 0       46        0      
    +--+---------------------------------+-------+---------+---------+
       Grand Total:                      39198   1970      16423  


LINKER GENERATED COPY TABLES

__TI_cinit_table @ 0000e096 records: 2, size/record: 8, table size: 16
	.data: load addr=0000e078, load size=0000000c bytes, run addr=000021ac, run size=0000013b bytes, compression=lzss
	.bss: load addr=0000e090, load size=00000006 bytes, run addr=00001c00, run size=000005ac bytes, compression=zero_init


LINKER GENERATED HANDLER TABLE

__TI_handler_table @ 0000e084 records: 3, size/record: 4, table size: 12
	index: 0, handler: __TI_zero_init
	index: 1, handler: __TI_decompress_lzss
	index: 2, handler: __TI_decompress_none


GLOBAL SYMBOLS: SORTED ALPHABETICALLY BY Name 

address   name                                   
-------   ----                                   
00000800  ADC12CTL0                              
00000801  ADC12CTL0_H                            
00000800  ADC12CTL0_L                            
00000802  ADC12CTL1                              
00000803  ADC12CTL1_H                            
00000802  ADC12CTL1_L                            
00000804  ADC12CTL2                              
00000805  ADC12CTL2_H                            
00000804  ADC12CTL2_L                            
00000806  ADC12CTL3                              
00000807  ADC12CTL3_H                            
00000806  ADC12CTL3_L                            
0000080a  ADC12HI                                
0000080b  ADC12HI_H                              
0000080a  ADC12HI_L                              
00000812  ADC12IER0                              
00000813  ADC12IER0_H                            
00000812  ADC12IER0_L                            
00000814  ADC12IER1                              
00000815  ADC12IER1_H                            
00000814  ADC12IER1_L                            
00000816  ADC12IER2                              
00000817  ADC12IER2_H                            
00000816  ADC12IER2_L                            
0000080c  ADC12IFGR0                             
0000080d  ADC12IFGR0_H                           
0000080c  ADC12IFGR0_L                           
0000080e  ADC12IFGR1                             
0000080f  ADC12IFGR1_H                           
0000080e  ADC12IFGR1_L                           
00000810  ADC12IFGR2                             
00000811  ADC12IFGR2_H                           
00000810  ADC12IFGR2_L                           
00000818  ADC12IV                                
00000819  ADC12IV_H                              
00000818  ADC12IV_L                              
00000808  ADC12LO                                
00000809  ADC12LO_H                              
00000808  ADC12LO_L                              
00000820  ADC12MCTL0                             
00000821  ADC12MCTL0_H                           
00000820  ADC12MCTL0_L                           
00000822  ADC12MCTL1                             
00000834  ADC12MCTL10                            
00000835  ADC12MCTL10_H                          
00000834  ADC12MCTL10_L                          
00000836  ADC12MCTL11                            
00000837  ADC12MCTL11_H                          
00000836  ADC12MCTL11_L                          
00000838  ADC12MCTL12                            
00000839  ADC12MCTL12_H                          
00000838  ADC12MCTL12_L                          
0000083a  ADC12MCTL13                            
0000083b  ADC12MCTL13_H                          
0000083a  ADC12MCTL13_L                          
0000083c  ADC12MCTL14                            
0000083d  ADC12MCTL14_H                          
0000083c  ADC12MCTL14_L                          
0000083e  ADC12MCTL15                            
0000083f  ADC12MCTL15_H                          
0000083e  ADC12MCTL15_L                          
00000840  ADC12MCTL16                            
00000841  ADC12MCTL16_H                          
00000840  ADC12MCTL16_L                          
00000842  ADC12MCTL17                            
00000843  ADC12MCTL17_H                          
00000842  ADC12MCTL17_L                          
00000844  ADC12MCTL18                            
00000845  ADC12MCTL18_H                          
00000844  ADC12MCTL18_L                          
00000846  ADC12MCTL19                            
00000847  ADC12MCTL19_H                          
00000846  ADC12MCTL19_L                          
00000823  ADC12MCTL1_H                           
00000822  ADC12MCTL1_L                           
00000824  ADC12MCTL2                             
00000848  ADC12MCTL20                            
00000849  ADC12MCTL20_H                          
00000848  ADC12MCTL20_L                          
0000084a  ADC12MCTL21                            
0000084b  ADC12MCTL21_H                          
0000084a  ADC12MCTL21_L                          
0000084c  ADC12MCTL22                            
0000084d  ADC12MCTL22_H                          
0000084c  ADC12MCTL22_L                          
0000084e  ADC12MCTL23                            
0000084f  ADC12MCTL23_H                          
0000084e  ADC12MCTL23_L                          
00000850  ADC12MCTL24                            
00000851  ADC12MCTL24_H                          
00000850  ADC12MCTL24_L                          
00000852  ADC12MCTL25                            
00000853  ADC12MCTL25_H                          
00000852  ADC12MCTL25_L                          
00000854  ADC12MCTL26                            
00000855  ADC12MCTL26_H                          
00000854  ADC12MCTL26_L                          
00000856  ADC12MCTL27                            
00000857  ADC12MCTL27_H                          
00000856  ADC12MCTL27_L                          
00000858  ADC12MCTL28                            
00000859  ADC12MCTL28_H                          
00000858  ADC12MCTL28_L                          
0000085a  ADC12MCTL29                            
0000085b  ADC12MCTL29_H                          
0000085a  ADC12MCTL29_L                          
00000825  ADC12MCTL2_H                           
00000824  ADC12MCTL2_L                           
00000826  ADC12MCTL3                             
0000085c  ADC12MCTL30                            
0000085d  ADC12MCTL30_H                          
0000085c  ADC12MCTL30_L                          
0000085e  ADC12MCTL31                            
0000085f  ADC12MCTL31_H                          
0000085e  ADC12MCTL31_L                          
00000827  ADC12MCTL3_H                           
00000826  ADC12MCTL3_L                           
00000828  ADC12MCTL4                             
00000829  ADC12MCTL4_H                           
00000828  ADC12MCTL4_L                           
0000082a  ADC12MCTL5                             
0000082b  ADC12MCTL5_H                           
0000082a  ADC12MCTL5_L                           
0000082c  ADC12MCTL6                             
0000082d  ADC12MCTL6_H                           
0000082c  ADC12MCTL6_L                           
0000082e  ADC12MCTL7                             
0000082f  ADC12MCTL7_H                           
0000082e  ADC12MCTL7_L                           
00000830  ADC12MCTL8                             
00000831  ADC12MCTL8_H                           
00000830  ADC12MCTL8_L                           
00000832  ADC12MCTL9                             
00000833  ADC12MCTL9_H                           
00000832  ADC12MCTL9_L                           
00000860  ADC12MEM0                              
00000861  ADC12MEM0_H                            
00000860  ADC12MEM0_L                            
00000862  ADC12MEM1                              
00000874  ADC12MEM10                             
00000875  ADC12MEM10_H                           
00000874  ADC12MEM10_L                           
00000876  ADC12MEM11                             
00000877  ADC12MEM11_H                           
00000876  ADC12MEM11_L                           
00000878  ADC12MEM12                             
00000879  ADC12MEM12_H                           
00000878  ADC12MEM12_L                           
0000087a  ADC12MEM13                             
0000087b  ADC12MEM13_H                           
0000087a  ADC12MEM13_L                           
0000087c  ADC12MEM14                             
0000087d  ADC12MEM14_H                           
0000087c  ADC12MEM14_L                           
0000087e  ADC12MEM15                             
0000087f  ADC12MEM15_H                           
0000087e  ADC12MEM15_L                           
00000880  ADC12MEM16                             
00000881  ADC12MEM16_H                           
00000880  ADC12MEM16_L                           
00000882  ADC12MEM17                             
00000883  ADC12MEM17_H                           
00000882  ADC12MEM17_L                           
00000884  ADC12MEM18                             
00000885  ADC12MEM18_H                           
00000884  ADC12MEM18_L                           
00000886  ADC12MEM19                             
00000887  ADC12MEM19_H                           
00000886  ADC12MEM19_L                           
00000863  ADC12MEM1_H                            
00000862  ADC12MEM1_L                            
00000864  ADC12MEM2                              
00000888  ADC12MEM20                             
00000889  ADC12MEM20_H                           
00000888  ADC12MEM20_L                           
0000088a  ADC12MEM21                             
0000088b  ADC12MEM21_H                           
0000088a  ADC12MEM21_L                           
0000088c  ADC12MEM22                             
0000088d  ADC12MEM22_H                           
0000088c  ADC12MEM22_L                           
0000088e  ADC12MEM23                             
0000088f  ADC12MEM23_H                           
0000088e  ADC12MEM23_L                           
00000890  ADC12MEM24                             
00000891  ADC12MEM24_H                           
00000890  ADC12MEM24_L                           
00000892  ADC12MEM25                             
00000893  ADC12MEM25_H                           
00000892  ADC12MEM25_L                           
00000894  ADC12MEM26                             
00000895  ADC12MEM26_H                           
00000894  ADC12MEM26_L                           
00000896  ADC12MEM27                             
00000897  ADC12MEM27_H                           
00000896  ADC12MEM27_L                           
00000898  ADC12MEM28                             
00000899  ADC12MEM28_H                           
00000898  ADC12MEM28_L                           
0000089a  ADC12MEM29                             
0000089b  ADC12MEM29_H                           
0000089a  ADC12MEM29_L                           
00000865  ADC12MEM2_H                            
00000864  ADC12MEM2_L                            
00000866  ADC12MEM3                              
0000089c  ADC12MEM30                             
0000089d  ADC12MEM30_H                           
0000089c  ADC12MEM30_L                           
0000089e  ADC12MEM31                             
0000089f  ADC12MEM31_H                           
0000089e  ADC12MEM31_L                           
00000867  ADC12MEM3_H                            
00000866  ADC12MEM3_L                            
00000868  ADC12MEM4                              
00000869  ADC12MEM4_H                            
00000868  ADC12MEM4_L                            
0000086a  ADC12MEM5                              
0000086b  ADC12MEM5_H                            
0000086a  ADC12MEM5_L                            
0000086c  ADC12MEM6                              
0000086d  ADC12MEM6_H                            
0000086c  ADC12MEM6_L                            
0000086e  ADC12MEM7                              
0000086f  ADC12MEM7_H                            
0000086e  ADC12MEM7_L                            
00000870  ADC12MEM8                              
00000871  ADC12MEM8_H                            
00000870  ADC12MEM8_L                            
00000872  ADC12MEM9                              
00000873  ADC12MEM9_H                            
00000872  ADC12MEM9_L                            
000009c0  AESACTL0                               
000009c1  AESACTL0_H                             
000009c0  AESACTL0_L                             
000009c2  AESACTL1                               
000009c3  AESACTL1_H                             
000009c2  AESACTL1_L                             
000009c8  AESADIN                                
000009c9  AESADIN_H                              
000009c8  AESADIN_L                              
000009ca  AESADOUT                               
000009cb  AESADOUT_H                             
000009ca  AESADOUT_L                             
000009c6  AESAKEY                                
000009c7  AESAKEY_H                              
000009c6  AESAKEY_L                              
000009c4  AESASTAT                               
000009c5  AESASTAT_H                             
000009c4  AESASTAT_L                             
000009cc  AESAXDIN                               
000009cd  AESAXDIN_H                             
000009cc  AESAXDIN_L                             
000009ce  AESAXIN                                
000009cf  AESAXIN_H                              
000009ce  AESAXIN_L                              
000004be  BCD2BIN                                
000004bc  BIN2BCD                                
0000d8c0  C$$EXIT                                
0000043e  CAPTIO0CTL                             
0000043f  CAPTIO0CTL_H                           
0000043e  CAPTIO0CTL_L                           
0000047e  CAPTIO1CTL                             
0000047f  CAPTIO1CTL_H                           
0000047e  CAPTIO1CTL_L                           
000008c0  CECTL0                                 
000008c1  CECTL0_H                               
000008c0  CECTL0_L                               
000008c2  CECTL1                                 
000008c3  CECTL1_H                               
000008c2  CECTL1_L                               
000008c4  CECTL2                                 
000008c5  CECTL2_H                               
000008c4  CECTL2_L                               
000008c6  CECTL3                                 
000008c7  CECTL3_H                               
000008c6  CECTL3_L                               
000008cc  CEINT                                  
000008cd  CEINT_H                                
000008cc  CEINT_L                                
000008ce  CEIV                                   
000008cf  CEIV_H                                 
000008ce  CEIV_L                                 
00000150  CRCDI                                  
00000152  CRCDIRB                                
00000153  CRCDIRB_H                              
00000152  CRCDIRB_L                              
00000151  CRCDI_H                                
00000150  CRCDI_L                                
00000154  CRCINIRES                              
00000155  CRCINIRES_H                            
00000154  CRCINIRES_L                            
00000156  CRCRESR                                
00000157  CRCRESR_H                              
00000156  CRCRESR_L                              
00000160  CSCTL0                                 
00000161  CSCTL0_H                               
00000160  CSCTL0_L                               
00000162  CSCTL1                                 
00000163  CSCTL1_H                               
00000162  CSCTL1_L                               
00000164  CSCTL2                                 
00000165  CSCTL2_H                               
00000164  CSCTL2_L                               
00000166  CSCTL3                                 
00000167  CSCTL3_H                               
00000166  CSCTL3_L                               
00000168  CSCTL4                                 
00000169  CSCTL4_H                               
00000168  CSCTL4_L                               
0000016a  CSCTL5                                 
0000016b  CSCTL5_H                               
0000016a  CSCTL5_L                               
0000016c  CSCTL6                                 
0000016d  CSCTL6_H                               
0000016c  CSCTL6_L                               
00000510  DMA0CTL                                
00000516  DMA0DA                                 
00000518  DMA0DAH                                
00000516  DMA0DAL                                
00000512  DMA0SA                                 
00000514  DMA0SAH                                
00000512  DMA0SAL                                
0000051a  DMA0SZ                                 
00000520  DMA1CTL                                
00000526  DMA1DA                                 
00000528  DMA1DAH                                
00000526  DMA1DAL                                
00000522  DMA1SA                                 
00000524  DMA1SAH                                
00000522  DMA1SAL                                
0000052a  DMA1SZ                                 
00000530  DMA2CTL                                
00000536  DMA2DA                                 
00000538  DMA2DAH                                
00000536  DMA2DAL                                
00000532  DMA2SA                                 
00000534  DMA2SAH                                
00000532  DMA2SAL                                
0000053a  DMA2SZ                                 
00000500  DMACTL0                                
00000502  DMACTL1                                
00000504  DMACTL2                                
00000506  DMACTL3                                
00000508  DMACTL4                                
0000050e  DMAIV                                  
00000140  FRCTL0                                 
00000141  FRCTL0_H                               
00000140  FRCTL0_L                               
00000144  GCCTL0                                 
00000145  GCCTL0_H                               
00000144  GCCTL0_L                               
00000146  GCCTL1                                 
00000147  GCCTL1_H                               
00000146  GCCTL1_L                               
000004c4  MAC                                    
000004da  MAC32H                                 
000004db  MAC32H_H                               
000004da  MAC32H_L                               
000004d8  MAC32L                                 
000004d9  MAC32L_H                               
000004d8  MAC32L_L                               
000004c6  MACS                                   
000004de  MACS32H                                
000004df  MACS32H_H                              
000004de  MACS32H_L                              
000004dc  MACS32L                                
000004dd  MACS32L_H                              
000004dc  MACS32L_L                              
000004c7  MACS_H                                 
000004c6  MACS_L                                 
000004c5  MAC_H                                  
000004c4  MAC_L                                  
000005a0  MPUCTL0                                
000005a1  MPUCTL0_H                              
000005a0  MPUCTL0_L                              
000005a2  MPUCTL1                                
000005a3  MPUCTL1_H                              
000005a2  MPUCTL1_L                              
000005aa  MPUIPC0                                
000005ab  MPUIPC0_H                              
000005aa  MPUIPC0_L                              
000005ae  MPUIPSEGB1                             
000005af  MPUIPSEGB1_H                           
000005ae  MPUIPSEGB1_L                           
000005ac  MPUIPSEGB2                             
000005ad  MPUIPSEGB2_H                           
000005ac  MPUIPSEGB2_L                           
000005a8  MPUSAM                                 
000005a9  MPUSAM_H                               
000005a8  MPUSAM_L                               
000005a6  MPUSEGB1                               
000005a7  MPUSEGB1_H                             
000005a6  MPUSEGB1_L                             
000005a4  MPUSEGB2                               
000005a5  MPUSEGB2_H                             
000005a4  MPUSEGB2_L                             
000004c0  MPY                                    
000004ec  MPY32CTL0                              
000004ed  MPY32CTL0_H                            
000004ec  MPY32CTL0_L                            
000004d2  MPY32H                                 
000004d3  MPY32H_H                               
000004d2  MPY32H_L                               
000004d0  MPY32L                                 
000004d1  MPY32L_H                               
000004d0  MPY32L_L                               
000004c2  MPYS                                   
000004d6  MPYS32H                                
000004d7  MPYS32H_H                              
000004d6  MPYS32H_L                              
000004d4  MPYS32L                                
000004d5  MPYS32L_H                              
000004d4  MPYS32L_L                              
000004c3  MPYS_H                                 
000004c2  MPYS_L                                 
000004c1  MPY_H                                  
000004c0  MPY_L                                  
0000e04e  NGH_PAR_SIZE                           
0000e056  NGH_PL_PAR_SIZE                        
0000e05e  NGH_PL_SIZE                            
0000e066  NGH_PL_SIZE_FULL                       
0000e06e  NGH_PREAMBLE                           
0000e06f  NGH_PREAMBLE_FOUR_LEVEL                
0000dffa  NGH_SIZE_TAG                           
0000e074  NGH_SYNC                               
000004c8  OP2                                    
000004e2  OP2H                                   
000004e3  OP2H_H                                 
000004e2  OP2H_L                                 
000004e0  OP2L                                   
000004e1  OP2L_H                                 
000004e0  OP2L_L                                 
000004c9  OP2_H                                  
000004c8  OP2_L                                  
0000020e  P1IV                                   
0000021e  P2IV                                   
0000022e  P3IV                                   
0000023e  P4IV                                   
00000204  PADIR                                  
00000205  PADIR_H                                
00000204  PADIR_L                                
0000021a  PAIE                                   
00000218  PAIES                                  
00000219  PAIES_H                                
00000218  PAIES_L                                
0000021b  PAIE_H                                 
0000021a  PAIE_L                                 
0000021c  PAIFG                                  
0000021d  PAIFG_H                                
0000021c  PAIFG_L                                
00000200  PAIN                                   
00000201  PAIN_H                                 
00000200  PAIN_L                                 
00000202  PAOUT                                  
00000203  PAOUT_H                                
00000202  PAOUT_L                                
00000206  PAREN                                  
00000207  PAREN_H                                
00000206  PAREN_L                                
0000020a  PASEL0                                 
0000020b  PASEL0_H                               
0000020a  PASEL0_L                               
0000020c  PASEL1                                 
0000020d  PASEL1_H                               
0000020c  PASEL1_L                               
00000216  PASELC                                 
00000217  PASELC_H                               
00000216  PASELC_L                               
00000224  PBDIR                                  
00000225  PBDIR_H                                
00000224  PBDIR_L                                
0000023a  PBIE                                   
00000238  PBIES                                  
00000239  PBIES_H                                
00000238  PBIES_L                                
0000023b  PBIE_H                                 
0000023a  PBIE_L                                 
0000023c  PBIFG                                  
0000023d  PBIFG_H                                
0000023c  PBIFG_L                                
00000220  PBIN                                   
00000221  PBIN_H                                 
[...]
0000216a  last_write_position                    
0000216e  main_radio_queue                       
00002172  obdh_misc_queue                        
00002176  obdh_status_queue                      
0000217a  obdh_uptime_queue                      
0000217e  payload_brave_queue                    
00002182  payload_rush_queue                     
00002186  solar_panels_queue                     
0000218a  spi1_semaphore                         
0000218e  status_eps_queue                       
00002192  status_imu_queue                       
00002196  status_mem1_queue                      
0000219a  status_payload_brave_queue             
0000219e  status_payload_rush_queue              
000021a2  ttc_queue                              
000021a6  tx_queue                               
000021aa  decoder_state                          
000021ab  fsp_my_adr                             
0000229c  pxCurrentTCB                           
000022d6  ulRunTimeCounterOverflows              
000022da  minutes_counter                        
000022e2  usCriticalNesting                      
000022e4  errno                                  
000022e6  fsp_decode_pos                         
00002360  _stack                                 
00002400  __STACK_END                            
00004400  fram_ipe_end                           
00004400  fram_ipe_start                         
00004400  ucHeap                                 
00007c00  _sys_memory                            
00008000  _c_int00_noargs                        
00008000  fram_rx_start                          
0000801c  v4RunTimeStatsTimerOverflow            
00008030  vTickISREntry                          
00008040  WDT_ISR                                
0000804a  __TI_ISR_TRAP                          
00008052  enable_rush                            
000081bc  communications_task                    
00008482  store_data_task                        
000085e0  ldexp                                  
000085e0  ldexpl                                 
000085e0  scalbn                                 
000085e0  scalbnl                                
0000873a  enter_in_hibernation                   
00008886  pvPortMalloc                           
00008b18  ttc_copy_data                          
00008c5e  radioamateur_repeater                  
00008d9c  mmcReadCardSize                        
00008ec0  rf4463_tx_long_packet                  
00008fe4  update_last_write_position             
00009100  xTaskIncrementTick                     
0000921c  uxTaskGetSystemState                   
00009334  ttc_interface_task                     
0000944a  fsp_decode                             
0000974e  send_reset_charge_command              
00009934  __mspabi_cmpd                          
00009a0c  xTaskResumeAll                         
00009bba  answer_ping                            
00009d4a  vTaskSuspend                           
00009f6c  ngham_InitArrays                       
0000a020  verify_key                             
0000a0d4  __TI_renormd                           
0000a186  vTaskDelayUntil                        
0000a234  xQueueGenericReset                     
0000a2de  xTaskCheckForTimeOut                   
0000a388  frexp                                  
0000a388  frexpl                                 
0000a42e  vPortPreemptiveTickISR                 
0000a45e  vPortCooperativeTickISR                
0000a48a  vPortYield                             
0000a4ba  xPortStartScheduler                    
0000a4d4  send_periodic_data                     
0000a61c  update_last_telecommand_status         
0000a75e  __mspabi_fltlid                        
0000a89a  fsp_encode                             
0000aa6c  vTaskPriorityInherit                   
0000ab06  ltoa                                   
0000ab9c  rush_experiment_log                    
0000ac2e  vTaskGetInfo                           
0000ade0  vPortFree                              
0000ae70  xTaskPriorityDisinherit                
0000af00  i2c_receive_burst                      
0000af8e  vTaskResume                            
0000b01a  xTaskCreate                            
0000b0a4  xTaskGetHandle                         
0000b12c  send_command_packet                    
0000b1b2  xTaskRemoveFromEventList               
0000b238  get_last_write_pointer                 
0000b2b6  mmcReadBlock                           
0000b334  mmcWriteBlock                          
0000b3b2  receive_packet                         
0000b430  eTaskGetState                          
0000b4aa  __TI_auto_init_nobinit_nopinit_hold_wdt
0000b59a  __TI_decompress_lzss                   
0000b610  decode_request_data_telecommand        
0000b684  decode_telecommand                     
0000b76a  i2c_send_burst                         
0000b7da  mmcGoIdle                              
0000b84a  leave_hibernation                      
0000b8b4  rush_experiment_perform                
0000b91c  rush_read                              
0000b984  try_to_receive                         
0000b9ec  __mspabi_fixdli                        
0000bab8  atoi                                   
0000bb1a  mmc_write_sector                       
0000bbde  rush_power_state                       
0000bc3e  rush_write                             
0000bc9c  update_last_read_position              
0000bcfa  send_data_packet                       
0000bd56  mmcCheckBusy                           
0000bdb0  rf4463_set_config                      
0000be62  rf4463_tx_packet                       
0000beba  __mspabi_divul                         
0000beba  __mspabi_remul                         
0000bf12  uart_setup                             
0000bf6a  vTaskStartScheduler                    
0000bfc2  xQueueGenericCreate                    
0000c01a  vListInsert                            
0000c06e  ngham_ActionHandlePacket               
0000c0c0  send_data                              
0000c112  calculate_read_position                
0000c162  mmcSendCmd                             
0000c1b2  mmcSetBlockLength                      
0000c202  rf4463_set_properties                  
0000c252  wdt_task                               
0000c2f0  fsp_gen_pkt                            
0000c33e  mmcInit                                
0000c38c  runtime_stats_task                     
0000c3da  send_shutdown                          
0000c428  rf4463_get_cmd                         
0000c474  spiSendFrame                           
0000c4be  get_last_read_pointer                  
0000c506  setup_hardware                         
0000c54e  update_time_counter                    
0000c596  mmc_read_sector                        
0000c5dc  restore_time_counter                   
0000c620  spiReadFrame                           
0000c664  sprintf                                
0000c6a8  sspi_send_bit                          
0000c6ec  ngham_TxPktGen                         
0000c72c  __mspabi_divli                         
0000c72c  __mspabi_remli                         
0000c76c  update_reset_value                     
0000c7ac  fsp_gen_cmd_pkt                        
0000c7ea  i2c_setup                              
0000c828  __mspabi_sral_15                       
0000c82c  __mspabi_sral_14                       
0000c830  __mspabi_sral_13                       
0000c834  __mspabi_sral_12                       
0000c838  __mspabi_sral_11                       
0000c83c  __mspabi_sral_10                       
0000c840  __mspabi_sral_9                        
0000c844  __mspabi_sral_8                        
0000c848  __mspabi_sral_7                        
0000c84c  __mspabi_sral_6                        
0000c850  __mspabi_sral_5                        
0000c854  __mspabi_sral_4                        
0000c858  __mspabi_sral_3                        
0000c85c  __mspabi_sral_2                        
0000c860  __mspabi_sral_1                        
0000c866  __mspabi_slll_15                       
0000c86a  __mspabi_slll_14                       
0000c86e  __mspabi_slll_13                       
0000c872  __mspabi_slll_12                       
0000c876  __mspabi_slll_11                       
0000c87a  __mspabi_slll_10                       
0000c87e  __mspabi_slll_9                        
0000c882  __mspabi_slll_8                        
0000c886  __mspabi_slll_7                        
0000c88a  __mspabi_slll_6                        
0000c88e  __mspabi_slll_5                        
0000c892  __mspabi_slll_4                        
0000c896  __mspabi_slll_3                        
0000c89a  __mspabi_slll_2                        
0000c89e  __mspabi_slll_1                        
0000c8a4  __mspabi_srll_15                       
0000c8a8  __mspabi_srll_14                       
0000c8ac  __mspabi_srll_13                       
0000c8b0  __mspabi_srll_12                       
0000c8b4  __mspabi_srll_11                       
0000c8b8  __mspabi_srll_10                       
0000c8bc  __mspabi_srll_9                        
0000c8c0  __mspabi_srll_8                        
0000c8c4  __mspabi_srll_7                        
0000c8c8  __mspabi_srll_6                        
0000c8cc  __mspabi_srll_5                        
0000c8d0  __mspabi_srll_4                        
0000c8d4  __mspabi_srll_3                        
0000c8d8  __mspabi_srll_2                        
0000c8dc  __mspabi_srll_1                        
0000c8e2  read_current_state                     
0000c920  rf4463_power_on_reset                  
0000c95e  memcpy                                 
0000c99a  ngham_RxPktInit                        
0000c9d6  request_antenna_mutex                  
0000ca12  __mspabi_sllll                         
0000ca4c  __mspabi_srlll                         
0000cac0  uxListRemove                           
0000cafa  pack_module_data                       
0000cb32  rf4463_check_cts                       
0000cb6a  rf4463_reg_config                      
0000cba2  rf4463_check_device                    
0000cbd8  sspi_tx                                
0000cc0e  update_operation_mode                  
0000cc44  crc16_CCITT                            
0000cc78  memcmp                                 
0000cce0  rf4463_enter_rx_mode                   
0000cd14  vTaskDelay                             
0000cd48  __mspabi_subd                          
0000cd7a  ngham_ActionSendData                   
0000cdde  rf4463_set_tx_power                    
0000ce10  rush_overtemperature_check             
0000ce42  rf4463_read_rx_fifo                    
0000ce72  rf4463_set_cmd                         
0000cea2  send_mutex_request                     
0000ced2  vTaskPlaceOnEventList                  
0000cf02  __mspabi_negd                          
0000cf30  copysign                               
0000cf30  copysignl                              
0000cf5e  i2c_set_clock                          
0000cfe8  ngham_CRC_CCITT                        
0000d040  vListInitialise                        
0000d096  rf4463_rx_init                         
0000d0c0  rf4463_wait_packet_sent                
0000d0ea  __mspabi_fixdi                         
0000d13a  fsp_gen_data_pkt                       
0000d162  i2c_pin_reset                          
0000d1b2  rf4463_enter_tx_mode                   
0000d1da  rf4463_set_rx_interrupt                
0000d202  rf4463_write_tx_fifo                   
0000d22a  wcslen                                 
0000d252  xTaskGetTickCount                      
0000d27a  rf4463_clear_interrupts                
0000d2a0  spi_rx_multiple                        
0000d2c6  vApplicationSetupTimerInterrupt        
0000d2c6  vPortSetupTimerInterrupt               
0000d2ec  vListInsertEnd                         
0000d312  __TI_zero_init                         
0000d336  mmcGetResponse                         
0000d35a  pxPortInitialiseStack                  
0000d37e  rf4463_init                            
0000d3a2  __mspabi_mpyl_f5hw                     
0000d3c6  mmcGetXXResponse                       
0000d40a  spi_tx_multiple                        
0000d42c  sspi_rx_multiple                       
0000d44e  vTaskSetTimeOutState                   
0000d470  wdti_setup                             
0000d492  memset                                 
0000d4b2  spi_setup                              
0000d4d2  memccpy                                
0000d4f0  sspi_tx_multiple                       
0000d50e  halSPISetup                            
0000d52a  pvTaskIncrementMutexHeldCount          
0000d546  rf4463_gpio_init                       
0000d562  strchr                                 
0000d57e  gpio_setup                             
0000d598  spi_tx                                 
0000d5b2  rf4463_fifo_reset                      
0000d5ca  __mspabi_mpyi_f5hw                     
0000d5e2  xQueueCreateMutex                      
0000d5fa  xTaskGetSchedulerState                 
0000d612  __TI_decompress_none                   
0000d654  rf4463_enter_standby_mode              
0000d66a  __mspabi_divu                          
0000d66a  __mspabi_remu                          
0000d694  spiSendByte                            
0000d6a8  wdti_release_counter                   
0000d6bc  encode_rs_char                         
0000d6ce  rf4463_rx_packet                       
0000d6e0  strcpy                                 
0000d6f2  strlen                                 
0000d704  toupper                                
0000d716  __mspabi_sral                          
0000d726  __mspabi_slll                          
0000d736  __mspabi_srll                          
0000d746  main                                   
0000d756  rf4463_spi_read                        
0000d766  rf4463_spi_write                       
0000d776  vConfigureTimerForRunTimeStats         
0000d786  wdti_hold_counter                      
0000d796  wdti_reset_counter                     
0000d7a6  wait_for_buffer_empty                  
0000d7b4  wait_for_data_sent                     
0000d7c2  __mspabi_fltid                         
0000d7ce  i2c_set_mode                           
0000d7da  i2c_set_slave                          
0000d7e6  rf4463_spi_transfer                    
0000d7f2  rf4463_wait_nIRQ                       
0000d7fe  set_hibernation_period_min             
0000d80a  abs                                    
0000d814  fsp_init                               
0000d81e  get_hibernation_period_min             
0000d828  mmc_setup                              
0000d832  ngham_Init                             
0000d83c  obdh_current_read                      
0000d846  obdh_temperature_read                  
0000d850  read_reset_value                       
0000d85a  read_time_counter                      
0000d864  read_time_state_changed                
0000d86e  __mspabi_srli                          
0000d878  rush_setup                             
0000d882  vApplicationIdleHook                   
0000d88c  vApplicationMallocFailedHook           
0000d896  vApplicationStackOverflowHook          
0000d8a0  obdh_voltage_read                      
0000d8a8  read_reset_cause                       
0000d8b0  rush_delay_ms                          
0000d8b8  vListInitialiseItem                    
0000d8c0  C$$EXIT                                
0000d8c0  abort                                  
0000d8c6  flash_read_long                        
0000d8cc  fsp_reset                              
0000d8d2  rf4463_power_up                        
0000d8d8  rf4463_shutdown                        
0000d8de  rf4463_slave_disable                   
0000d8e4  rf4463_slave_enable                    
0000d8ea  system_reboot                          
0000d8f0  vTaskMissedYield                       
0000d8f6  vTaskSuspendAll                        
0000d8fc  _system_pre_init                       
0000d900  flash_read_single                      
0000d904  ngham_ActionGetNoiseFloor              
0000d908  ngham_ActionGetRSSI                    
0000d90c  read_fault_flags                       
0000d910  _system_post_cinit                     
0000d912  flash_erase                            
0000d914  flash_write_long                       
0000d916  flash_write_single                     
0000d918  ngham_ActionReceptionHalfway           
0000d91a  ngham_ActionReceptionStarted           
0000d91c  ngham_ActionSetPacketSize              
0000d91e  crc_ccitt_table                        
0000db1e  RF4463_CONFIGURATION_DATA              
0000dc8a  _ctypes_                               
0000dd8c  ccsds_poly                             
0000dffa  NGH_SIZE_TAG                           
0000e04e  NGH_PAR_SIZE                           
0000e056  NGH_PL_PAR_SIZE                        
0000e05e  NGH_PL_SIZE                            
0000e066  NGH_PL_SIZE_FULL                       
0000e06e  NGH_PREAMBLE                           
0000e06f  NGH_PREAMBLE_FOUR_LEVEL                
0000e074  NGH_SYNC                               
0000e084  __TI_Handler_Table_Base                
0000e090  __TI_Handler_Table_Limit               
0000e096  __TI_CINIT_Base                        
0000e0a6  __TI_CINIT_Limit                       
0000ffcc  __TI_int30                             
0000ffce  __TI_int31                             
0000ffd0  __TI_int32                             
0000ffd2  __TI_int33                             
0000ffd4  __TI_int34                             
0000ffd6  __TI_int35                             
0000ffd8  __TI_int36                             
0000ffda  __TI_int37                             
0000ffdc  __TI_int38                             
0000ffde  __TI_int39                             
0000ffe0  __TI_int40                             
0000ffe2  __TI_int41                             
0000ffe4  __TI_int42                             
0000ffe6  __TI_int43                             
0000ffe8  __TI_int44                             
0000ffea  __TI_int45                             
0000ffec  __TI_int46                             
0000ffee  __TI_int47                             
0000fff0  __TI_int48                             
0000fff2  __TI_int49                             
0000fff4  __TI_int50                             
0000fff6  __TI_int51                             
0000fff8  __TI_int52                             
0000fffa  __TI_int53                             
0000fffc  __TI_int54                             
0000fffe  _reset_vector                          
00010000  __TI_frcdivd                           
00010466  __mspabi_divull                        
00010a9a  __mspabi_addd                          
00010d7a  housekeeping_task                      
00011032  __TI_printfi                           
000112e0  ngham_Encode                           
0001156a  __TI_frcmpyd                           
00011a52  __mspabi_mpyd                          
00011cb8  __TI_frcaddd                           
00011f00  get_packet                             
00012142  create_tasks                           
00012370  payload_rush_interface_task            
000127c2  __mspabi_divd                          
00012bf0  read_and_pack_data                     
00012ddc  xQueueGenericReceive                   
000131ac  ngham_Decode                           
0001354a  send_requested_data                    
000138a4  adc_read                               
00013a4e  xQueueGenericSend                      
00013d56  vTaskGetRunTimeStats                   
00013ec4  vTaskSwitchContext                     
00013ff2  rf4463_wait_gpio1                      
ffffffff  __TI_pprof_out_hndl                    
ffffffff  __TI_prof_data_size                    
ffffffff  __TI_prof_data_start                   
ffffffff  __c_args__                             

[1194 symbols]
