<?xml version="1.0" encoding="ISO-8859-1" ?>
<link_info>
   <banner>MSP430 Linker Unix v18.12.2.LTS</banner>
   <copyright>Copyright (c) 2003-2018 Texas Instruments Incorporated</copyright>
   <link_time>0x5d5efbde</link_time>
   <link_errors>0x0</link_errors>
   <output_file>floripasat.out</output_file>
   <entry_point>
      <name>_c_int00_noargs</name>
      <address>0x8000</address>
   </entry_point>
   <input_file_list>
      <input_file id="fl-2">
         <path>./</path>
         <kind>object</kind>
         <file>main.obj</file>
         <name>main.obj</name>
      </input_file>
      <input_file id="fl-3">
         <path>./CCS_Only/</path>
         <kind>object</kind>
         <file>RegTest.obj</file>
         <name>RegTest.obj</name>
      </input_file>
      <input_file id="fl-4">
         <path>./FreeRTOS_Source/</path>
         <kind>object</kind>
         <file>croutine.obj</file>
         <name>croutine.obj</name>
      </input_file>
      <input_file id="fl-5">
         <path>./FreeRTOS_Source/</path>
         <kind>object</kind>
         <file>event_groups.obj</file>
         <name>event_groups.obj</name>
      </input_file>
      <input_file id="fl-6">
         <path>./FreeRTOS_Source/</path>
         <kind>object</kind>
         <file>list.obj</file>
         <name>list.obj</name>
      </input_file>
      <input_file id="fl-7">
         <path>./FreeRTOS_Source/</path>
         <kind>object</kind>
         <file>queue.obj</file>
         <name>queue.obj</name>
      </input_file>
      <input_file id="fl-8">
         <path>./FreeRTOS_Source/</path>
         <kind>object</kind>
         <file>tasks.obj</file>
         <name>tasks.obj</name>
      </input_file>
      <input_file id="fl-9">
         <path>./FreeRTOS_Source/</path>
         <kind>object</kind>
         <file>timers.obj</file>
         <name>timers.obj</name>
      </input_file>
      <input_file id="fl-a">
         <path>./FreeRTOS_Source/portable/CCS/MSP430X/</path>
         <kind>object</kind>
         <file>port.obj</file>
         <name>port.obj</name>
      </input_file>
      <input_file id="fl-b">
         <path>./FreeRTOS_Source/portable/CCS/MSP430X/</path>
         <kind>object</kind>
         <file>portext.obj</file>
         <name>portext.obj</name>
      </input_file>
      <input_file id="fl-c">
         <path>./FreeRTOS_Source/portable/MemMang/</path>
         <kind>object</kind>
         <file>heap_1.obj</file>
         <name>heap_1.obj</name>
      </input_file>
      <input_file id="fl-d">
         <path>./driver/</path>
         <kind>object</kind>
         <file>adc.obj</file>
         <name>adc.obj</name>
      </input_file>
      <input_file id="fl-e">
         <path>./driver/</path>
         <kind>object</kind>
         <file>flash.obj</file>
         <name>flash.obj</name>
      </input_file>
      <input_file id="fl-f">
         <path>./driver/</path>
         <kind>object</kind>
         <file>i2c.obj</file>
         <name>i2c.obj</name>
      </input_file>
      <input_file id="fl-10">
         <path>./driver/</path>
         <kind>object</kind>
         <file>spi.obj</file>
         <name>spi.obj</name>
      </input_file>
      <input_file id="fl-11">
         <path>./driver/</path>
         <kind>object</kind>
         <file>wdti.obj</file>
         <name>wdti.obj</name>
      </input_file>
      <input_file id="fl-12">
         <path>./include/</path>
         <kind>object</kind>
         <file>msp_internal.obj</file>
         <name>msp_internal.obj</name>
      </input_file>
      <input_file id="fl-13">
         <path>./include/</path>
         <kind>object</kind>
         <file>obdh.obj</file>
         <name>obdh.obj</name>
      </input_file>
      <input_file id="fl-14">
         <path>./interface/</path>
         <kind>object</kind>
         <file>eps.obj</file>
         <name>eps.obj</name>
      </input_file>
      <input_file id="fl-15">
         <path>./interface/</path>
         <kind>object</kind>
         <file>payload_rush.obj</file>
         <name>payload_rush.obj</name>
      </input_file>
      <input_file id="fl-16">
         <path>./interface/</path>
         <kind>object</kind>
         <file>solar_panel.obj</file>
         <name>solar_panel.obj</name>
      </input_file>
      <input_file id="fl-17">
         <path>./interface/</path>
         <kind>object</kind>
         <file>ttc.obj</file>
         <name>ttc.obj</name>
      </input_file>
      <input_file id="fl-18">
         <path>./libs/ngham/</path>
         <kind>object</kind>
         <file>ccsds_scrambler.obj</file>
         <name>ccsds_scrambler.obj</name>
      </input_file>
      <input_file id="fl-19">
         <path>./libs/ngham/</path>
         <kind>object</kind>
         <file>crc_ccitt.obj</file>
         <name>crc_ccitt.obj</name>
      </input_file>
      <input_file id="fl-1a">
         <path>./libs/ngham/</path>
         <kind>object</kind>
         <file>fec.obj</file>
         <name>fec.obj</name>
      </input_file>
      <input_file id="fl-1b">
         <path>./libs/ngham/</path>
         <kind>object</kind>
         <file>ngham.obj</file>
         <name>ngham.obj</name>
      </input_file>
      <input_file id="fl-1c">
         <path>./libs/ngham/</path>
         <kind>object</kind>
         <file>ngham_extension.obj</file>
         <name>ngham_extension.obj</name>
      </input_file>
      <input_file id="fl-1d">
         <path>./libs/ngham/</path>
         <kind>object</kind>
         <file>ngham_packets.obj</file>
         <name>ngham_packets.obj</name>
      </input_file>
      <input_file id="fl-1e">
         <path>./libs/ngham/platform/</path>
         <kind>object</kind>
         <file>platform.obj</file>
         <name>platform.obj</name>
      </input_file>
      <input_file id="fl-1f">
         <path>./rf4463/</path>
         <kind>object</kind>
         <file>rf4463.obj</file>
         <name>rf4463.obj</name>
      </input_file>
      <input_file id="fl-20">
         <path>./rf4463/</path>
         <kind>object</kind>
         <file>rf4463_spi.obj</file>
         <name>rf4463_spi.obj</name>
      </input_file>
      <input_file id="fl-21">
         <path>./src/</path>
         <kind>object</kind>
         <file>communications_task.obj</file>
         <name>communications_task.obj</name>
      </input_file>
      <input_file id="fl-22">
         <path>./src/</path>
         <kind>object</kind>
         <file>housekeeping_task.obj</file>
         <name>housekeeping_task.obj</name>
      </input_file>
      <input_file id="fl-23">
         <path>./src/</path>
         <kind>object</kind>
         <file>payload_rush_interface_task.obj</file>
         <name>payload_rush_interface_task.obj</name>
      </input_file>
      <input_file id="fl-24">
         <path>./src/</path>
         <kind>object</kind>
         <file>store_data_task.obj</file>
         <name>store_data_task.obj</name>
      </input_file>
      <input_file id="fl-25">
         <path>./src/</path>
         <kind>object</kind>
         <file>ttc_interface_task.obj</file>
         <name>ttc_interface_task.obj</name>
      </input_file>
      <input_file id="fl-26">
         <path>./src/</path>
         <kind>object</kind>
         <file>wdt_task.obj</file>
         <name>wdt_task.obj</name>
      </input_file>
      <input_file id="fl-27">
         <path>./util/MMC_lib/</path>
         <kind>object</kind>
         <file>hal_SPI.obj</file>
         <name>hal_SPI.obj</name>
      </input_file>
      <input_file id="fl-28">
         <path>./util/MMC_lib/</path>
         <kind>object</kind>
         <file>mmc.obj</file>
         <name>mmc.obj</name>
      </input_file>
      <input_file id="fl-29">
         <path>./util/</path>
         <kind>object</kind>
         <file>crc.obj</file>
         <name>crc.obj</name>
      </input_file>
      <input_file id="fl-2a">
         <path>./util/</path>
         <kind>object</kind>
         <file>link.obj</file>
         <name>link.obj</name>
      </input_file>
      <input_file id="fl-2b">
         <path>./util/</path>
         <kind>object</kind>
         <file>misc.obj</file>
         <name>misc.obj</name>
      </input_file>
      <input_file id="fl-2c">
         <path>./util/</path>
         <kind>object</kind>
         <file>sspi.obj</file>
         <name>sspi.obj</name>
      </input_file>
      <input_file id="fl-2d">
         <path>./util/fsp/</path>
         <kind>object</kind>
         <file>crc16.obj</file>
         <name>crc16.obj</name>
      </input_file>
      <input_file id="fl-2e">
         <path>./util/fsp/</path>
         <kind>object</kind>
         <file>fsp.obj</file>
         <name>fsp.obj</name>
      </input_file>
      <input_file id="fl-34">
         <kind>object</kind>
         <file>&lt;internal&gt;</file>
         <name>&lt;internal&gt;</name>
      </input_file>
      <input_file id="fl-4f">
         <path>/home/junior/ti/ccs910/ccs/tools/compiler/ti-cgt-msp430_18.12.2.LTS/lib/</path>
         <kind>archive</kind>
         <file>rts430x_lc_ld_eabi.lib</file>
         <name>copy_decompress_lzss.c.obj</name>
      </input_file>
      <input_file id="fl-50">
         <path>/home/junior/ti/ccs910/ccs/tools/compiler/ti-cgt-msp430_18.12.2.LTS/lib/</path>
         <kind>archive</kind>
         <file>rts430x_lc_ld_eabi.lib</file>
         <name>copy_decompress_none.c.obj</name>
      </input_file>
      <input_file id="fl-51">
         <path>/home/junior/ti/ccs910/ccs/tools/compiler/ti-cgt-msp430_18.12.2.LTS/lib/</path>
         <kind>archive</kind>
         <file>rts430x_lc_ld_eabi.lib</file>
         <name>int30.asm.obj</name>
      </input_file>
      <input_file id="fl-52">
         <path>/home/junior/ti/ccs910/ccs/tools/compiler/ti-cgt-msp430_18.12.2.LTS/lib/</path>
         <kind>archive</kind>
         <file>rts430x_lc_ld_eabi.lib</file>
         <name>isr_trap.asm.obj</name>
      </input_file>
      <input_file id="fl-53">
         <path>/home/junior/ti/ccs910/ccs/tools/compiler/ti-cgt-msp430_18.12.2.LTS/lib/</path>
         <kind>archive</kind>
         <file>rts430x_lc_ld_eabi.lib</file>
         <name>int31.asm.obj</name>
      </input_file>
      <input_file id="fl-54">
         <path>/home/junior/ti/ccs910/ccs/tools/compiler/ti-cgt-msp430_18.12.2.LTS/lib/</path>
         <kind>archive</kind>
         <file>rts430x_lc_ld_eabi.lib</file>
         <name>int32.asm.obj</name>
      </input_file>
      <input_file id="fl-55">
         <path>/home/junior/ti/ccs910/ccs/tools/compiler/ti-cgt-msp430_18.12.2.LTS/lib/</path>
         <kind>archive</kind>
         <file>rts430x_lc_ld_eabi.lib</file>
         <name>int33.asm.obj</name>
      </input_file>
      <input_file id="fl-56">
         <path>/home/junior/ti/ccs910/ccs/tools/compiler/ti-cgt-msp430_18.12.2.LTS/lib/</path>
         <kind>archive</kind>
         <file>rts430x_lc_ld_eabi.lib</file>
         <name>int34.asm.obj</name>
      </input_file>
      <input_file id="fl-57">
         <path>/home/junior/ti/ccs910/ccs/tools/compiler/ti-cgt-msp430_18.12.2.LTS/lib/</path>
         <kind>archive</kind>
         <file>rts430x_lc_ld_eabi.lib</file>
         <name>int35.asm.obj</name>
      </input_file>
      <input_file id="fl-58">
         <path>/home/junior/ti/ccs910/ccs/tools/compiler/ti-cgt-msp430_18.12.2.LTS/lib/</path>
         <kind>archive</kind>
         <file>rts430x_lc_ld_eabi.lib</file>
         <name>int36.asm.obj</name>
      </input_file>
      <input_file id="fl-59">
         <path>/home/junior/ti/ccs910/ccs/tools/compiler/ti-cgt-msp430_18.12.2.LTS/lib/</path>
         <kind>archive</kind>
         <file>rts430x_lc_ld_eabi.lib</file>
         <name>int37.asm.obj</name>
      </input_file>
      <input_file id="fl-5a">
         <path>/home/junior/ti/ccs910/ccs/tools/compiler/ti-cgt-msp430_18.12.2.LTS/lib/</path>
         <kind>archive</kind>
         <file>rts430x_lc_ld_eabi.lib</file>
         <name>int38.asm.obj</name>
      </input_file>
      <input_file id="fl-5b">
         <path>/home/junior/ti/ccs910/ccs/tools/compiler/ti-cgt-msp430_18.12.2.LTS/lib/</path>
         <kind>archive</kind>
         <file>rts430x_lc_ld_eabi.lib</file>
         <name>int39.asm.obj</name>
      </input_file>
      <input_file id="fl-5c">
         <path>/home/junior/ti/ccs910/ccs/tools/compiler/ti-cgt-msp430_18.12.2.LTS/lib/</path>
         <kind>archive</kind>
         <file>rts430x_lc_ld_eabi.lib</file>
         <name>int40.asm.obj</name>
      </input_file>
      <input_file id="fl-5d">
         <path>/home/junior/ti/ccs910/ccs/tools/compiler/ti-cgt-msp430_18.12.2.LTS/lib/</path>
         <kind>archive</kind>
         <file>rts430x_lc_ld_eabi.lib</file>
         <name>int41.asm.obj</name>
      </input_file>
      <input_file id="fl-5e">
         <path>/home/junior/ti/ccs910/ccs/tools/compiler/ti-cgt-msp430_18.12.2.LTS/lib/</path>
         <kind>archive</kind>
         <file>rts430x_lc_ld_eabi.lib</file>
         <name>int42.asm.obj</name>
      </input_file>
      <input_file id="fl-5f">
         <path>/home/junior/ti/ccs910/ccs/tools/compiler/ti-cgt-msp430_18.12.2.LTS/lib/</path>
         <kind>archive</kind>
         <file>rts430x_lc_ld_eabi.lib</file>
         <name>int43.asm.obj</name>
      </input_file>
      <input_file id="fl-60">
         <path>/home/junior/ti/ccs910/ccs/tools/compiler/ti-cgt-msp430_18.12.2.LTS/lib/</path>
         <kind>archive</kind>
         <file>rts430x_lc_ld_eabi.lib</file>
         <name>int44.asm.obj</name>
      </input_file>
      <input_file id="fl-61">
         <path>/home/junior/ti/ccs910/ccs/tools/compiler/ti-cgt-msp430_18.12.2.LTS/lib/</path>
         <kind>archive</kind>
         <file>rts430x_lc_ld_eabi.lib</file>
         <name>int46.asm.obj</name>
      </input_file>
      <input_file id="fl-62">
         <path>/home/junior/ti/ccs910/ccs/tools/compiler/ti-cgt-msp430_18.12.2.LTS/lib/</path>
         <kind>archive</kind>
         <file>rts430x_lc_ld_eabi.lib</file>
         <name>int47.asm.obj</name>
      </input_file>
      <input_file id="fl-63">
         <path>/home/junior/ti/ccs910/ccs/tools/compiler/ti-cgt-msp430_18.12.2.LTS/lib/</path>
         <kind>archive</kind>
         <file>rts430x_lc_ld_eabi.lib</file>
         <name>int48.asm.obj</name>
      </input_file>
      <input_file id="fl-64">
         <path>/home/junior/ti/ccs910/ccs/tools/compiler/ti-cgt-msp430_18.12.2.LTS/lib/</path>
         <kind>archive</kind>
         <file>rts430x_lc_ld_eabi.lib</file>
         <name>int50.asm.obj</name>
      </input_file>
      <input_file id="fl-65">
         <path>/home/junior/ti/ccs910/ccs/tools/compiler/ti-cgt-msp430_18.12.2.LTS/lib/</path>
         <kind>archive</kind>
         <file>rts430x_lc_ld_eabi.lib</file>
         <name>int51.asm.obj</name>
      </input_file>
      <input_file id="fl-66">
         <path>/home/junior/ti/ccs910/ccs/tools/compiler/ti-cgt-msp430_18.12.2.LTS/lib/</path>
         <kind>archive</kind>
         <file>rts430x_lc_ld_eabi.lib</file>
         <name>int52.asm.obj</name>
      </input_file>
      <input_file id="fl-67">
         <path>/home/junior/ti/ccs910/ccs/tools/compiler/ti-cgt-msp430_18.12.2.LTS/lib/</path>
         <kind>archive</kind>
         <file>rts430x_lc_ld_eabi.lib</file>
         <name>int53.asm.obj</name>
      </input_file>
      <input_file id="fl-68">
         <path>/home/junior/ti/ccs910/ccs/tools/compiler/ti-cgt-msp430_18.12.2.LTS/lib/</path>
         <kind>archive</kind>
         <file>rts430x_lc_ld_eabi.lib</file>
         <name>int54.asm.obj</name>
      </input_file>
      <input_file id="fl-69">
         <path>/home/junior/ti/ccs910/ccs/tools/compiler/ti-cgt-msp430_18.12.2.LTS/lib/</path>
         <kind>archive</kind>
         <file>rts430x_lc_ld_eabi.lib</file>
         <name>copy_zero_init.c.obj</name>
      </input_file>
      <input_file id="fl-6a">
         <path>/home/junior/ti/ccs910/ccs/tools/compiler/ti-cgt-msp430_18.12.2.LTS/lib/</path>
         <kind>archive</kind>
         <file>rts430x_lc_ld_eabi.lib</file>
         <name>addd.c.obj</name>
      </input_file>
      <input_file id="fl-6b">
         <path>/home/junior/ti/ccs910/ccs/tools/compiler/ti-cgt-msp430_18.12.2.LTS/lib/</path>
         <kind>archive</kind>
         <file>rts430x_lc_ld_eabi.lib</file>
         <name>frcaddd.c.obj</name>
      </input_file>
      <input_file id="fl-6c">
         <path>/home/junior/ti/ccs910/ccs/tools/compiler/ti-cgt-msp430_18.12.2.LTS/lib/</path>
         <kind>archive</kind>
         <file>rts430x_lc_ld_eabi.lib</file>
         <name>renormd.c.obj</name>
      </input_file>
      <input_file id="fl-6d">
         <path>/home/junior/ti/ccs910/ccs/tools/compiler/ti-cgt-msp430_18.12.2.LTS/lib/</path>
         <kind>archive</kind>
         <file>rts430x_lc_ld_eabi.lib</file>
         <name>fs_add.asm.obj</name>
      </input_file>
      <input_file id="fl-6e">
         <path>/home/junior/ti/ccs910/ccs/tools/compiler/ti-cgt-msp430_18.12.2.LTS/lib/</path>
         <kind>archive</kind>
         <file>rts430x_lc_ld_eabi.lib</file>
         <name>cvtdf.c.obj</name>
      </input_file>
      <input_file id="fl-6f">
         <path>/home/junior/ti/ccs910/ccs/tools/compiler/ti-cgt-msp430_18.12.2.LTS/lib/</path>
         <kind>archive</kind>
         <file>rts430x_lc_ld_eabi.lib</file>
         <name>cvtfd.c.obj</name>
      </input_file>
      <input_file id="fl-70">
         <path>/home/junior/ti/ccs910/ccs/tools/compiler/ti-cgt-msp430_18.12.2.LTS/lib/</path>
         <kind>archive</kind>
         <file>rts430x_lc_ld_eabi.lib</file>
         <name>divd.c.obj</name>
      </input_file>
      <input_file id="fl-71">
         <path>/home/junior/ti/ccs910/ccs/tools/compiler/ti-cgt-msp430_18.12.2.LTS/lib/</path>
         <kind>archive</kind>
         <file>rts430x_lc_ld_eabi.lib</file>
         <name>frcdivd.c.obj</name>
      </input_file>
      <input_file id="fl-72">
         <path>/home/junior/ti/ccs910/ccs/tools/compiler/ti-cgt-msp430_18.12.2.LTS/lib/</path>
         <kind>archive</kind>
         <file>rts430x_lc_ld_eabi.lib</file>
         <name>fs_div.asm.obj</name>
      </input_file>
      <input_file id="fl-73">
         <path>/home/junior/ti/ccs910/ccs/tools/compiler/ti-cgt-msp430_18.12.2.LTS/lib/</path>
         <kind>archive</kind>
         <file>rts430x_lc_ld_eabi.lib</file>
         <name>div16s.asm.obj</name>
      </input_file>
      <input_file id="fl-74">
         <path>/home/junior/ti/ccs910/ccs/tools/compiler/ti-cgt-msp430_18.12.2.LTS/lib/</path>
         <kind>archive</kind>
         <file>rts430x_lc_ld_eabi.lib</file>
         <name>div16u.asm.obj</name>
      </input_file>
      <input_file id="fl-75">
         <path>/home/junior/ti/ccs910/ccs/tools/compiler/ti-cgt-msp430_18.12.2.LTS/lib/</path>
         <kind>archive</kind>
         <file>rts430x_lc_ld_eabi.lib</file>
         <name>div32u.asm.obj</name>
      </input_file>
      <input_file id="fl-76">
         <path>/home/junior/ti/ccs910/ccs/tools/compiler/ti-cgt-msp430_18.12.2.LTS/lib/</path>
         <kind>archive</kind>
         <file>rts430x_lc_ld_eabi.lib</file>
         <name>fs_ltof.asm.obj</name>
      </input_file>
      <input_file id="fl-77">
         <path>/home/junior/ti/ccs910/ccs/tools/compiler/ti-cgt-msp430_18.12.2.LTS/lib/</path>
         <kind>archive</kind>
         <file>rts430x_lc_ld_eabi.lib</file>
         <name>fltud.c.obj</name>
      </input_file>
      <input_file id="fl-78">
         <path>/home/junior/ti/ccs910/ccs/tools/compiler/ti-cgt-msp430_18.12.2.LTS/lib/</path>
         <kind>archive</kind>
         <file>rts430x_lc_ld_eabi.lib</file>
         <name>fs_utof.asm.obj</name>
      </input_file>
      <input_file id="fl-79">
         <path>/home/junior/ti/ccs910/ccs/tools/compiler/ti-cgt-msp430_18.12.2.LTS/lib/</path>
         <kind>archive</kind>
         <file>rts430x_lc_ld_eabi.lib</file>
         <name>fltuld.c.obj</name>
      </input_file>
      <input_file id="fl-7a">
         <path>/home/junior/ti/ccs910/ccs/tools/compiler/ti-cgt-msp430_18.12.2.LTS/lib/</path>
         <kind>archive</kind>
         <file>rts430x_lc_ld_eabi.lib</file>
         <name>mpyd.c.obj</name>
      </input_file>
      <input_file id="fl-7b">
         <path>/home/junior/ti/ccs910/ccs/tools/compiler/ti-cgt-msp430_18.12.2.LTS/lib/</path>
         <kind>archive</kind>
         <file>rts430x_lc_ld_eabi.lib</file>
         <name>frcmpyd.c.obj</name>
      </input_file>
      <input_file id="fl-7c">
         <path>/home/junior/ti/ccs910/ccs/tools/compiler/ti-cgt-msp430_18.12.2.LTS/lib/</path>
         <kind>archive</kind>
         <file>rts430x_lc_ld_eabi.lib</file>
         <name>fs_mpy.asm.obj</name>
      </input_file>
      <input_file id="fl-7d">
         <path>/home/junior/ti/ccs910/ccs/tools/compiler/ti-cgt-msp430_18.12.2.LTS/lib/</path>
         <kind>archive</kind>
         <file>rts430x_lc_ld_eabi.lib</file>
         <name>mult16.asm.obj</name>
      </input_file>
      <input_file id="fl-7e">
         <path>/home/junior/ti/ccs910/ccs/tools/compiler/ti-cgt-msp430_18.12.2.LTS/lib/</path>
         <kind>archive</kind>
         <file>rts430x_lc_ld_eabi.lib</file>
         <name>mult16_f5hw.asm.obj</name>
      </input_file>
      <input_file id="fl-7f">
         <path>/home/junior/ti/ccs910/ccs/tools/compiler/ti-cgt-msp430_18.12.2.LTS/lib/</path>
         <kind>archive</kind>
         <file>rts430x_lc_ld_eabi.lib</file>
         <name>mult32.asm.obj</name>
      </input_file>
      <input_file id="fl-80">
         <path>/home/junior/ti/ccs910/ccs/tools/compiler/ti-cgt-msp430_18.12.2.LTS/lib/</path>
         <kind>archive</kind>
         <file>rts430x_lc_ld_eabi.lib</file>
         <name>mult32_f5hw.asm.obj</name>
      </input_file>
      <input_file id="fl-81">
         <path>/home/junior/ti/ccs910/ccs/tools/compiler/ti-cgt-msp430_18.12.2.LTS/lib/</path>
         <kind>archive</kind>
         <file>rts430x_lc_ld_eabi.lib</file>
         <name>mult64_f5hw.asm.obj</name>
      </input_file>
      <input_file id="fl-82">
         <path>/home/junior/ti/ccs910/ccs/tools/compiler/ti-cgt-msp430_18.12.2.LTS/lib/</path>
         <kind>archive</kind>
         <file>rts430x_lc_ld_eabi.lib</file>
         <name>mult1632_f5hw.asm.obj</name>
      </input_file>
      <input_file id="fl-83">
         <path>/home/junior/ti/ccs910/ccs/tools/compiler/ti-cgt-msp430_18.12.2.LTS/lib/</path>
         <kind>archive</kind>
         <file>rts430x_lc_ld_eabi.lib</file>
         <name>mult3264_f5hw.asm.obj</name>
      </input_file>
      <input_file id="fl-84">
         <path>/home/junior/ti/ccs910/ccs/tools/compiler/ti-cgt-msp430_18.12.2.LTS/lib/</path>
         <kind>archive</kind>
         <file>rts430x_lc_ld_eabi.lib</file>
         <name>lsl32.asm.obj</name>
      </input_file>
      <input_file id="fl-85">
         <path>/home/junior/ti/ccs910/ccs/tools/compiler/ti-cgt-msp430_18.12.2.LTS/lib/</path>
         <kind>archive</kind>
         <file>rts430x_lc_ld_eabi.lib</file>
         <name>asr16.asm.obj</name>
      </input_file>
      <input_file id="fl-86">
         <path>/home/junior/ti/ccs910/ccs/tools/compiler/ti-cgt-msp430_18.12.2.LTS/lib/</path>
         <kind>archive</kind>
         <file>rts430x_lc_ld_eabi.lib</file>
         <name>asr32.asm.obj</name>
      </input_file>
      <input_file id="fl-87">
         <path>/home/junior/ti/ccs910/ccs/tools/compiler/ti-cgt-msp430_18.12.2.LTS/lib/</path>
         <kind>archive</kind>
         <file>rts430x_lc_ld_eabi.lib</file>
         <name>lsr16.asm.obj</name>
      </input_file>
      <input_file id="fl-88">
         <path>/home/junior/ti/ccs910/ccs/tools/compiler/ti-cgt-msp430_18.12.2.LTS/lib/</path>
         <kind>archive</kind>
         <file>rts430x_lc_ld_eabi.lib</file>
         <name>lsr32.asm.obj</name>
      </input_file>
      <input_file id="fl-89">
         <path>/home/junior/ti/ccs910/ccs/tools/compiler/ti-cgt-msp430_18.12.2.LTS/lib/</path>
         <kind>archive</kind>
         <file>rts430x_lc_ld_eabi.lib</file>
         <name>lsr64.c.obj</name>
      </input_file>
      <input_file id="fl-8a">
         <path>/home/junior/ti/ccs910/ccs/tools/compiler/ti-cgt-msp430_18.12.2.LTS/lib/</path>
         <kind>archive</kind>
         <file>rts430x_lc_ld_eabi.lib</file>
         <name>vla_alloc.c.obj</name>
      </input_file>
      <input_file id="fl-8b">
         <path>/home/junior/ti/ccs910/ccs/tools/compiler/ti-cgt-msp430_18.12.2.LTS/lib/</path>
         <kind>archive</kind>
         <file>rts430x_lc_ld_eabi.lib</file>
         <name>error.c.obj</name>
      </input_file>
      <input_file id="fl-8c">
         <path>/home/junior/ti/ccs910/ccs/tools/compiler/ti-cgt-msp430_18.12.2.LTS/lib/</path>
         <kind>archive</kind>
         <file>rts430x_lc_ld_eabi.lib</file>
         <name>boot.c.obj</name>
      </input_file>
      <input_file id="fl-8d">
         <path>/home/junior/ti/ccs910/ccs/tools/compiler/ti-cgt-msp430_18.12.2.LTS/lib/</path>
         <kind>archive</kind>
         <file>rts430x_lc_ld_eabi.lib</file>
         <name>mpu_init.c.obj</name>
      </input_file>
      <input_file id="fl-8e">
         <path>/home/junior/ti/ccs910/ccs/tools/compiler/ti-cgt-msp430_18.12.2.LTS/lib/</path>
         <kind>archive</kind>
         <file>rts430x_lc_ld_eabi.lib</file>
         <name>args_main.c.obj</name>
      </input_file>
      <input_file id="fl-8f">
         <path>/home/junior/ti/ccs910/ccs/tools/compiler/ti-cgt-msp430_18.12.2.LTS/lib/</path>
         <kind>archive</kind>
         <file>rts430x_lc_ld_eabi.lib</file>
         <name>autoinit.c.obj</name>
      </input_file>
      <input_file id="fl-90">
         <path>/home/junior/ti/ccs910/ccs/tools/compiler/ti-cgt-msp430_18.12.2.LTS/lib/</path>
         <kind>archive</kind>
         <file>rts430x_lc_ld_eabi.lib</file>
         <name>startup.c.obj</name>
      </input_file>
      <input_file id="fl-91">
         <path>/home/junior/ti/ccs910/ccs/tools/compiler/ti-cgt-msp430_18.12.2.LTS/lib/</path>
         <kind>archive</kind>
         <file>rts430x_lc_ld_eabi.lib</file>
         <name>pre_init.c.obj</name>
      </input_file>
      <input_file id="fl-92">
         <path>/home/junior/ti/ccs910/ccs/tools/compiler/ti-cgt-msp430_18.12.2.LTS/lib/</path>
         <kind>archive</kind>
         <file>rts430x_lc_ld_eabi.lib</file>
         <name>exit.c.obj</name>
      </input_file>
      <input_file id="fl-93">
         <path>/home/junior/ti/ccs910/ccs/tools/compiler/ti-cgt-msp430_18.12.2.LTS/lib/</path>
         <kind>archive</kind>
         <file>rts430x_lc_ld_eabi.lib</file>
         <name>exit_gvars.c.obj</name>
      </input_file>
      <input_file id="fl-94">
         <path>/home/junior/ti/ccs910/ccs/tools/compiler/ti-cgt-msp430_18.12.2.LTS/lib/</path>
         <kind>archive</kind>
         <file>rts430x_lc_ld_eabi.lib</file>
         <name>_lock.c.obj</name>
      </input_file>
      <input_file id="fl-95">
         <path>/home/junior/ti/ccs910/ccs/tools/compiler/ti-cgt-msp430_18.12.2.LTS/lib/</path>
         <kind>archive</kind>
         <file>rts430x_lc_ld_eabi.lib</file>
         <name>cpy_tbl.c.obj</name>
      </input_file>
      <input_file id="fl-96">
         <path>/home/junior/ti/ccs910/ccs/tools/compiler/ti-cgt-msp430_18.12.2.LTS/lib/</path>
         <kind>archive</kind>
         <file>rts430x_lc_ld_eabi.lib</file>
         <name>memory.c.obj</name>
      </input_file>
      <input_file id="fl-97">
         <path>/home/junior/ti/ccs910/ccs/tools/compiler/ti-cgt-msp430_18.12.2.LTS/lib/</path>
         <kind>archive</kind>
         <file>rts430x_lc_ld_eabi.lib</file>
         <name>memcmp.c.obj</name>
      </input_file>
      <input_file id="fl-98">
         <path>/home/junior/ti/ccs910/ccs/tools/compiler/ti-cgt-msp430_18.12.2.LTS/lib/</path>
         <kind>archive</kind>
         <file>rts430x_lc_ld_eabi.lib</file>
         <name>memcpy.c.obj</name>
      </input_file>
      <input_file id="fl-99">
         <path>/home/junior/ti/ccs910/ccs/tools/compiler/ti-cgt-msp430_18.12.2.LTS/lib/</path>
         <kind>archive</kind>
         <file>rts430x_lc_ld_eabi.lib</file>
         <name>memmov.c.obj</name>
      </input_file>
      <input_file id="fl-9a">
         <path>/home/junior/ti/ccs910/ccs/tools/compiler/ti-cgt-msp430_18.12.2.LTS/lib/</path>
         <kind>archive</kind>
         <file>rts430x_lc_ld_eabi.lib</file>
         <name>memset.c.obj</name>
      </input_file>
      <input_file id="fl-9b">
         <path>/home/junior/ti/ccs910/ccs/tools/compiler/ti-cgt-msp430_18.12.2.LTS/lib/</path>
         <kind>archive</kind>
         <file>rts430x_lc_ld_eabi.lib</file>
         <name>sprintf.c.obj</name>
      </input_file>
      <input_file id="fl-9c">
         <path>/home/junior/ti/ccs910/ccs/tools/compiler/ti-cgt-msp430_18.12.2.LTS/lib/</path>
         <kind>archive</kind>
         <file>rts430x_lc_ld_eabi.lib</file>
         <name>_printfi.c.obj</name>
      </input_file>
      <input_file id="fl-9d">
         <path>/home/junior/ti/ccs910/ccs/tools/compiler/ti-cgt-msp430_18.12.2.LTS/lib/</path>
         <kind>archive</kind>
         <file>rts430x_lc_ld_eabi.lib</file>
         <name>cmpd.c.obj</name>
      </input_file>
      <input_file id="fl-9e">
         <path>/home/junior/ti/ccs910/ccs/tools/compiler/ti-cgt-msp430_18.12.2.LTS/lib/</path>
         <kind>archive</kind>
         <file>rts430x_lc_ld_eabi.lib</file>
         <name>div64u.c.obj</name>
      </input_file>
      <input_file id="fl-9f">
         <path>/home/junior/ti/ccs910/ccs/tools/compiler/ti-cgt-msp430_18.12.2.LTS/lib/</path>
         <kind>archive</kind>
         <file>rts430x_lc_ld_eabi.lib</file>
         <name>fixdi.c.obj</name>
      </input_file>
      <input_file id="fl-a0">
         <path>/home/junior/ti/ccs910/ccs/tools/compiler/ti-cgt-msp430_18.12.2.LTS/lib/</path>
         <kind>archive</kind>
         <file>rts430x_lc_ld_eabi.lib</file>
         <name>fixdli.c.obj</name>
      </input_file>
      <input_file id="fl-a1">
         <path>/home/junior/ti/ccs910/ccs/tools/compiler/ti-cgt-msp430_18.12.2.LTS/lib/</path>
         <kind>archive</kind>
         <file>rts430x_lc_ld_eabi.lib</file>
         <name>fltid.c.obj</name>
      </input_file>
      <input_file id="fl-a2">
         <path>/home/junior/ti/ccs910/ccs/tools/compiler/ti-cgt-msp430_18.12.2.LTS/lib/</path>
         <kind>archive</kind>
         <file>rts430x_lc_ld_eabi.lib</file>
         <name>fltlid.c.obj</name>
      </input_file>
      <input_file id="fl-a3">
         <path>/home/junior/ti/ccs910/ccs/tools/compiler/ti-cgt-msp430_18.12.2.LTS/lib/</path>
         <kind>archive</kind>
         <file>rts430x_lc_ld_eabi.lib</file>
         <name>negd.c.obj</name>
      </input_file>
      <input_file id="fl-a4">
         <path>/home/junior/ti/ccs910/ccs/tools/compiler/ti-cgt-msp430_18.12.2.LTS/lib/</path>
         <kind>archive</kind>
         <file>rts430x_lc_ld_eabi.lib</file>
         <name>lsl64.c.obj</name>
      </input_file>
      <input_file id="fl-a5">
         <path>/home/junior/ti/ccs910/ccs/tools/compiler/ti-cgt-msp430_18.12.2.LTS/lib/</path>
         <kind>archive</kind>
         <file>rts430x_lc_ld_eabi.lib</file>
         <name>subd.c.obj</name>
      </input_file>
      <input_file id="fl-a6">
         <path>/home/junior/ti/ccs910/ccs/tools/compiler/ti-cgt-msp430_18.12.2.LTS/lib/</path>
         <kind>archive</kind>
         <file>rts430x_lc_ld_eabi.lib</file>
         <name>abs.c.obj</name>
      </input_file>
      <input_file id="fl-a7">
         <path>/home/junior/ti/ccs910/ccs/tools/compiler/ti-cgt-msp430_18.12.2.LTS/lib/</path>
         <kind>archive</kind>
         <file>rts430x_lc_ld_eabi.lib</file>
         <name>atoi.c.obj</name>
      </input_file>
      <input_file id="fl-a8">
         <path>/home/junior/ti/ccs910/ccs/tools/compiler/ti-cgt-msp430_18.12.2.LTS/lib/</path>
         <kind>archive</kind>
         <file>rts430x_lc_ld_eabi.lib</file>
         <name>ctype.c.obj</name>
      </input_file>
      <input_file id="fl-a9">
         <path>/home/junior/ti/ccs910/ccs/tools/compiler/ti-cgt-msp430_18.12.2.LTS/lib/</path>
         <kind>archive</kind>
         <file>rts430x_lc_ld_eabi.lib</file>
         <name>errno.c.obj</name>
      </input_file>
      <input_file id="fl-aa">
         <path>/home/junior/ti/ccs910/ccs/tools/compiler/ti-cgt-msp430_18.12.2.LTS/lib/</path>
         <kind>archive</kind>
         <file>rts430x_lc_ld_eabi.lib</file>
         <name>s_frexp.c.obj</name>
      </input_file>
      <input_file id="fl-ab">
         <path>/home/junior/ti/ccs910/ccs/tools/compiler/ti-cgt-msp430_18.12.2.LTS/lib/</path>
         <kind>archive</kind>
         <file>rts430x_lc_ld_eabi.lib</file>
         <name>s_scalbn.c.obj</name>
      </input_file>
      <input_file id="fl-ac">
         <path>/home/junior/ti/ccs910/ccs/tools/compiler/ti-cgt-msp430_18.12.2.LTS/lib/</path>
         <kind>archive</kind>
         <file>rts430x_lc_ld_eabi.lib</file>
         <name>s_copysign.c.obj</name>
      </input_file>
      <input_file id="fl-ad">
         <path>/home/junior/ti/ccs910/ccs/tools/compiler/ti-cgt-msp430_18.12.2.LTS/lib/</path>
         <kind>archive</kind>
         <file>rts430x_lc_ld_eabi.lib</file>
         <name>ltoa.c.obj</name>
      </input_file>
      <input_file id="fl-ae">
         <path>/home/junior/ti/ccs910/ccs/tools/compiler/ti-cgt-msp430_18.12.2.LTS/lib/</path>
         <kind>archive</kind>
         <file>rts430x_lc_ld_eabi.lib</file>
         <name>div32s.asm.obj</name>
      </input_file>
      <input_file id="fl-af">
         <path>/home/junior/ti/ccs910/ccs/tools/compiler/ti-cgt-msp430_18.12.2.LTS/lib/</path>
         <kind>archive</kind>
         <file>rts430x_lc_ld_eabi.lib</file>
         <name>memccpy.c.obj</name>
      </input_file>
      <input_file id="fl-b0">
         <path>/home/junior/ti/ccs910/ccs/tools/compiler/ti-cgt-msp430_18.12.2.LTS/lib/</path>
         <kind>archive</kind>
         <file>rts430x_lc_ld_eabi.lib</file>
         <name>strchr.c.obj</name>
      </input_file>
      <input_file id="fl-b1">
         <path>/home/junior/ti/ccs910/ccs/tools/compiler/ti-cgt-msp430_18.12.2.LTS/lib/</path>
         <kind>archive</kind>
         <file>rts430x_lc_ld_eabi.lib</file>
         <name>strlen.c.obj</name>
      </input_file>
      <input_file id="fl-b2">
         <path>/home/junior/ti/ccs910/ccs/tools/compiler/ti-cgt-msp430_18.12.2.LTS/lib/</path>
         <kind>archive</kind>
         <file>rts430x_lc_ld_eabi.lib</file>
         <name>toupper.c.obj</name>
      </input_file>
      <input_file id="fl-b3">
         <path>/home/junior/ti/ccs910/ccs/tools/compiler/ti-cgt-msp430_18.12.2.LTS/lib/</path>
         <kind>archive</kind>
         <file>rts430x_lc_ld_eabi.lib</file>
         <name>wcslen.c.obj</name>
      </input_file>
   </input_file_list>
   <object_component_list>
      <object_component id="oc-77b">
         <name>.TI.persistent:ucHeap</name>
         <load_address>0x4400</load_address>
         <run_address>0x4400</run_address>
         <size>0x3800</size>
         <input_file_ref idref="fl-2"/>
      </object_component>
      <object_component id="oc-3aa">
         <name>.sysmem</name>
         <load_address>0x7c00</load_address>
         <run_address>0x7c00</run_address>
         <size>0x8</size>
         <input_file_ref idref="fl-96"/>
      </object_component>
      <object_component id="oc-bc5">
         <name>.sysmem</name>
         <load_address>0x7c00</load_address>
         <run_address>0x7c00</run_address>
         <size>0x0</size>
      </object_component>
      <object_component id="oc-bc0">
         <name>__TI_handler_table</name>
         <load_address>0x8534</load_address>
         <run_address>0x8534</run_address>
         <size>0xc</size>
      </object_component>
      <object_component id="oc-bc3">
         <name>.cinit..data.load</name>
         <load_address>0x8540</load_address>
         <run_address>0x8540</run_address>
         <size>0xa</size>
      </object_component>
      <object_component id="oc-bc2">
         <name>.cinit..bss.load</name>
         <load_address>0x854a</load_address>
         <run_address>0x854a</run_address>
         <size>0x6</size>
      </object_component>
      <object_component id="oc-bc1">
         <name>__TI_cinit_table</name>
         <load_address>0x8550</load_address>
         <run_address>0x8550</run_address>
         <size>0x10</size>
      </object_component>
      <object_component id="oc-a89">
         <name>.const:crc_ccitt_table</name>
         <load_address>0x803e</load_address>
         <run_address>0x803e</run_address>
         <size>0x200</size>
         <input_file_ref idref="fl-19"/>
      </object_component>
      <object_component id="oc-90d">
         <name>.const:.string:RF4463_CONFIGURATION_DATA</name>
         <load_address>0x823e</load_address>
         <run_address>0x823e</run_address>
         <size>0x16b</size>
         <input_file_ref idref="fl-1f"/>
      </object_component>
      <object_component id="oc-948">
         <name>.const:.string:ccsds_poly</name>
         <load_address>0x83aa</load_address>
         <run_address>0x83aa</run_address>
         <size>0xff</size>
         <input_file_ref idref="fl-18"/>
      </object_component>
      <object_component id="oc-97b">
         <name>.const:NGH_SIZE_TAG</name>
         <load_address>0x84aa</load_address>
         <run_address>0x84aa</run_address>
         <size>0x1c</size>
         <input_file_ref idref="fl-1b"/>
      </object_component>
      <object_component id="oc-578">
         <name>.const:.string</name>
         <load_address>0x84c6</load_address>
         <run_address>0x84c6</run_address>
         <size>0x10</size>
         <input_file_ref idref="fl-13"/>
      </object_component>
      <object_component id="oc-9e6">
         <name>.const:.string:$P$T0$1</name>
         <load_address>0x84d6</load_address>
         <run_address>0x84d6</run_address>
         <size>0x9</size>
         <input_file_ref idref="fl-21"/>
      </object_component>
      <object_component id="oc-9e9">
         <name>.const:.string:$P$T1$2</name>
         <load_address>0x84e0</load_address>
         <run_address>0x84e0</run_address>
         <size>0x9</size>
         <input_file_ref idref="fl-21"/>
      </object_component>
      <object_component id="oc-9ec">
         <name>.const:.string:$P$T2$3</name>
         <load_address>0x84ea</load_address>
         <run_address>0x84ea</run_address>
         <size>0x9</size>
         <input_file_ref idref="fl-21"/>
      </object_component>
      <object_component id="oc-8f6">
         <name>.const:.string:$P$T0$1</name>
         <load_address>0x84f4</load_address>
         <run_address>0x84f4</run_address>
         <size>0x8</size>
         <input_file_ref idref="fl-1f"/>
      </object_component>
      <object_component id="oc-80d">
         <name>.const:.string</name>
         <load_address>0x84fc</load_address>
         <run_address>0x84fc</run_address>
         <size>0x8</size>
         <input_file_ref idref="fl-21"/>
      </object_component>
      <object_component id="oc-999">
         <name>.const:.string:NGH_PAR_SIZE</name>
         <load_address>0x8504</load_address>
         <run_address>0x8504</run_address>
         <size>0x7</size>
         <input_file_ref idref="fl-1b"/>
      </object_component>
      <object_component id="oc-92b">
         <name>.const:.string:NGH_PL_PAR_SIZE</name>
         <load_address>0x850c</load_address>
         <run_address>0x850c</run_address>
         <size>0x7</size>
         <input_file_ref idref="fl-1b"/>
      </object_component>
      <object_component id="oc-95a">
         <name>.const:.string:NGH_PL_SIZE</name>
         <load_address>0x8514</load_address>
         <run_address>0x8514</run_address>
         <size>0x7</size>
         <input_file_ref idref="fl-1b"/>
      </object_component>
      <object_component id="oc-990">
         <name>.const:.string:NGH_PL_SIZE_FULL</name>
         <load_address>0x851c</load_address>
         <run_address>0x851c</run_address>
         <size>0x7</size>
         <input_file_ref idref="fl-1b"/>
      </object_component>
      <object_component id="oc-586">
         <name>.const:.string</name>
         <load_address>0x8524</load_address>
         <run_address>0x8524</run_address>
         <size>0x6</size>
         <input_file_ref idref="fl-8"/>
      </object_component>
      <object_component id="oc-94b">
         <name>.const</name>
         <load_address>0x852a</load_address>
         <run_address>0x852a</run_address>
         <size>0x6</size>
         <input_file_ref idref="fl-1b"/>
      </object_component>
      <object_component id="oc-98d">
         <name>.const:.string:NGH_SYNC</name>
         <load_address>0x8530</load_address>
         <run_address>0x8530</run_address>
         <size>0x4</size>
         <input_file_ref idref="fl-1b"/>
      </object_component>
      <object_component id="oc-3e8">
         <name>.text:_isr:_c_int00_noargs</name>
         <load_address>0x8000</load_address>
         <run_address>0x8000</run_address>
         <size>0x1c</size>
         <input_file_ref idref="fl-8c"/>
      </object_component>
      <object_component id="oc-3ca">
         <name>.text:_isr:vTickISREntry</name>
         <load_address>0x801c</load_address>
         <run_address>0x801c</run_address>
         <size>0x10</size>
         <input_file_ref idref="fl-a"/>
      </object_component>
      <object_component id="oc-3d0">
         <name>.text:_isr:WDT_ISR</name>
         <load_address>0x802c</load_address>
         <run_address>0x802c</run_address>
         <size>0xa</size>
         <input_file_ref idref="fl-11"/>
      </object_component>
      <object_component id="oc-3c5">
         <name>.text:_isr:__TI_ISR_TRAP</name>
         <load_address>0x8036</load_address>
         <run_address>0x8036</run_address>
         <size>0x8</size>
         <input_file_ref idref="fl-52"/>
      </object_component>
      <object_component id="oc-814">
         <name>.text:ngham_Encode</name>
         <load_address>0x10000</load_address>
         <run_address>0x10000</run_address>
         <size>0x28a</size>
         <input_file_ref idref="fl-1b"/>
      </object_component>
      <object_component id="oc-82d">
         <name>.text:get_packet</name>
         <load_address>0x1028a</load_address>
         <run_address>0x1028a</run_address>
         <size>0x242</size>
         <input_file_ref idref="fl-24"/>
      </object_component>
      <object_component id="oc-849">
         <name>.text:xQueueGenericReceive</name>
         <load_address>0x104cc</load_address>
         <run_address>0x104cc</run_address>
         <size>0x1ea</size>
         <input_file_ref idref="fl-7"/>
      </object_component>
      <object_component id="oc-805">
         <name>.text:ngham_Decode</name>
         <load_address>0x106b6</load_address>
         <run_address>0x106b6</run_address>
         <size>0x1d6</size>
         <input_file_ref idref="fl-1b"/>
      </object_component>
      <object_component id="oc-6c5">
         <name>.text:send_requested_data</name>
         <load_address>0x1088c</load_address>
         <run_address>0x1088c</run_address>
         <size>0x1b0</size>
         <input_file_ref idref="fl-21"/>
      </object_component>
      <object_component id="oc-79a">
         <name>.text:xQueueGenericSend</name>
         <load_address>0x10a3c</load_address>
         <run_address>0x10a3c</run_address>
         <size>0x198</size>
         <input_file_ref idref="fl-7"/>
      </object_component>
      <object_component id="oc-496">
         <name>.text:create_tasks</name>
         <load_address>0x10bd4</load_address>
         <run_address>0x10bd4</run_address>
         <size>0x170</size>
         <input_file_ref idref="fl-13"/>
      </object_component>
      <object_component id="oc-6d1">
         <name>.text:enable_rush</name>
         <load_address>0x10d44</load_address>
         <run_address>0x10d44</run_address>
         <size>0x16a</size>
         <input_file_ref idref="fl-21"/>
      </object_component>
      <object_component id="oc-572">
         <name>.text:communications_task</name>
         <load_address>0x10eae</load_address>
         <run_address>0x10eae</run_address>
         <size>0x162</size>
         <input_file_ref idref="fl-21"/>
      </object_component>
      <object_component id="oc-6e3">
         <name>.text:enter_in_hibernation</name>
         <load_address>0x11010</load_address>
         <run_address>0x11010</run_address>
         <size>0x14c</size>
         <input_file_ref idref="fl-21"/>
      </object_component>
      <object_component id="oc-6bf">
         <name>.text:radioamateur_repeater</name>
         <load_address>0x1115c</load_address>
         <run_address>0x1115c</run_address>
         <size>0x13e</size>
         <input_file_ref idref="fl-21"/>
      </object_component>
      <object_component id="oc-81a">
         <name>.text:rf4463_tx_long_packet</name>
         <load_address>0x1129a</load_address>
         <run_address>0x1129a</run_address>
         <size>0x124</size>
         <input_file_ref idref="fl-1f"/>
      </object_component>
      <object_component id="oc-479">
         <name>.text:xTaskIncrementTick</name>
         <load_address>0x113be</load_address>
         <run_address>0x113be</run_address>
         <size>0x11c</size>
         <input_file_ref idref="fl-8"/>
      </object_component>
      <object_component id="oc-6d7">
         <name>.text:send_reset_charge_command</name>
         <load_address>0x114da</load_address>
         <run_address>0x114da</run_address>
         <size>0xfc</size>
         <input_file_ref idref="fl-21"/>
      </object_component>
      <object_component id="oc-702">
         <name>.text:prvInitialiseNewTask</name>
         <load_address>0x115d6</load_address>
         <run_address>0x115d6</run_address>
         <size>0xfa</size>
         <input_file_ref idref="fl-8"/>
      </object_component>
      <object_component id="oc-77e">
         <name>.text:xTaskResumeAll</name>
         <load_address>0x116d0</load_address>
         <run_address>0x116d0</run_address>
         <size>0xd8</size>
         <input_file_ref idref="fl-8"/>
      </object_component>
      <object_component id="oc-47f">
         <name>.text:vTaskSwitchContext</name>
         <load_address>0x117a8</load_address>
         <run_address>0x117a8</run_address>
         <size>0xd6</size>
         <input_file_ref idref="fl-8"/>
      </object_component>
      <object_component id="oc-6cb">
         <name>.text:answer_ping</name>
         <load_address>0x1187e</load_address>
         <run_address>0x1187e</run_address>
         <size>0xca</size>
         <input_file_ref idref="fl-21"/>
      </object_component>
      <object_component id="oc-7c5">
         <name>.text:ngham_InitArrays</name>
         <load_address>0x11948</load_address>
         <run_address>0x11948</run_address>
         <size>0xb4</size>
         <input_file_ref idref="fl-1b"/>
      </object_component>
      <object_component id="oc-841">
         <name>.text:verify_key</name>
         <load_address>0x119fc</load_address>
         <run_address>0x119fc</run_address>
         <size>0xb4</size>
         <input_file_ref idref="fl-21"/>
      </object_component>
      <object_component id="oc-6a7">
         <name>.text:vTaskDelayUntil</name>
         <load_address>0x11ab0</load_address>
         <run_address>0x11ab0</run_address>
         <size>0xae</size>
         <input_file_ref idref="fl-8"/>
      </object_component>
      <object_component id="oc-78c">
         <name>.text:xQueueGenericReset</name>
         <load_address>0x11b5e</load_address>
         <run_address>0x11b5e</run_address>
         <size>0xaa</size>
         <input_file_ref idref="fl-7"/>
      </object_component>
      <object_component id="oc-8d7">
         <name>.text:xTaskCheckForTimeOut</name>
         <load_address>0x11c08</load_address>
         <run_address>0x11c08</run_address>
         <size>0xaa</size>
         <input_file_ref idref="fl-8"/>
      </object_component>
      <object_component id="oc-427">
         <name>.text</name>
         <load_address>0x11cb2</load_address>
         <run_address>0x11cb2</run_address>
         <size>0xa6</size>
         <input_file_ref idref="fl-b"/>
      </object_component>
      <object_component id="oc-6f5">
         <name>.text:send_periodic_data</name>
         <load_address>0x11d58</load_address>
         <run_address>0x11d58</run_address>
         <size>0xa6</size>
         <input_file_ref idref="fl-21"/>
      </object_component>
      <object_component id="oc-6e9">
         <name>.text:update_last_telecommand_status</name>
         <load_address>0x11dfe</load_address>
         <run_address>0x11dfe</run_address>
         <size>0xa2</size>
         <input_file_ref idref="fl-21"/>
      </object_component>
      <object_component id="oc-8dd">
         <name>.text:prvUnlockQueue</name>
         <load_address>0x11ea0</load_address>
         <run_address>0x11ea0</run_address>
         <size>0xa0</size>
         <input_file_ref idref="fl-7"/>
      </object_component>
      <object_component id="oc-8ef">
         <name>.text:prvCopyDataToQueue</name>
         <load_address>0x11f40</load_address>
         <run_address>0x11f40</run_address>
         <size>0x9e</size>
         <input_file_ref idref="fl-7"/>
      </object_component>
      <object_component id="oc-708">
         <name>.text:prvAddNewTaskToReadyList</name>
         <load_address>0x11fde</load_address>
         <run_address>0x11fde</run_address>
         <size>0x9c</size>
         <input_file_ref idref="fl-8"/>
      </object_component>
      <object_component id="oc-9fc">
         <name>.text:vTaskPriorityInherit</name>
         <load_address>0x1207a</load_address>
         <run_address>0x1207a</run_address>
         <size>0x9a</size>
         <input_file_ref idref="fl-8"/>
      </object_component>
      <object_component id="oc-7eb">
         <name>.text:prvAddCurrentTaskToDelayedList</name>
         <load_address>0x12114</load_address>
         <run_address>0x12114</run_address>
         <size>0x90</size>
         <input_file_ref idref="fl-8"/>
      </object_component>
      <object_component id="oc-a52">
         <name>.text:xTaskPriorityDisinherit</name>
         <load_address>0x121a4</load_address>
         <run_address>0x121a4</run_address>
         <size>0x90</size>
         <input_file_ref idref="fl-8"/>
      </object_component>
      <object_component id="oc-579">
         <name>.text:xTaskCreate</name>
         <load_address>0x12234</load_address>
         <run_address>0x12234</run_address>
         <size>0x8a</size>
         <input_file_ref idref="fl-8"/>
      </object_component>
      <object_component id="oc-8be">
         <name>.text:xTaskRemoveFromEventList</name>
         <load_address>0x122be</load_address>
         <run_address>0x122be</run_address>
         <size>0x86</size>
         <input_file_ref idref="fl-8"/>
      </object_component>
      <object_component id="oc-649">
         <name>.text:pvPortMalloc</name>
         <load_address>0x12344</load_address>
         <run_address>0x12344</run_address>
         <size>0x82</size>
         <input_file_ref idref="fl-c"/>
      </object_component>
      <object_component id="oc-9c9">
         <name>.text:get_last_write_pointer</name>
         <load_address>0x123c6</load_address>
         <run_address>0x123c6</run_address>
         <size>0x7e</size>
         <input_file_ref idref="fl-24"/>
      </object_component>
      <object_component id="oc-aae">
         <name>.text:mmcReadBlock</name>
         <load_address>0x12444</load_address>
         <run_address>0x12444</run_address>
         <size>0x7e</size>
         <input_file_ref idref="fl-28"/>
      </object_component>
      <object_component id="oc-ab6">
         <name>.text:mmcWriteBlock</name>
         <load_address>0x124c2</load_address>
         <run_address>0x124c2</run_address>
         <size>0x7e</size>
         <input_file_ref idref="fl-28"/>
      </object_component>
      <object_component id="oc-4c7">
         <name>.text:__TI_auto_init_nobinit_nopinit_hold_wdt:__TI_auto_init_nobinit_nopinit_hold_wdt</name>
         <load_address>0x12540</load_address>
         <run_address>0x12540</run_address>
         <size>0x78</size>
         <input_file_ref idref="fl-8f"/>
      </object_component>
      <object_component id="oc-71">
         <name>.text:decompress:lzss:__TI_decompress_lzss</name>
         <load_address>0x125b8</load_address>
         <run_address>0x125b8</run_address>
         <size>0x76</size>
         <input_file_ref idref="fl-4f"/>
      </object_component>
      <object_component id="oc-821">
         <name>.text:decode_request_data_telecommand</name>
         <load_address>0x1262e</load_address>
         <run_address>0x1262e</run_address>
         <size>0x74</size>
         <input_file_ref idref="fl-2a"/>
      </object_component>
      <object_component id="oc-6b9">
         <name>.text:decode_telecommand</name>
         <load_address>0x126a2</load_address>
         <run_address>0x126a2</run_address>
         <size>0x74</size>
         <input_file_ref idref="fl-2a"/>
      </object_component>
      <object_component id="oc-b4a">
         <name>.text:mmcGoIdle</name>
         <load_address>0x12716</load_address>
         <run_address>0x12716</run_address>
         <size>0x70</size>
         <input_file_ref idref="fl-28"/>
      </object_component>
      <object_component id="oc-6dd">
         <name>.text:leave_hibernation</name>
         <load_address>0x12786</load_address>
         <run_address>0x12786</run_address>
         <size>0x6a</size>
         <input_file_ref idref="fl-21"/>
      </object_component>
      <object_component id="oc-6b3">
         <name>.text:try_to_receive</name>
         <load_address>0x127f0</load_address>
         <run_address>0x127f0</run_address>
         <size>0x68</size>
         <input_file_ref idref="fl-21"/>
      </object_component>
      <object_component id="oc-70f">
         <name>.text:prvCheckTasksWaitingTermination</name>
         <load_address>0x12858</load_address>
         <run_address>0x12858</run_address>
         <size>0x66</size>
         <input_file_ref idref="fl-8"/>
      </object_component>
      <object_component id="oc-9df">
         <name>.text:mmc_write_sector</name>
         <load_address>0x128be</load_address>
         <run_address>0x128be</run_address>
         <size>0x62</size>
         <input_file_ref idref="fl-24"/>
      </object_component>
      <object_component id="oc-881">
         <name>.text:prvInitialiseTaskLists</name>
         <load_address>0x12920</load_address>
         <run_address>0x12920</run_address>
         <size>0x62</size>
         <input_file_ref idref="fl-8"/>
      </object_component>
      <object_component id="oc-839">
         <name>.text:update_last_read_position</name>
         <load_address>0x12982</load_address>
         <run_address>0x12982</run_address>
         <size>0x5e</size>
         <input_file_ref idref="fl-24"/>
      </object_component>
      <object_component id="oc-b20">
         <name>.text:mmcCheckBusy</name>
         <load_address>0x129e0</load_address>
         <run_address>0x129e0</run_address>
         <size>0x5a</size>
         <input_file_ref idref="fl-28"/>
      </object_component>
      <object_component id="oc-910">
         <name>.text:rf4463_set_config</name>
         <load_address>0x12a3a</load_address>
         <run_address>0x12a3a</run_address>
         <size>0x5a</size>
         <input_file_ref idref="fl-1f"/>
      </object_component>
      <object_component id="oc-9a3">
         <name>.text:rf4463_tx_packet</name>
         <load_address>0x12a94</load_address>
         <run_address>0x12a94</run_address>
         <size>0x58</size>
         <input_file_ref idref="fl-1f"/>
      </object_component>
      <object_component id="oc-934">
         <name>.text:vListInsert</name>
         <load_address>0x12aec</load_address>
         <run_address>0x12aec</run_address>
         <size>0x54</size>
         <input_file_ref idref="fl-6"/>
      </object_component>
      <object_component id="oc-49c">
         <name>.text:vTaskStartScheduler</name>
         <load_address>0x12b40</load_address>
         <run_address>0x12b40</run_address>
         <size>0x54</size>
         <input_file_ref idref="fl-8"/>
      </object_component>
      <object_component id="oc-53d">
         <name>.text:xQueueGenericCreate</name>
         <load_address>0x12b94</load_address>
         <run_address>0x12b94</run_address>
         <size>0x54</size>
         <input_file_ref idref="fl-7"/>
      </object_component>
      <object_component id="oc-970">
         <name>.text:ngham_ActionHandlePacket</name>
         <load_address>0x12be8</load_address>
         <run_address>0x12be8</run_address>
         <size>0x52</size>
         <input_file_ref idref="fl-1e"/>
      </object_component>
      <object_component id="oc-833">
         <name>.text:send_data</name>
         <load_address>0x12c3a</load_address>
         <run_address>0x12c3a</run_address>
         <size>0x52</size>
         <input_file_ref idref="fl-21"/>
      </object_component>
      <object_component id="oc-827">
         <name>.text:calculate_read_position</name>
         <load_address>0x12c8c</load_address>
         <run_address>0x12c8c</run_address>
         <size>0x50</size>
         <input_file_ref idref="fl-2a"/>
      </object_component>
      <object_component id="oc-afa">
         <name>.text:mmcSendCmd</name>
         <load_address>0x12cdc</load_address>
         <run_address>0x12cdc</run_address>
         <size>0x50</size>
         <input_file_ref idref="fl-28"/>
      </object_component>
      <object_component id="oc-af4">
         <name>.text:mmcSetBlockLength</name>
         <load_address>0x12d2c</load_address>
         <run_address>0x12d2c</run_address>
         <size>0x50</size>
         <input_file_ref idref="fl-28"/>
      </object_component>
      <object_component id="oc-7cc">
         <name>.text:rf4463_set_properties</name>
         <load_address>0x12d7c</load_address>
         <run_address>0x12d7c</run_address>
         <size>0x50</size>
         <input_file_ref idref="fl-1f"/>
      </object_component>
      <object_component id="oc-b2e">
         <name>.text:mmcInit</name>
         <load_address>0x12dcc</load_address>
         <run_address>0x12dcc</run_address>
         <size>0x4e</size>
         <input_file_ref idref="fl-28"/>
      </object_component>
      <object_component id="oc-85d">
         <name>.text:rf4463_get_cmd</name>
         <load_address>0x12e1a</load_address>
         <run_address>0x12e1a</run_address>
         <size>0x4c</size>
         <input_file_ref idref="fl-1f"/>
      </object_component>
      <object_component id="oc-b1a">
         <name>.text:spiSendFrame</name>
         <load_address>0x12e66</load_address>
         <run_address>0x12e66</run_address>
         <size>0x4a</size>
         <input_file_ref idref="fl-27"/>
      </object_component>
      <object_component id="oc-9c3">
         <name>.text:get_last_read_pointer</name>
         <load_address>0x12eb0</load_address>
         <run_address>0x12eb0</run_address>
         <size>0x48</size>
         <input_file_ref idref="fl-24"/>
      </object_component>
      <object_component id="oc-9d0">
         <name>.text:mmc_read_sector</name>
         <load_address>0x12ef8</load_address>
         <run_address>0x12ef8</run_address>
         <size>0x46</size>
         <input_file_ref idref="fl-24"/>
      </object_component>
      <object_component id="oc-536">
         <name>.text:restore_time_counter</name>
         <load_address>0x12f3e</load_address>
         <run_address>0x12f3e</run_address>
         <size>0x44</size>
         <input_file_ref idref="fl-12"/>
      </object_component>
      <object_component id="oc-490">
         <name>.text:setup_hardware</name>
         <load_address>0x12f82</load_address>
         <run_address>0x12f82</run_address>
         <size>0x44</size>
         <input_file_ref idref="fl-13"/>
      </object_component>
      <object_component id="oc-b0c">
         <name>.text:spiReadFrame</name>
         <load_address>0x12fc6</load_address>
         <run_address>0x12fc6</run_address>
         <size>0x44</size>
         <input_file_ref idref="fl-27"/>
      </object_component>
      <object_component id="oc-80e">
         <name>.text:ngham_TxPktGen</name>
         <load_address>0x1300a</load_address>
         <run_address>0x1300a</run_address>
         <size>0x40</size>
         <input_file_ref idref="fl-1d"/>
      </object_component>
      <object_component id="oc-530">
         <name>.text:update_reset_value</name>
         <load_address>0x1304a</load_address>
         <run_address>0x1304a</run_address>
         <size>0x40</size>
         <input_file_ref idref="fl-12"/>
      </object_component>
      <object_component id="oc-51e">
         <name>.text:i2c_setup</name>
         <load_address>0x1308a</load_address>
         <run_address>0x1308a</run_address>
         <size>0x3e</size>
         <input_file_ref idref="fl-f"/>
      </object_component>
      <object_component id="oc-59a">
         <name>.text:l_asr_const</name>
         <load_address>0x130c8</load_address>
         <run_address>0x130c8</run_address>
         <size>0x3e</size>
         <input_file_ref idref="fl-86"/>
      </object_component>
      <object_component id="oc-976">
         <name>.text:l_lsl_const</name>
         <load_address>0x13106</load_address>
         <run_address>0x13106</run_address>
         <size>0x3e</size>
         <input_file_ref idref="fl-84"/>
      </object_component>
      <object_component id="oc-6ad">
         <name>.text:read_current_state</name>
         <load_address>0x13144</load_address>
         <run_address>0x13144</run_address>
         <size>0x3e</size>
         <input_file_ref idref="fl-12"/>
      </object_component>
      <object_component id="oc-7a2">
         <name>.text:rf4463_power_on_reset</name>
         <load_address>0x13182</load_address>
         <run_address>0x13182</run_address>
         <size>0x3e</size>
         <input_file_ref idref="fl-1f"/>
      </object_component>
      <object_component id="oc-3b8">
         <name>.text:memcpy</name>
         <load_address>0x131c0</load_address>
         <run_address>0x131c0</run_address>
         <size>0x3c</size>
         <input_file_ref idref="fl-98"/>
      </object_component>
      <object_component id="oc-a90">
         <name>.text:ngham_RxPktInit</name>
         <load_address>0x131fc</load_address>
         <run_address>0x131fc</run_address>
         <size>0x3c</size>
         <input_file_ref idref="fl-1d"/>
      </object_component>
      <object_component id="oc-6ef">
         <name>.text:request_antenna_mutex</name>
         <load_address>0x13238</load_address>
         <run_address>0x13238</run_address>
         <size>0x3c</size>
         <input_file_ref idref="fl-21"/>
      </object_component>
      <object_component id="oc-97e">
         <name>.text:ngham_TagCheck</name>
         <load_address>0x13274</load_address>
         <run_address>0x13274</run_address>
         <size>0x3a</size>
         <input_file_ref idref="fl-1b"/>
      </object_component>
      <object_component id="oc-4fb">
         <name>.text:uxListRemove</name>
         <load_address>0x132ae</load_address>
         <run_address>0x132ae</run_address>
         <size>0x3a</size>
         <input_file_ref idref="fl-6"/>
      </object_component>
      <object_component id="oc-9d6">
         <name>.text:pack_module_data</name>
         <load_address>0x132e8</load_address>
         <run_address>0x132e8</run_address>
         <size>0x38</size>
         <input_file_ref idref="fl-24"/>
      </object_component>
      <object_component id="oc-919">
         <name>.text:rf4463_check_cts</name>
         <load_address>0x13320</load_address>
         <run_address>0x13320</run_address>
         <size>0x38</size>
         <input_file_ref idref="fl-1f"/>
      </object_component>
      <object_component id="oc-7a8">
         <name>.text:rf4463_reg_config</name>
         <load_address>0x13358</load_address>
         <run_address>0x13358</run_address>
         <size>0x38</size>
         <input_file_ref idref="fl-1f"/>
      </object_component>
      <object_component id="oc-7b4">
         <name>.text:rf4463_check_device</name>
         <load_address>0x13390</load_address>
         <run_address>0x13390</run_address>
         <size>0x36</size>
         <input_file_ref idref="fl-1f"/>
      </object_component>
      <object_component id="oc-84f">
         <name>.text:update_operation_mode</name>
         <load_address>0x133c6</load_address>
         <run_address>0x133c6</run_address>
         <size>0x36</size>
         <input_file_ref idref="fl-12"/>
      </object_component>
      <object_component id="oc-9ef">
         <name>.text:memcmp</name>
         <load_address>0x133fc</load_address>
         <run_address>0x133fc</run_address>
         <size>0x34</size>
         <input_file_ref idref="fl-97"/>
      </object_component>
      <object_component id="oc-a02">
         <name>.text:prvCopyDataFromQueue</name>
         <load_address>0x13430</load_address>
         <run_address>0x13430</run_address>
         <size>0x34</size>
         <input_file_ref idref="fl-7"/>
      </object_component>
      <object_component id="oc-7e4">
         <name>.text:rf4463_enter_rx_mode</name>
         <load_address>0x13464</load_address>
         <run_address>0x13464</run_address>
         <size>0x34</size>
         <input_file_ref idref="fl-1f"/>
      </object_component>
      <object_component id="oc-99c">
         <name>.text:ngham_ActionSendData</name>
         <load_address>0x13498</load_address>
         <run_address>0x13498</run_address>
         <size>0x32</size>
         <input_file_ref idref="fl-1e"/>
      </object_component>
      <object_component id="oc-7ae">
         <name>.text:rf4463_set_tx_power</name>
         <load_address>0x134ca</load_address>
         <run_address>0x134ca</run_address>
         <size>0x32</size>
         <input_file_ref idref="fl-1f"/>
      </object_component>
      <object_component id="oc-940">
         <name>.text:rf4463_read_rx_fifo</name>
         <load_address>0x134fc</load_address>
         <run_address>0x134fc</run_address>
         <size>0x30</size>
         <input_file_ref idref="fl-1f"/>
      </object_component>
      <object_component id="oc-7bb">
         <name>.text:rf4463_set_cmd</name>
         <load_address>0x1352c</load_address>
         <run_address>0x1352c</run_address>
         <size>0x30</size>
         <input_file_ref idref="fl-1f"/>
      </object_component>
      <object_component id="oc-8e9">
         <name>.text:vTaskPlaceOnEventList</name>
         <load_address>0x1355c</load_address>
         <run_address>0x1355c</run_address>
         <size>0x30</size>
         <input_file_ref idref="fl-8"/>
      </object_component>
      <object_component id="oc-609">
         <name>.text:i2c_set_clock</name>
         <load_address>0x1358c</load_address>
         <run_address>0x1358c</run_address>
         <size>0x2e</size>
         <input_file_ref idref="fl-f"/>
      </object_component>
      <object_component id="oc-8e3">
         <name>.text:prvIsQueueFull</name>
         <load_address>0x135ba</load_address>
         <run_address>0x135ba</run_address>
         <size>0x2e</size>
         <input_file_ref idref="fl-7"/>
      </object_component>
      <object_component id="oc-4f5">
         <name>.text:prvResetNextTaskUnblockTime</name>
         <load_address>0x135e8</load_address>
         <run_address>0x135e8</run_address>
         <size>0x2e</size>
         <input_file_ref idref="fl-8"/>
      </object_component>
      <object_component id="oc-95e">
         <name>.text:ngham_CRC_CCITT</name>
         <load_address>0x13616</load_address>
         <run_address>0x13616</run_address>
         <size>0x2c</size>
         <input_file_ref idref="fl-19"/>
      </object_component>
      <object_component id="oc-9f6">
         <name>.text:prvIsQueueEmpty</name>
         <load_address>0x13642</load_address>
         <run_address>0x13642</run_address>
         <size>0x2c</size>
         <input_file_ref idref="fl-7"/>
      </object_component>
      <object_component id="oc-8c4">
         <name>.text:vListInitialise</name>
         <load_address>0x1366e</load_address>
         <run_address>0x1366e</run_address>
         <size>0x2c</size>
         <input_file_ref idref="fl-6"/>
      </object_component>
      <object_component id="oc-6a1">
         <name>.text:rf4463_rx_init</name>
         <load_address>0x1369a</load_address>
         <run_address>0x1369a</run_address>
         <size>0x2a</size>
         <input_file_ref idref="fl-1f"/>
      </object_component>
      <object_component id="oc-9bb">
         <name>.text:rf4463_wait_packet_sent</name>
         <load_address>0x136c4</load_address>
         <run_address>0x136c4</run_address>
         <size>0x2a</size>
         <input_file_ref idref="fl-1f"/>
      </object_component>
      <object_component id="oc-603">
         <name>.text:i2c_pin_reset</name>
         <load_address>0x136ee</load_address>
         <run_address>0x136ee</run_address>
         <size>0x28</size>
         <input_file_ref idref="fl-f"/>
      </object_component>
      <object_component id="oc-680">
         <name>.text:prvInitialiseMutex</name>
         <load_address>0x13716</load_address>
         <run_address>0x13716</run_address>
         <size>0x28</size>
         <input_file_ref idref="fl-7"/>
      </object_component>
      <object_component id="oc-9af">
         <name>.text:rf4463_enter_tx_mode</name>
         <load_address>0x1373e</load_address>
         <run_address>0x1373e</run_address>
         <size>0x28</size>
         <input_file_ref idref="fl-1f"/>
      </object_component>
      <object_component id="oc-7d8">
         <name>.text:rf4463_set_rx_interrupt</name>
         <load_address>0x13766</load_address>
         <run_address>0x13766</run_address>
         <size>0x28</size>
         <input_file_ref idref="fl-1f"/>
      </object_component>
      <object_component id="oc-9a9">
         <name>.text:rf4463_write_tx_fifo</name>
         <load_address>0x1378e</load_address>
         <run_address>0x1378e</run_address>
         <size>0x28</size>
         <input_file_ref idref="fl-1f"/>
      </object_component>
      <object_component id="oc-689">
         <name>.text:xTaskGetTickCount</name>
         <load_address>0x137b6</load_address>
         <run_address>0x137b6</run_address>
         <size>0x28</size>
         <input_file_ref idref="fl-8"/>
      </object_component>
      <object_component id="oc-7de">
         <name>.text:rf4463_clear_interrupts</name>
         <load_address>0x137de</load_address>
         <run_address>0x137de</run_address>
         <size>0x26</size>
         <input_file_ref idref="fl-1f"/>
      </object_component>
      <object_component id="oc-acb">
         <name>.text:spi_rx_multiple</name>
         <load_address>0x13804</load_address>
         <run_address>0x13804</run_address>
         <size>0x26</size>
         <input_file_ref idref="fl-10"/>
      </object_component>
      <object_component id="oc-485">
         <name>.text:vApplicationSetupTimerInterrupt</name>
         <load_address>0x1382a</load_address>
         <run_address>0x1382a</run_address>
         <size>0x26</size>
         <input_file_ref idref="fl-13"/>
      </object_component>
      <object_component id="oc-509">
         <name>.text:vListInsertEnd</name>
         <load_address>0x13850</load_address>
         <run_address>0x13850</run_address>
         <size>0x26</size>
         <input_file_ref idref="fl-6"/>
      </object_component>
      <object_component id="oc-3dc">
         <name>.text:decompress:ZI:__TI_zero_init</name>
         <load_address>0x13876</load_address>
         <run_address>0x13876</run_address>
         <size>0x24</size>
         <input_file_ref idref="fl-69"/>
      </object_component>
      <object_component id="oc-b00">
         <name>.text:mmcGetResponse</name>
         <load_address>0x1389a</load_address>
         <run_address>0x1389a</run_address>
         <size>0x24</size>
         <input_file_ref idref="fl-28"/>
      </object_component>
      <object_component id="oc-87a">
         <name>.text:pxPortInitialiseStack</name>
         <load_address>0x138be</load_address>
         <run_address>0x138be</run_address>
         <size>0x24</size>
         <input_file_ref idref="fl-a"/>
      </object_component>
      <object_component id="oc-68f">
         <name>.text:rf4463_init</name>
         <load_address>0x138e2</load_address>
         <run_address>0x138e2</run_address>
         <size>0x24</size>
         <input_file_ref idref="fl-1f"/>
      </object_component>
      <object_component id="oc-524">
         <name>.text:spi_setup</name>
         <load_address>0x13906</load_address>
         <run_address>0x13906</run_address>
         <size>0x24</size>
         <input_file_ref idref="fl-10"/>
      </object_component>
      <object_component id="oc-b06">
         <name>.text:mmcGetXXResponse</name>
         <load_address>0x1392a</load_address>
         <run_address>0x1392a</run_address>
         <size>0x22</size>
         <input_file_ref idref="fl-28"/>
      </object_component>
      <object_component id="oc-61c">
         <name>.text:spi_clock_setup</name>
         <load_address>0x1394c</load_address>
         <run_address>0x1394c</run_address>
         <size>0x22</size>
         <input_file_ref idref="fl-10"/>
      </object_component>
      <object_component id="oc-a5d">
         <name>.text:spi_tx_multiple</name>
         <load_address>0x1396e</load_address>
         <run_address>0x1396e</run_address>
         <size>0x22</size>
         <input_file_ref idref="fl-10"/>
      </object_component>
      <object_component id="oc-8d1">
         <name>.text:vTaskSetTimeOutState</name>
         <load_address>0x13990</load_address>
         <run_address>0x13990</run_address>
         <size>0x22</size>
         <input_file_ref idref="fl-8"/>
      </object_component>
      <object_component id="oc-518">
         <name>.text:wdti_setup</name>
         <load_address>0x139b2</load_address>
         <run_address>0x139b2</run_address>
         <size>0x22</size>
         <input_file_ref idref="fl-11"/>
      </object_component>
      <object_component id="oc-86e">
         <name>.text:memset</name>
         <load_address>0x139d4</load_address>
         <run_address>0x139d4</run_address>
         <size>0x20</size>
         <input_file_ref idref="fl-9a"/>
      </object_component>
      <object_component id="oc-64f">
         <name>.text:prvInitialiseNewQueue</name>
         <load_address>0x139f4</load_address>
         <run_address>0x139f4</run_address>
         <size>0x20</size>
         <input_file_ref idref="fl-7"/>
      </object_component>
      <object_component id="oc-b44">
         <name>.text:halSPISetup</name>
         <load_address>0x13a14</load_address>
         <run_address>0x13a14</run_address>
         <size>0x1c</size>
         <input_file_ref idref="fl-27"/>
      </object_component>
      <object_component id="oc-a08">
         <name>.text:pvTaskIncrementMutexHeldCount</name>
         <load_address>0x13a30</load_address>
         <run_address>0x13a30</run_address>
         <size>0x1c</size>
         <input_file_ref idref="fl-8"/>
      </object_component>
      <object_component id="oc-623">
         <name>.text:rf4463_gpio_init</name>
         <load_address>0x13a4c</load_address>
         <run_address>0x13a4c</run_address>
         <size>0x1c</size>
         <input_file_ref idref="fl-1f"/>
      </object_component>
      <object_component id="oc-52a">
         <name>.text:gpio_setup</name>
         <load_address>0x13a68</load_address>
         <run_address>0x13a68</run_address>
         <size>0x1a</size>
         <input_file_ref idref="fl-13"/>
      </object_component>
      <object_component id="oc-a6b">
         <name>.text:spi_tx</name>
         <load_address>0x13a82</load_address>
         <run_address>0x13a82</run_address>
         <size>0x1a</size>
         <input_file_ref idref="fl-10"/>
      </object_component>
      <object_component id="oc-7d2">
         <name>.text:rf4463_fifo_reset</name>
         <load_address>0x13a9c</load_address>
         <run_address>0x13a9c</run_address>
         <size>0x18</size>
         <input_file_ref idref="fl-1f"/>
      </object_component>
      <object_component id="oc-501">
         <name>.text</name>
         <load_address>0x13ab4</load_address>
         <run_address>0x13ab4</run_address>
         <size>0x18</size>
         <input_file_ref idref="fl-7e"/>
      </object_component>
      <object_component id="oc-8cb">
         <name>.text:xTaskGetSchedulerState</name>
         <load_address>0x13acc</load_address>
         <run_address>0x13acc</run_address>
         <size>0x18</size>
         <input_file_ref idref="fl-8"/>
      </object_component>
      <object_component id="oc-77">
         <name>.text:decompress:none:__TI_decompress_none</name>
         <load_address>0x13ae4</load_address>
         <run_address>0x13ae4</run_address>
         <size>0x16</size>
         <input_file_ref idref="fl-50"/>
      </object_component>
      <object_component id="oc-88b">
         <name>.text:prvDeleteTCB</name>
         <load_address>0x13afa</load_address>
         <run_address>0x13afa</run_address>
         <size>0x16</size>
         <input_file_ref idref="fl-8"/>
      </object_component>
      <object_component id="oc-580">
         <name>.text:prvIdleTask</name>
         <load_address>0x13b10</load_address>
         <run_address>0x13b10</run_address>
         <size>0x16</size>
         <input_file_ref idref="fl-8"/>
      </object_component>
      <object_component id="oc-695">
         <name>.text:rf4463_enter_standby_mode</name>
         <load_address>0x13b26</load_address>
         <run_address>0x13b26</run_address>
         <size>0x16</size>
         <input_file_ref idref="fl-1f"/>
      </object_component>
      <object_component id="oc-565">
         <name>.text:xQueueCreateMutex</name>
         <load_address>0x13b3c</load_address>
         <run_address>0x13b3c</run_address>
         <size>0x16</size>
         <input_file_ref idref="fl-7"/>
      </object_component>
      <object_component id="oc-b12">
         <name>.text:spiSendByte</name>
         <load_address>0x13b52</load_address>
         <run_address>0x13b52</run_address>
         <size>0x14</size>
         <input_file_ref idref="fl-27"/>
      </object_component>
      <object_component id="oc-5fc">
         <name>.text:wdti_release_counter</name>
         <load_address>0x13b66</load_address>
         <run_address>0x13b66</run_address>
         <size>0x14</size>
         <input_file_ref idref="fl-11"/>
      </object_component>
      <object_component id="oc-993">
         <name>.text:encode_rs_char</name>
         <load_address>0x13b7a</load_address>
         <run_address>0x13b7a</run_address>
         <size>0x12</size>
         <input_file_ref idref="fl-1a"/>
      </object_component>
      <object_component id="oc-7ff">
         <name>.text:rf4463_rx_packet</name>
         <load_address>0x13b8c</load_address>
         <run_address>0x13b8c</run_address>
         <size>0x12</size>
         <input_file_ref idref="fl-1f"/>
      </object_component>
      <object_component id="oc-b35">
         <name>.text:l_lsr</name>
         <load_address>0x13b9e</load_address>
         <run_address>0x13b9e</run_address>
         <size>0x10</size>
         <input_file_ref idref="fl-88"/>
      </object_component>
      <object_component id="oc-442">
         <name>.text:main</name>
         <load_address>0x13bae</load_address>
[...]
         <name>rf4463_init</name>
         <value>0x138e2</value>
         <object_component_ref idref="oc-68f"/>
      </symbol>
      <symbol id="sm-a73">
         <name>rf4463_check_cts</name>
         <value>0x13320</value>
         <object_component_ref idref="oc-919"/>
      </symbol>
      <symbol id="sm-a74">
         <name>rf4463_tx_long_packet</name>
         <value>0x1129a</value>
         <object_component_ref idref="oc-81a"/>
      </symbol>
      <symbol id="sm-a75">
         <name>rf4463_read_rx_fifo</name>
         <value>0x134fc</value>
         <object_component_ref idref="oc-940"/>
      </symbol>
      <symbol id="sm-a76">
         <name>rf4463_set_tx_power</name>
         <value>0x134ca</value>
         <object_component_ref idref="oc-7ae"/>
      </symbol>
      <symbol id="sm-a77">
         <name>rf4463_get_cmd</name>
         <value>0x12e1a</value>
         <object_component_ref idref="oc-85d"/>
      </symbol>
      <symbol id="sm-a78">
         <name>rf4463_shutdown</name>
         <value>0x13cc0</value>
         <object_component_ref idref="oc-75b"/>
      </symbol>
      <symbol id="sm-a79">
         <name>rf4463_set_rx_interrupt</name>
         <value>0x13766</value>
         <object_component_ref idref="oc-7d8"/>
      </symbol>
      <symbol id="sm-a7a">
         <name>rf4463_slave_disable</name>
         <value>0x13cc6</value>
         <object_component_ref idref="oc-755"/>
      </symbol>
      <symbol id="sm-a7b">
         <name>rf4463_reg_config</name>
         <value>0x13358</value>
         <object_component_ref idref="oc-7a8"/>
      </symbol>
      <symbol id="sm-a7c">
         <name>rf4463_check_device</name>
         <value>0x13390</value>
         <object_component_ref idref="oc-7b4"/>
      </symbol>
      <symbol id="sm-a7d">
         <name>rf4463_wait_gpio1</name>
         <value>0x13bee</value>
         <object_component_ref idref="oc-9b5"/>
      </symbol>
      <symbol id="sm-a97">
         <name>rf4463_spi_transfer</name>
         <value>0x13c3e</value>
         <object_component_ref idref="oc-91f"/>
      </symbol>
      <symbol id="sm-a98">
         <name>rf4463_spi_read</name>
         <value>0x13bbe</value>
         <object_component_ref idref="oc-a1d"/>
      </symbol>
      <symbol id="sm-a99">
         <name>rf4463_spi_write</name>
         <value>0x13bce</value>
         <object_component_ref idref="oc-905"/>
      </symbol>
      <symbol id="sm-b60">
         <name>try_to_receive</name>
         <value>0x127f0</value>
         <object_component_ref idref="oc-6b3"/>
      </symbol>
      <symbol id="sm-b61">
         <name>leave_hibernation</name>
         <value>0x12786</value>
         <object_component_ref idref="oc-6dd"/>
      </symbol>
      <symbol id="sm-b62">
         <name>radioamateur_repeater</name>
         <value>0x1115c</value>
         <object_component_ref idref="oc-6bf"/>
      </symbol>
      <symbol id="sm-b63">
         <name>verify_key</name>
         <value>0x119fc</value>
         <object_component_ref idref="oc-841"/>
      </symbol>
      <symbol id="sm-b64">
         <name>send_reset_charge_command</name>
         <value>0x114da</value>
         <object_component_ref idref="oc-6d7"/>
      </symbol>
      <symbol id="sm-b65">
         <name>communications_task</name>
         <value>0x10eae</value>
         <object_component_ref idref="oc-572"/>
      </symbol>
      <symbol id="sm-b66">
         <name>answer_ping</name>
         <value>0x1187e</value>
         <object_component_ref idref="oc-6cb"/>
      </symbol>
      <symbol id="sm-b67">
         <name>send_data</name>
         <value>0x12c3a</value>
         <object_component_ref idref="oc-833"/>
      </symbol>
      <symbol id="sm-b68">
         <name>send_periodic_data</name>
         <value>0x11d58</value>
         <object_component_ref idref="oc-6f5"/>
      </symbol>
      <symbol id="sm-b69">
         <name>request_antenna_mutex</name>
         <value>0x13238</value>
         <object_component_ref idref="oc-6ef"/>
      </symbol>
      <symbol id="sm-b6a">
         <name>send_requested_data</name>
         <value>0x1088c</value>
         <object_component_ref idref="oc-6c5"/>
      </symbol>
      <symbol id="sm-b6b">
         <name>enter_in_hibernation</name>
         <value>0x11010</value>
         <object_component_ref idref="oc-6e3"/>
      </symbol>
      <symbol id="sm-b6c">
         <name>enable_rush</name>
         <value>0x10d44</value>
         <object_component_ref idref="oc-6d1"/>
      </symbol>
      <symbol id="sm-b6d">
         <name>update_last_telecommand_status</name>
         <value>0x11dfe</value>
         <object_component_ref idref="oc-6e9"/>
      </symbol>
      <symbol id="sm-bc0">
         <name>last_read_position</name>
         <value>0x2122</value>
      </symbol>
      <symbol id="sm-bc1">
         <name>pack_module_data</name>
         <value>0x132e8</value>
         <object_component_ref idref="oc-9d6"/>
      </symbol>
      <symbol id="sm-bc2">
         <name>get_packet</name>
         <value>0x1028a</value>
         <object_component_ref idref="oc-82d"/>
      </symbol>
      <symbol id="sm-bc3">
         <name>get_last_write_pointer</name>
         <value>0x123c6</value>
         <object_component_ref idref="oc-9c9"/>
      </symbol>
      <symbol id="sm-bc4">
         <name>mmc_write_sector</name>
         <value>0x128be</value>
         <object_component_ref idref="oc-9df"/>
      </symbol>
      <symbol id="sm-bc5">
         <name>update_last_read_position</name>
         <value>0x12982</value>
         <object_component_ref idref="oc-839"/>
      </symbol>
      <symbol id="sm-bc6">
         <name>get_last_read_pointer</name>
         <value>0x12eb0</value>
         <object_component_ref idref="oc-9c3"/>
      </symbol>
      <symbol id="sm-bc7">
         <name>mmc_read_sector</name>
         <value>0x12ef8</value>
         <object_component_ref idref="oc-9d0"/>
      </symbol>
      <symbol id="sm-bf4">
         <name>spiSendByte</name>
         <value>0x13b52</value>
         <object_component_ref idref="oc-b12"/>
      </symbol>
      <symbol id="sm-bf5">
         <name>halSPISetup</name>
         <value>0x13a14</value>
         <object_component_ref idref="oc-b44"/>
      </symbol>
      <symbol id="sm-bf6">
         <name>spiSendFrame</name>
         <value>0x12e66</value>
         <object_component_ref idref="oc-b1a"/>
      </symbol>
      <symbol id="sm-bf7">
         <name>spiReadFrame</name>
         <value>0x12fc6</value>
         <object_component_ref idref="oc-b0c"/>
      </symbol>
      <symbol id="sm-c59">
         <name>mmcWriteBlock</name>
         <value>0x124c2</value>
         <object_component_ref idref="oc-ab6"/>
      </symbol>
      <symbol id="sm-c5a">
         <name>mmcCheckBusy</name>
         <value>0x129e0</value>
         <object_component_ref idref="oc-b20"/>
      </symbol>
      <symbol id="sm-c5b">
         <name>mmcSetBlockLength</name>
         <value>0x12d2c</value>
         <object_component_ref idref="oc-af4"/>
      </symbol>
      <symbol id="sm-c5c">
         <name>mmcGetResponse</name>
         <value>0x1389a</value>
         <object_component_ref idref="oc-b00"/>
      </symbol>
      <symbol id="sm-c5d">
         <name>mmcReadBlock</name>
         <value>0x12444</value>
         <object_component_ref idref="oc-aae"/>
      </symbol>
      <symbol id="sm-c5e">
         <name>mmcGoIdle</name>
         <value>0x12716</value>
         <object_component_ref idref="oc-b4a"/>
      </symbol>
      <symbol id="sm-c5f">
         <name>mmcSendCmd</name>
         <value>0x12cdc</value>
         <object_component_ref idref="oc-afa"/>
      </symbol>
      <symbol id="sm-c60">
         <name>mmcGetXXResponse</name>
         <value>0x1392a</value>
         <object_component_ref idref="oc-b06"/>
      </symbol>
      <symbol id="sm-c61">
         <name>mmcInit</name>
         <value>0x12dcc</value>
         <object_component_ref idref="oc-b2e"/>
      </symbol>
      <symbol id="sm-c87">
         <name>decode_request_data_telecommand</name>
         <value>0x1262e</value>
         <object_component_ref idref="oc-821"/>
      </symbol>
      <symbol id="sm-c88">
         <name>calculate_read_position</name>
         <value>0x12c8c</value>
         <object_component_ref idref="oc-827"/>
      </symbol>
      <symbol id="sm-c89">
         <name>decode_telecommand</name>
         <value>0x126a2</value>
         <object_component_ref idref="oc-6b9"/>
      </symbol>
      <symbol id="sm-cb0">
         <name>__TI_decompress_lzss</name>
         <value>0x125b8</value>
         <object_component_ref idref="oc-71"/>
      </symbol>
      <symbol id="sm-cc1">
         <name>__TI_decompress_none</name>
         <value>0x13ae4</value>
         <object_component_ref idref="oc-77"/>
      </symbol>
      <symbol id="sm-cc4">
         <name>__TI_int30</name>
         <value>0xffcc</value>
         <object_component_ref idref="oc-7d"/>
      </symbol>
      <symbol id="sm-ccc">
         <name>__TI_ISR_TRAP</name>
         <value>0x8036</value>
         <object_component_ref idref="oc-3c5"/>
      </symbol>
      <symbol id="sm-ccf">
         <name>__TI_int31</name>
         <value>0xffce</value>
         <object_component_ref idref="oc-7e"/>
      </symbol>
      <symbol id="sm-cd2">
         <name>__TI_int32</name>
         <value>0xffd0</value>
         <object_component_ref idref="oc-7f"/>
      </symbol>
      <symbol id="sm-cd5">
         <name>__TI_int33</name>
         <value>0xffd2</value>
         <object_component_ref idref="oc-80"/>
      </symbol>
      <symbol id="sm-cd8">
         <name>__TI_int34</name>
         <value>0xffd4</value>
         <object_component_ref idref="oc-81"/>
      </symbol>
      <symbol id="sm-cdb">
         <name>__TI_int35</name>
         <value>0xffd6</value>
         <object_component_ref idref="oc-82"/>
      </symbol>
      <symbol id="sm-cde">
         <name>__TI_int36</name>
         <value>0xffd8</value>
         <object_component_ref idref="oc-83"/>
      </symbol>
      <symbol id="sm-ce1">
         <name>__TI_int37</name>
         <value>0xffda</value>
         <object_component_ref idref="oc-84"/>
      </symbol>
      <symbol id="sm-ce4">
         <name>__TI_int38</name>
         <value>0xffdc</value>
         <object_component_ref idref="oc-85"/>
      </symbol>
      <symbol id="sm-ce7">
         <name>__TI_int39</name>
         <value>0xffde</value>
         <object_component_ref idref="oc-86"/>
      </symbol>
      <symbol id="sm-cea">
         <name>__TI_int40</name>
         <value>0xffe0</value>
         <object_component_ref idref="oc-87"/>
      </symbol>
      <symbol id="sm-ced">
         <name>__TI_int41</name>
         <value>0xffe2</value>
         <object_component_ref idref="oc-88"/>
      </symbol>
      <symbol id="sm-cf0">
         <name>__TI_int42</name>
         <value>0xffe4</value>
         <object_component_ref idref="oc-89"/>
      </symbol>
      <symbol id="sm-cf3">
         <name>__TI_int43</name>
         <value>0xffe6</value>
         <object_component_ref idref="oc-8a"/>
      </symbol>
      <symbol id="sm-cf6">
         <name>__TI_int44</name>
         <value>0xffe8</value>
         <object_component_ref idref="oc-8b"/>
      </symbol>
      <symbol id="sm-cf9">
         <name>__TI_int46</name>
         <value>0xffec</value>
         <object_component_ref idref="oc-8d"/>
      </symbol>
      <symbol id="sm-cfc">
         <name>__TI_int47</name>
         <value>0xffee</value>
         <object_component_ref idref="oc-8e"/>
      </symbol>
      <symbol id="sm-cff">
         <name>__TI_int48</name>
         <value>0xfff0</value>
         <object_component_ref idref="oc-8f"/>
      </symbol>
      <symbol id="sm-d02">
         <name>__TI_int50</name>
         <value>0xfff4</value>
         <object_component_ref idref="oc-91"/>
      </symbol>
      <symbol id="sm-d05">
         <name>__TI_int51</name>
         <value>0xfff6</value>
         <object_component_ref idref="oc-92"/>
      </symbol>
      <symbol id="sm-d08">
         <name>__TI_int52</name>
         <value>0xfff8</value>
         <object_component_ref idref="oc-93"/>
      </symbol>
      <symbol id="sm-d0b">
         <name>__TI_int53</name>
         <value>0xfffa</value>
         <object_component_ref idref="oc-94"/>
      </symbol>
      <symbol id="sm-d0e">
         <name>__TI_int54</name>
         <value>0xfffc</value>
         <object_component_ref idref="oc-95"/>
      </symbol>
      <symbol id="sm-d21">
         <name>__TI_zero_init</name>
         <value>0x13876</value>
         <object_component_ref idref="oc-3dc"/>
      </symbol>
      <symbol id="sm-d3d">
         <name>__mspabi_mpyi_f5hw</name>
         <value>0x13ab4</value>
         <object_component_ref idref="oc-501"/>
      </symbol>
      <symbol id="sm-d4a">
         <name>__mspabi_slll_9</name>
         <value>0x1311e</value>
         <object_component_ref idref="oc-976"/>
      </symbol>
      <symbol id="sm-d4b">
         <name>__mspabi_slll_8</name>
         <value>0x13122</value>
         <object_component_ref idref="oc-976"/>
      </symbol>
      <symbol id="sm-d4c">
         <name>__mspabi_slll_7</name>
         <value>0x13126</value>
         <object_component_ref idref="oc-976"/>
      </symbol>
      <symbol id="sm-d4d">
         <name>__mspabi_slll_6</name>
         <value>0x1312a</value>
         <object_component_ref idref="oc-976"/>
      </symbol>
      <symbol id="sm-d4e">
         <name>__mspabi_slll_5</name>
         <value>0x1312e</value>
         <object_component_ref idref="oc-976"/>
      </symbol>
      <symbol id="sm-d4f">
         <name>__mspabi_slll_4</name>
         <value>0x13132</value>
         <object_component_ref idref="oc-976"/>
      </symbol>
      <symbol id="sm-d50">
         <name>__mspabi_slll_3</name>
         <value>0x13136</value>
         <object_component_ref idref="oc-976"/>
      </symbol>
      <symbol id="sm-d51">
         <name>__mspabi_slll_2</name>
         <value>0x1313a</value>
         <object_component_ref idref="oc-976"/>
      </symbol>
      <symbol id="sm-d52">
         <name>__mspabi_slll_1</name>
         <value>0x1313e</value>
         <object_component_ref idref="oc-976"/>
      </symbol>
      <symbol id="sm-d53">
         <name>__mspabi_slll_15</name>
         <value>0x13106</value>
         <object_component_ref idref="oc-976"/>
      </symbol>
      <symbol id="sm-d54">
         <name>__mspabi_slll_14</name>
         <value>0x1310a</value>
         <object_component_ref idref="oc-976"/>
      </symbol>
      <symbol id="sm-d55">
         <name>__mspabi_slll_13</name>
         <value>0x1310e</value>
         <object_component_ref idref="oc-976"/>
      </symbol>
      <symbol id="sm-d56">
         <name>__mspabi_slll_12</name>
         <value>0x13112</value>
         <object_component_ref idref="oc-976"/>
      </symbol>
      <symbol id="sm-d57">
         <name>__mspabi_slll_11</name>
         <value>0x13116</value>
         <object_component_ref idref="oc-976"/>
      </symbol>
      <symbol id="sm-d58">
         <name>__mspabi_slll_10</name>
         <value>0x1311a</value>
         <object_component_ref idref="oc-976"/>
      </symbol>
      <symbol id="sm-d61">
         <name>__mspabi_sral_15</name>
         <value>0x130c8</value>
         <object_component_ref idref="oc-59a"/>
      </symbol>
      <symbol id="sm-d62">
         <name>__mspabi_sral_14</name>
         <value>0x130cc</value>
         <object_component_ref idref="oc-59a"/>
      </symbol>
      <symbol id="sm-d63">
         <name>__mspabi_sral_13</name>
         <value>0x130d0</value>
         <object_component_ref idref="oc-59a"/>
      </symbol>
      <symbol id="sm-d64">
         <name>__mspabi_sral_12</name>
         <value>0x130d4</value>
         <object_component_ref idref="oc-59a"/>
      </symbol>
      <symbol id="sm-d65">
         <name>__mspabi_sral_11</name>
         <value>0x130d8</value>
         <object_component_ref idref="oc-59a"/>
      </symbol>
      <symbol id="sm-d66">
         <name>__mspabi_sral_10</name>
         <value>0x130dc</value>
         <object_component_ref idref="oc-59a"/>
      </symbol>
      <symbol id="sm-d67">
         <name>__mspabi_sral_8</name>
         <value>0x130e4</value>
         <object_component_ref idref="oc-59a"/>
      </symbol>
      <symbol id="sm-d68">
         <name>__mspabi_sral_9</name>
         <value>0x130e0</value>
         <object_component_ref idref="oc-59a"/>
      </symbol>
      <symbol id="sm-d69">
         <name>__mspabi_sral_6</name>
         <value>0x130ec</value>
         <object_component_ref idref="oc-59a"/>
      </symbol>
      <symbol id="sm-d6a">
         <name>__mspabi_sral_7</name>
         <value>0x130e8</value>
         <object_component_ref idref="oc-59a"/>
      </symbol>
      <symbol id="sm-d6b">
         <name>__mspabi_sral_4</name>
         <value>0x130f4</value>
         <object_component_ref idref="oc-59a"/>
      </symbol>
      <symbol id="sm-d6c">
         <name>__mspabi_sral_5</name>
         <value>0x130f0</value>
         <object_component_ref idref="oc-59a"/>
      </symbol>
      <symbol id="sm-d6d">
         <name>__mspabi_sral_2</name>
         <value>0x130fc</value>
         <object_component_ref idref="oc-59a"/>
      </symbol>
      <symbol id="sm-d6e">
         <name>__mspabi_sral_3</name>
         <value>0x130f8</value>
         <object_component_ref idref="oc-59a"/>
      </symbol>
      <symbol id="sm-d6f">
         <name>__mspabi_sral_1</name>
         <value>0x13100</value>
         <object_component_ref idref="oc-59a"/>
      </symbol>
      <symbol id="sm-d7a">
         <name>__mspabi_srll</name>
         <value>0x13b9e</value>
         <object_component_ref idref="oc-b35"/>
      </symbol>
      <symbol id="sm-d8d">
         <name>_stack</name>
         <value>0x2360</value>
         <object_component_ref idref="oc-3a6"/>
      </symbol>
      <symbol id="sm-d8e">
         <name>_c_int00_noargs</name>
         <value>0x8000</value>
         <object_component_ref idref="oc-3e8"/>
      </symbol>
      <symbol id="sm-d8f">
         <name>_reset_vector</name>
         <value>0xfffe</value>
         <object_component_ref idref="oc-3a9"/>
      </symbol>
      <symbol id="sm-db3">
         <name>__TI_auto_init_nobinit_nopinit_hold_wdt</name>
         <value>0x12540</value>
         <object_component_ref idref="oc-4c7"/>
      </symbol>
      <symbol id="sm-dbc">
         <name>_system_post_cinit</name>
         <value>0x13cf4</value>
         <object_component_ref idref="oc-59f"/>
      </symbol>
      <symbol id="sm-dc5">
         <name>_system_pre_init</name>
         <value>0x13ce4</value>
         <object_component_ref idref="oc-43c"/>
      </symbol>
      <symbol id="sm-dcf">
         <name>C$$EXIT</name>
         <value>0x13cae</value>
         <object_component_ref idref="oc-4a3"/>
      </symbol>
      <symbol id="sm-dd0">
         <name>abort</name>
         <value>0x13cae</value>
         <object_component_ref idref="oc-4a3"/>
      </symbol>
      <symbol id="sm-de7">
         <name>_sys_memory</name>
         <value>0x7c00</value>
         <object_component_ref idref="oc-3aa"/>
      </symbol>
      <symbol id="sm-df7">
         <name>memcmp</name>
         <value>0x133fc</value>
         <object_component_ref idref="oc-9ef"/>
      </symbol>
      <symbol id="sm-e06">
         <name>memcpy</name>
         <value>0x131c0</value>
         <object_component_ref idref="oc-3b8"/>
      </symbol>
      <symbol id="sm-e16">
         <name>memset</name>
         <value>0x139d4</value>
         <object_component_ref idref="oc-86e"/>
      </symbol>
      <symbol id="sm-e34">
         <name>vPortSetupTimerInterrupt</name>
         <value>0x1382a</value>
      </symbol>
   </symbol_table>
   <title>Link successful</title>
</link_info>
