******************************************************************************
                  MSP430 Linker Unix v18.12.2                  
******************************************************************************
>> Linked Thu Aug 22 17:32:30 2019

OUTPUT FILE NAME:   <floripasat.out>
ENTRY POINT SYMBOL: "_c_int00_noargs"  address: 00008000


MEMORY CONFIGURATION

         name            origin    length      used     unused   attr    fill
----------------------  --------  ---------  --------  --------  ----  --------
  SFR                   00000000   00000010  00000000  00000010  RWIX
  PERIPHERALS_8BIT      00000010   000000f0  00000000  000000f0  RWIX
  PERIPHERALS_16BIT     00000100   00000100  00000000  00000100  RWIX
  INFOD                 00001800   00000080  00000000  00000080  RWIX
  INFOC                 00001880   00000080  00000000  00000080  RWIX
  INFOB                 00001900   00000080  00000000  00000080  RWIX
  INFOA                 00001980   00000080  00000000  00000080  RWIX
  RAM                   00001c00   00000800  00000633  000001cd  RWIX
  FRAM                  00004400   0000bb80  00004160  00007a20  RWIX
  JTAGSIGNATURE         0000ff80   00000004  00000004  00000000  RWIX  ffff 
  BSLSIGNATURE          0000ff84   00000004  00000004  00000000  RWIX  ffff 
  IPESIGNATURE          0000ff88   00000008  00000008  00000000  RWIX  ffff 
  INT00                 0000ff90   00000002  00000000  00000002  RWIX
  INT01                 0000ff92   00000002  00000000  00000002  RWIX
  INT02                 0000ff94   00000002  00000000  00000002  RWIX
  INT03                 0000ff96   00000002  00000000  00000002  RWIX
  INT04                 0000ff98   00000002  00000000  00000002  RWIX
  INT05                 0000ff9a   00000002  00000000  00000002  RWIX
  INT06                 0000ff9c   00000002  00000000  00000002  RWIX
  INT07                 0000ff9e   00000002  00000000  00000002  RWIX
  INT08                 0000ffa0   00000002  00000000  00000002  RWIX
  INT09                 0000ffa2   00000002  00000000  00000002  RWIX
  INT10                 0000ffa4   00000002  00000000  00000002  RWIX
  INT11                 0000ffa6   00000002  00000000  00000002  RWIX
  INT12                 0000ffa8   00000002  00000000  00000002  RWIX
  INT13                 0000ffaa   00000002  00000000  00000002  RWIX
  INT14                 0000ffac   00000002  00000000  00000002  RWIX
  INT15                 0000ffae   00000002  00000000  00000002  RWIX
  INT16                 0000ffb0   00000002  00000000  00000002  RWIX
  INT17                 0000ffb2   00000002  00000000  00000002  RWIX
  INT18                 0000ffb4   00000002  00000000  00000002  RWIX
  INT19                 0000ffb6   00000002  00000000  00000002  RWIX
  INT20                 0000ffb8   00000002  00000000  00000002  RWIX
  INT21                 0000ffba   00000002  00000000  00000002  RWIX
  INT22                 0000ffbc   00000002  00000000  00000002  RWIX
  INT23                 0000ffbe   00000002  00000000  00000002  RWIX
  INT24                 0000ffc0   00000002  00000000  00000002  RWIX
  INT25                 0000ffc2   00000002  00000000  00000002  RWIX
  INT26                 0000ffc4   00000002  00000000  00000002  RWIX
  INT27                 0000ffc6   00000002  00000000  00000002  RWIX
  INT28                 0000ffc8   00000002  00000000  00000002  RWIX
  INT29                 0000ffca   00000002  00000000  00000002  RWIX
  INT30                 0000ffcc   00000002  00000002  00000000  RWIX
  INT31                 0000ffce   00000002  00000002  00000000  RWIX
  INT32                 0000ffd0   00000002  00000002  00000000  RWIX
  INT33                 0000ffd2   00000002  00000002  00000000  RWIX
  INT34                 0000ffd4   00000002  00000002  00000000  RWIX
  INT35                 0000ffd6   00000002  00000002  00000000  RWIX
  INT36                 0000ffd8   00000002  00000002  00000000  RWIX
  INT37                 0000ffda   00000002  00000002  00000000  RWIX
  INT38                 0000ffdc   00000002  00000002  00000000  RWIX
  INT39                 0000ffde   00000002  00000002  00000000  RWIX
  INT40                 0000ffe0   00000002  00000002  00000000  RWIX
  INT41                 0000ffe2   00000002  00000002  00000000  RWIX
  INT42                 0000ffe4   00000002  00000002  00000000  RWIX
  INT43                 0000ffe6   00000002  00000002  00000000  RWIX
  INT44                 0000ffe8   00000002  00000002  00000000  RWIX
  INT45                 0000ffea   00000002  00000002  00000000  RWIX
  INT46                 0000ffec   00000002  00000002  00000000  RWIX
  INT47                 0000ffee   00000002  00000002  00000000  RWIX
  INT48                 0000fff0   00000002  00000002  00000000  RWIX
  INT49                 0000fff2   00000002  00000002  00000000  RWIX
  INT50                 0000fff4   00000002  00000002  00000000  RWIX
  INT51                 0000fff6   00000002  00000002  00000000  RWIX
  INT52                 0000fff8   00000002  00000002  00000000  RWIX
  INT53                 0000fffa   00000002  00000002  00000000  RWIX
  INT54                 0000fffc   00000002  00000002  00000000  RWIX
  RESET                 0000fffe   00000002  00000002  00000000  RWIX
  FRAM2                 00010000   00004000  00003d02  000002fe  RWIX


SECTION ALLOCATION MAP

 output                                  attributes/
section   page    origin      length       input sections
--------  ----  ----------  ----------   ----------------
.TI.persistent 
*          0    00004400    00003800     
                  00004400    00003800     main.obj (.TI.persistent:ucHeap)

.ipestruct 
*          0    00004400    00000000     UNINITIALIZED

.ipe       0    00004400    00000000     UNINITIALIZED

.ipe:_isr 
*          0    00004400    00000000     UNINITIALIZED

.cio       0    00007c00    00000000     UNINITIALIZED

.sysmem    0    00007c00    000000a0     
                  00007c00    00000008     rts430x_lc_ld_eabi.lib : memory.c.obj (.sysmem) [fill = 0]
                  00007c08    00000098     --HOLE-- [fill = 0]

.cinit     0    00008534    0000002c     
                  00008534    0000000c     (__TI_handler_table)
                  00008540    0000000a     (.cinit..data.load) [load image, compression = lzss]
                  0000854a    00000006     (.cinit..bss.load) [load image, compression = zero_init]
                  00008550    00000010     (__TI_cinit_table)

.init_array 
*          0    00004400    00000000     UNINITIALIZED

.text:_isr 
*          0    00008000    0000003e     
                  00008000    0000001c     rts430x_lc_ld_eabi.lib : boot.c.obj (.text:_isr:_c_int00_noargs)
                  0000801c    00000010     port.obj (.text:_isr:vTickISREntry)
                  0000802c    0000000a     wdti.obj (.text:_isr:WDT_ISR)
                  00008036    00000008     rts430x_lc_ld_eabi.lib : isr_trap.asm.obj (.text:_isr:__TI_ISR_TRAP)

.bss       0    00001c00    00000563     UNINITIALIZED
                  00001c00    0000020a     (.common:rx_pkt)
                  00001e0a    0000010e     tasks.obj (.bss:pxReadyTasksLists)
                  00001f18    000000ca     (.common:satellite_data)
                  00001fe2    000000b6     (.common:rs_cb)
                  00002098    00000012     tasks.obj (.bss:xDelayedTaskList1)
                  000020aa    00000012     tasks.obj (.bss:xDelayedTaskList2)
                  000020bc    00000012     tasks.obj (.bss:xPendingReadyList)
                  000020ce    00000012     tasks.obj (.bss:xSuspendedTaskList)
                  000020e0    00000012     tasks.obj (.bss:xTasksWaitingTermination)
                  000020f2    00000008     ngham.obj (.bss)
                  000020fa    00000008     tasks.obj (.bss)
                  00002102    00000004     obdh.obj (.bss)
                  00002106    00000004     (.common:command_to_payload_rush_queue)
                  0000210a    00000004     (.common:eps_charge_queue)
                  0000210e    00000004     (.common:eps_queue)
                  00002112    00000004     (.common:flash_semaphore)
                  00002116    00000004     (.common:fsp_semaphore)
                  0000211a    00000004     (.common:i2c0_semaphore)
                  0000211e    00000004     (.common:imu_queue)
                  00002122    00000004     (.common:last_read_position)
                  00002126    00000004     (.common:main_radio_queue)
                  0000212a    00000004     (.common:obdh_misc_queue)
                  0000212e    00000004     (.common:obdh_status_queue)
                  00002132    00000004     (.common:obdh_uptime_queue)
                  00002136    00000004     (.common:payload_brave_queue)
                  0000213a    00000004     (.common:payload_rush_queue)
                  0000213e    00000004     (.common:solar_panels_queue)
                  00002142    00000004     (.common:spi1_semaphore)
                  00002146    00000004     (.common:status_eps_queue)
                  0000214a    00000004     (.common:status_imu_queue)
                  0000214e    00000004     (.common:status_mem1_queue)
                  00002152    00000004     (.common:status_payload_brave_queue)
                  00002156    00000004     (.common:status_payload_rush_queue)
                  0000215a    00000004     (.common:ttc_queue)
                  0000215e    00000004     (.common:tx_queue)
                  00002162    00000001     (.common:decoder_state)

.data      0    00002164    00000030     UNINITIALIZED
                  00002164    00000022     tasks.obj (.data)
                  00002186    00000008     heap_1.obj (.data)
                  0000218e    00000004     msp_internal.obj (.data)
                  00002192    00000002     port.obj (.data)

.stack     0    00002360    000000a0     UNINITIALIZED
                  00002360    00000004     rts430x_lc_ld_eabi.lib : boot.c.obj (.stack)
                  00002364    0000009c     --HOLE--

$fill000   0    0000ff80    00000004     
                  0000ff80    00000004     --HOLE-- [fill = ffff]

$fill001   0    0000ff84    00000004     
                  0000ff84    00000004     --HOLE-- [fill = ffff]

$fill002   0    0000ff88    00000008     
                  0000ff88    00000008     --HOLE-- [fill = ffff]

AES256     0    0000ffcc    00000002     
                  0000ffcc    00000002     rts430x_lc_ld_eabi.lib : int30.asm.obj (.int30)

RTC        0    0000ffce    00000002     
                  0000ffce    00000002     rts430x_lc_ld_eabi.lib : int31.asm.obj (.int31)

PORT4      0    0000ffd0    00000002     
                  0000ffd0    00000002     rts430x_lc_ld_eabi.lib : int32.asm.obj (.int32)

PORT3      0    0000ffd2    00000002     
                  0000ffd2    00000002     rts430x_lc_ld_eabi.lib : int33.asm.obj (.int33)

TIMER3_A1 
*          0    0000ffd4    00000002     
                  0000ffd4    00000002     rts430x_lc_ld_eabi.lib : int34.asm.obj (.int34)

TIMER3_A0 
*          0    0000ffd6    00000002     
                  0000ffd6    00000002     rts430x_lc_ld_eabi.lib : int35.asm.obj (.int35)

PORT2      0    0000ffd8    00000002     
                  0000ffd8    00000002     rts430x_lc_ld_eabi.lib : int36.asm.obj (.int36)

TIMER2_A1 
*          0    0000ffda    00000002     
                  0000ffda    00000002     rts430x_lc_ld_eabi.lib : int37.asm.obj (.int37)

TIMER2_A0 
*          0    0000ffdc    00000002     
                  0000ffdc    00000002     rts430x_lc_ld_eabi.lib : int38.asm.obj (.int38)

PORT1      0    0000ffde    00000002     
                  0000ffde    00000002     rts430x_lc_ld_eabi.lib : int39.asm.obj (.int39)

TIMER1_A1 
*          0    0000ffe0    00000002     
                  0000ffe0    00000002     rts430x_lc_ld_eabi.lib : int40.asm.obj (.int40)

TIMER1_A0 
*          0    0000ffe2    00000002     
                  0000ffe2    00000002     rts430x_lc_ld_eabi.lib : int41.asm.obj (.int41)

DMA        0    0000ffe4    00000002     
                  0000ffe4    00000002     rts430x_lc_ld_eabi.lib : int42.asm.obj (.int42)

USCI_A1    0    0000ffe6    00000002     
                  0000ffe6    00000002     rts430x_lc_ld_eabi.lib : int43.asm.obj (.int43)

TIMER0_A1 
*          0    0000ffe8    00000002     
                  0000ffe8    00000002     rts430x_lc_ld_eabi.lib : int44.asm.obj (.int44)

TIMER0_A0 
*          0    0000ffea    00000002     
                  0000ffea    00000002     port.obj (.int45)

ADC12      0    0000ffec    00000002     
                  0000ffec    00000002     rts430x_lc_ld_eabi.lib : int46.asm.obj (.int46)

USCI_B0    0    0000ffee    00000002     
                  0000ffee    00000002     rts430x_lc_ld_eabi.lib : int47.asm.obj (.int47)

USCI_A0    0    0000fff0    00000002     
                  0000fff0    00000002     rts430x_lc_ld_eabi.lib : int48.asm.obj (.int48)

WDT        0    0000fff2    00000002     
                  0000fff2    00000002     wdti.obj (.int49)

TIMER0_B1 
*          0    0000fff4    00000002     
                  0000fff4    00000002     rts430x_lc_ld_eabi.lib : int50.asm.obj (.int50)

TIMER0_B0 
*          0    0000fff6    00000002     
                  0000fff6    00000002     rts430x_lc_ld_eabi.lib : int51.asm.obj (.int51)

COMP_E     0    0000fff8    00000002     
                  0000fff8    00000002     rts430x_lc_ld_eabi.lib : int52.asm.obj (.int52)

UNMI       0    0000fffa    00000002     
                  0000fffa    00000002     rts430x_lc_ld_eabi.lib : int53.asm.obj (.int53)

SYSNMI     0    0000fffc    00000002     
                  0000fffc    00000002     rts430x_lc_ld_eabi.lib : int54.asm.obj (.int54)

.reset     0    0000fffe    00000002     
                  0000fffe    00000002     rts430x_lc_ld_eabi.lib : boot.c.obj (.reset)

.const     0    0000803e    000004f6     
                  0000803e    00000200     crc_ccitt.obj (.const:crc_ccitt_table)
                  0000823e    0000016b     rf4463.obj (.const:.string:RF4463_CONFIGURATION_DATA)
                  000083a9    00000001     --HOLE-- [fill = 0]
                  000083aa    000000ff     ccsds_scrambler.obj (.const:.string:ccsds_poly)
                  000084a9    00000001     --HOLE-- [fill = 0]
                  000084aa    0000001c     ngham.obj (.const:NGH_SIZE_TAG)
                  000084c6    00000010     obdh.obj (.const:.string)
                  000084d6    00000009     communications_task.obj (.const:.string:$P$T0$1)
                  000084df    00000001     --HOLE-- [fill = 0]
                  000084e0    00000009     communications_task.obj (.const:.string:$P$T1$2)
                  000084e9    00000001     --HOLE-- [fill = 0]
                  000084ea    00000009     communications_task.obj (.const:.string:$P$T2$3)
                  000084f3    00000001     --HOLE-- [fill = 0]
                  000084f4    00000008     rf4463.obj (.const:.string:$P$T0$1)
                  000084fc    00000008     communications_task.obj (.const:.string)
                  00008504    00000007     ngham.obj (.const:.string:NGH_PAR_SIZE)
                  0000850b    00000001     --HOLE-- [fill = 0]
                  0000850c    00000007     ngham.obj (.const:.string:NGH_PL_PAR_SIZE)
                  00008513    00000001     --HOLE-- [fill = 0]
                  00008514    00000007     ngham.obj (.const:.string:NGH_PL_SIZE)
                  0000851b    00000001     --HOLE-- [fill = 0]
                  0000851c    00000007     ngham.obj (.const:.string:NGH_PL_SIZE_FULL)
                  00008523    00000001     --HOLE-- [fill = 0]
                  00008524    00000006     tasks.obj (.const:.string)
                  0000852a    00000006     ngham.obj (.const)
                  00008530    00000004     ngham.obj (.const:.string:NGH_SYNC)

.text      0    00010000    00003d02     
                  00010000    0000028a     ngham.obj (.text:ngham_Encode)
                  0001028a    00000242     store_data_task.obj (.text:get_packet)
                  000104cc    000001ea     queue.obj (.text:xQueueGenericReceive)
                  000106b6    000001d6     ngham.obj (.text:ngham_Decode)
                  0001088c    000001b0     communications_task.obj (.text:send_requested_data)
                  00010a3c    00000198     queue.obj (.text:xQueueGenericSend)
                  00010bd4    00000170     obdh.obj (.text:create_tasks)
                  00010d44    0000016a     communications_task.obj (.text:enable_rush)
                  00010eae    00000162     communications_task.obj (.text:communications_task)
                  00011010    0000014c     communications_task.obj (.text:enter_in_hibernation)
                  0001115c    0000013e     communications_task.obj (.text:radioamateur_repeater)
                  0001129a    00000124     rf4463.obj (.text:rf4463_tx_long_packet)
                  000113be    0000011c     tasks.obj (.text:xTaskIncrementTick)
                  000114da    000000fc     communications_task.obj (.text:send_reset_charge_command)
                  000115d6    000000fa     tasks.obj (.text:prvInitialiseNewTask)
                  000116d0    000000d8     tasks.obj (.text:xTaskResumeAll)
                  000117a8    000000d6     tasks.obj (.text:vTaskSwitchContext)
                  0001187e    000000ca     communications_task.obj (.text:answer_ping)
                  00011948    000000b4     ngham.obj (.text:ngham_InitArrays)
                  000119fc    000000b4     communications_task.obj (.text:verify_key)
                  00011ab0    000000ae     tasks.obj (.text:vTaskDelayUntil)
                  00011b5e    000000aa     queue.obj (.text:xQueueGenericReset)
                  00011c08    000000aa     tasks.obj (.text:xTaskCheckForTimeOut)
                  00011cb2    000000a6     portext.obj (.text)
                  00011d58    000000a6     communications_task.obj (.text:send_periodic_data)
                  00011dfe    000000a2     communications_task.obj (.text:update_last_telecommand_status)
                  00011ea0    000000a0     queue.obj (.text:prvUnlockQueue)
                  00011f40    0000009e     queue.obj (.text:prvCopyDataToQueue)
                  00011fde    0000009c     tasks.obj (.text:prvAddNewTaskToReadyList)
                  0001207a    0000009a     tasks.obj (.text:vTaskPriorityInherit)
                  00012114    00000090     tasks.obj (.text:prvAddCurrentTaskToDelayedList)
                  000121a4    00000090     tasks.obj (.text:xTaskPriorityDisinherit)
                  00012234    0000008a     tasks.obj (.text:xTaskCreate)
                  000122be    00000086     tasks.obj (.text:xTaskRemoveFromEventList)
                  00012344    00000082     heap_1.obj (.text:pvPortMalloc)
                  000123c6    0000007e     store_data_task.obj (.text:get_last_write_pointer)
                  00012444    0000007e     mmc.obj (.text:mmcReadBlock)
                  000124c2    0000007e     mmc.obj (.text:mmcWriteBlock)
                  00012540    00000078     rts430x_lc_ld_eabi.lib : autoinit.c.obj (.text:__TI_auto_init_nobinit_nopinit_hold_wdt:__TI_auto_init_nobinit_nopinit_hold_wdt)
                  000125b8    00000076                            : copy_decompress_lzss.c.obj (.text:decompress:lzss:__TI_decompress_lzss)
                  0001262e    00000074     link.obj (.text:decode_request_data_telecommand)
                  000126a2    00000074     link.obj (.text:decode_telecommand)
                  00012716    00000070     mmc.obj (.text:mmcGoIdle)
                  00012786    0000006a     communications_task.obj (.text:leave_hibernation)
                  000127f0    00000068     communications_task.obj (.text:try_to_receive)
                  00012858    00000066     tasks.obj (.text:prvCheckTasksWaitingTermination)
                  000128be    00000062     store_data_task.obj (.text:mmc_write_sector)
                  00012920    00000062     tasks.obj (.text:prvInitialiseTaskLists)
                  00012982    0000005e     store_data_task.obj (.text:update_last_read_position)
                  000129e0    0000005a     mmc.obj (.text:mmcCheckBusy)
                  00012a3a    0000005a     rf4463.obj (.text:rf4463_set_config)
                  00012a94    00000058     rf4463.obj (.text:rf4463_tx_packet)
                  00012aec    00000054     list.obj (.text:vListInsert)
                  00012b40    00000054     tasks.obj (.text:vTaskStartScheduler)
                  00012b94    00000054     queue.obj (.text:xQueueGenericCreate)
                  00012be8    00000052     platform.obj (.text:ngham_ActionHandlePacket)
                  00012c3a    00000052     communications_task.obj (.text:send_data)
                  00012c8c    00000050     link.obj (.text:calculate_read_position)
                  00012cdc    00000050     mmc.obj (.text:mmcSendCmd)
                  00012d2c    00000050     mmc.obj (.text:mmcSetBlockLength)
                  00012d7c    00000050     rf4463.obj (.text:rf4463_set_properties)
                  00012dcc    0000004e     mmc.obj (.text:mmcInit)
                  00012e1a    0000004c     rf4463.obj (.text:rf4463_get_cmd)
                  00012e66    0000004a     hal_SPI.obj (.text:spiSendFrame)
                  00012eb0    00000048     store_data_task.obj (.text:get_last_read_pointer)
                  00012ef8    00000046     store_data_task.obj (.text:mmc_read_sector)
                  00012f3e    00000044     msp_internal.obj (.text:restore_time_counter)
                  00012f82    00000044     obdh.obj (.text:setup_hardware)
                  00012fc6    00000044     hal_SPI.obj (.text:spiReadFrame)
                  0001300a    00000040     ngham_packets.obj (.text:ngham_TxPktGen)
                  0001304a    00000040     msp_internal.obj (.text:update_reset_value)
                  0001308a    0000003e     i2c.obj (.text:i2c_setup)
                  000130c8    0000003e     rts430x_lc_ld_eabi.lib : asr32.asm.obj (.text:l_asr_const)
                  00013106    0000003e                            : lsl32.asm.obj (.text:l_lsl_const)
                  00013144    0000003e     msp_internal.obj (.text:read_current_state)
                  00013182    0000003e     rf4463.obj (.text:rf4463_power_on_reset)
                  000131c0    0000003c     rts430x_lc_ld_eabi.lib : memcpy.c.obj (.text:memcpy)
                  000131fc    0000003c     ngham_packets.obj (.text:ngham_RxPktInit)
                  00013238    0000003c     communications_task.obj (.text:request_antenna_mutex)
                  00013274    0000003a     ngham.obj (.text:ngham_TagCheck)
                  000132ae    0000003a     list.obj (.text:uxListRemove)
                  000132e8    00000038     store_data_task.obj (.text:pack_module_data)
                  00013320    00000038     rf4463.obj (.text:rf4463_check_cts)
                  00013358    00000038     rf4463.obj (.text:rf4463_reg_config)
                  00013390    00000036     rf4463.obj (.text:rf4463_check_device)
                  000133c6    00000036     msp_internal.obj (.text:update_operation_mode)
                  000133fc    00000034     rts430x_lc_ld_eabi.lib : memcmp.c.obj (.text:memcmp)
                  00013430    00000034     queue.obj (.text:prvCopyDataFromQueue)
                  00013464    00000034     rf4463.obj (.text:rf4463_enter_rx_mode)
                  00013498    00000032     platform.obj (.text:ngham_ActionSendData)
                  000134ca    00000032     rf4463.obj (.text:rf4463_set_tx_power)
                  000134fc    00000030     rf4463.obj (.text:rf4463_read_rx_fifo)
                  0001352c    00000030     rf4463.obj (.text:rf4463_set_cmd)
                  0001355c    00000030     tasks.obj (.text:vTaskPlaceOnEventList)
                  0001358c    0000002e     i2c.obj (.text:i2c_set_clock)
                  000135ba    0000002e     queue.obj (.text:prvIsQueueFull)
                  000135e8    0000002e     tasks.obj (.text:prvResetNextTaskUnblockTime)
                  00013616    0000002c     crc_ccitt.obj (.text:ngham_CRC_CCITT)
                  00013642    0000002c     queue.obj (.text:prvIsQueueEmpty)
                  0001366e    0000002c     list.obj (.text:vListInitialise)
                  0001369a    0000002a     rf4463.obj (.text:rf4463_rx_init)
                  000136c4    0000002a     rf4463.obj (.text:rf4463_wait_packet_sent)
                  000136ee    00000028     i2c.obj (.text:i2c_pin_reset)
                  00013716    00000028     queue.obj (.text:prvInitialiseMutex)
                  0001373e    00000028     rf4463.obj (.text:rf4463_enter_tx_mode)
                  00013766    00000028     rf4463.obj (.text:rf4463_set_rx_interrupt)
                  0001378e    00000028     rf4463.obj (.text:rf4463_write_tx_fifo)
                  000137b6    00000028     tasks.obj (.text:xTaskGetTickCount)
                  000137de    00000026     rf4463.obj (.text:rf4463_clear_interrupts)
                  00013804    00000026     spi.obj (.text:spi_rx_multiple)
                  0001382a    00000026     obdh.obj (.text:vApplicationSetupTimerInterrupt)
                  00013850    00000026     list.obj (.text:vListInsertEnd)
                  00013876    00000024     rts430x_lc_ld_eabi.lib : copy_zero_init.c.obj (.text:decompress:ZI:__TI_zero_init)
                  0001389a    00000024     mmc.obj (.text:mmcGetResponse)
                  000138be    00000024     port.obj (.text:pxPortInitialiseStack)
                  000138e2    00000024     rf4463.obj (.text:rf4463_init)
                  00013906    00000024     spi.obj (.text:spi_setup)
                  0001392a    00000022     mmc.obj (.text:mmcGetXXResponse)
                  0001394c    00000022     spi.obj (.text:spi_clock_setup)
                  0001396e    00000022     spi.obj (.text:spi_tx_multiple)
                  00013990    00000022     tasks.obj (.text:vTaskSetTimeOutState)
                  000139b2    00000022     wdti.obj (.text:wdti_setup)
                  000139d4    00000020     rts430x_lc_ld_eabi.lib : memset.c.obj (.text:memset)
                  000139f4    00000020     queue.obj (.text:prvInitialiseNewQueue)
                  00013a14    0000001c     hal_SPI.obj (.text:halSPISetup)
                  00013a30    0000001c     tasks.obj (.text:pvTaskIncrementMutexHeldCount)
                  00013a4c    0000001c     rf4463.obj (.text:rf4463_gpio_init)
                  00013a68    0000001a     obdh.obj (.text:gpio_setup)
                  00013a82    0000001a     spi.obj (.text:spi_tx)
                  00013a9c    00000018     rf4463.obj (.text:rf4463_fifo_reset)
                  00013ab4    00000018     rts430x_lc_ld_eabi.lib : mult16_f5hw.asm.obj (.text)
                  00013acc    00000018     tasks.obj (.text:xTaskGetSchedulerState)
                  00013ae4    00000016     rts430x_lc_ld_eabi.lib : copy_decompress_none.c.obj (.text:decompress:none:__TI_decompress_none)
                  00013afa    00000016     tasks.obj (.text:prvDeleteTCB)
                  00013b10    00000016     tasks.obj (.text:prvIdleTask)
                  00013b26    00000016     rf4463.obj (.text:rf4463_enter_standby_mode)
                  00013b3c    00000016     queue.obj (.text:xQueueCreateMutex)
                  00013b52    00000014     hal_SPI.obj (.text:spiSendByte)
                  00013b66    00000014     wdti.obj (.text:wdti_release_counter)
                  00013b7a    00000012     fec.obj (.text:encode_rs_char)
                  00013b8c    00000012     rf4463.obj (.text:rf4463_rx_packet)
                  00013b9e    00000010     rts430x_lc_ld_eabi.lib : lsr32.asm.obj (.text:l_lsr)
                  00013bae    00000010     main.obj (.text:main)
                  00013bbe    00000010     rf4463_spi.obj (.text:rf4463_spi_read)
                  00013bce    00000010     rf4463_spi.obj (.text:rf4463_spi_write)
                  00013bde    00000010     wdti.obj (.text:wdti_hold_counter)
                  00013bee    0000000e     rf4463.obj (.text:rf4463_wait_gpio1)
                  00013bfc    0000000e     heap_1.obj (.text:vPortFree)
                  00013c0a    0000000e     spi.obj (.text:wait_for_buffer_empty)
                  00013c18    0000000e     spi.obj (.text:wait_for_data_sent)
                  00013c26    0000000c     i2c.obj (.text:i2c_set_mode)
                  00013c32    0000000c     i2c.obj (.text:i2c_set_slave)
                  00013c3e    0000000c     rf4463_spi.obj (.text:rf4463_spi_transfer)
                  00013c4a    0000000c     rf4463.obj (.text:rf4463_wait_nIRQ)
                  00013c56    0000000c     msp_internal.obj (.text:set_hibernation_period_min)
                  00013c62    0000000a     ngham.obj (.text:ngham_Init)
                  00013c6c    0000000a     msp_internal.obj (.text:read_reset_value)
                  00013c76    0000000a     msp_internal.obj (.text:read_time_counter)
                  00013c80    0000000a     obdh.obj (.text:vApplicationIdleHook)
                  00013c8a    0000000a     obdh.obj (.text:vApplicationMallocFailedHook)
                  00013c94    0000000a     obdh.obj (.text:vApplicationStackOverflowHook)
                  00013c9e    00000008     msp_internal.obj (.text:read_reset_cause)
                  00013ca6    00000008     list.obj (.text:vListInitialiseItem)
                  00013cae    00000006     rts430x_lc_ld_eabi.lib : exit.c.obj (.text:abort)
                  00013cb4    00000006     flash.obj (.text:flash_read_long)
                  00013cba    00000006     rf4463.obj (.text:rf4463_power_up)
                  00013cc0    00000006     rf4463.obj (.text:rf4463_shutdown)
                  00013cc6    00000006     rf4463.obj (.text:rf4463_slave_disable)
                  00013ccc    00000006     rf4463.obj (.text:rf4463_slave_enable)
                  00013cd2    00000006     wdti.obj (.text:system_reboot)
                  00013cd8    00000006     tasks.obj (.text:vTaskMissedYield)
                  00013cde    00000006     tasks.obj (.text:vTaskSuspendAll)
                  00013ce4    00000004     rts430x_lc_ld_eabi.lib : pre_init.c.obj (.text:_system_pre_init)
                  00013ce8    00000004     flash.obj (.text:flash_read_single)
                  00013cec    00000004     platform.obj (.text:ngham_ActionGetNoiseFloor)
                  00013cf0    00000004     platform.obj (.text:ngham_ActionGetRSSI)
                  00013cf4    00000002     rts430x_lc_ld_eabi.lib : startup.c.obj (.text:_system_post_cinit)
                  00013cf6    00000002     flash.obj (.text:flash_erase)
                  00013cf8    00000002     flash.obj (.text:flash_write_long)
                  00013cfa    00000002     flash.obj (.text:flash_write_single)
                  00013cfc    00000002     platform.obj (.text:ngham_ActionReceptionHalfway)
                  00013cfe    00000002     platform.obj (.text:ngham_ActionReceptionStarted)
                  00013d00    00000002     platform.obj (.text:ngham_ActionSetPacketSize)

MODULE SUMMARY

       Module                       code    ro data   rw data
       ------                       ----    -------   -------
    ./
       main.obj                     16      0         14626  
    +--+----------------------------+-------+---------+---------+
       Total:                       16      0         14626  
                                                             
    ./FreeRTOS_Source/
       tasks.obj                    2738    6         402    
       queue.obj                    1706    0         0      
       list.obj                     232     0         0      
    +--+----------------------------+-------+---------+---------+
       Total:                       4676    6         402    
                                                             
    ./FreeRTOS_Source/portable/CCS/MSP430X/
       portext.obj                  166     0         0      
       port.obj                     52      2         2      
    +--+----------------------------+-------+---------+---------+
       Total:                       218     2         2      
                                                             
    ./FreeRTOS_Source/portable/MemMang/
       heap_1.obj                   144     0         8      
    +--+----------------------------+-------+---------+---------+
       Total:                       144     0         8      
                                                             
    ./driver/
       spi.obj                      196     0         0      
       i2c.obj                      172     0         0      
       wdti.obj                     86      2         0      
       flash.obj                    16      0         0      
    +--+----------------------------+-------+---------+---------+
       Total:                       470     2         0      
                                                             
    ./include/
       obdh.obj                     530     16        4      
       msp_internal.obj             288     0         4      
    +--+----------------------------+-------+---------+---------+
       Total:                       818     16        8      
                                                             
    ./libs/ngham/
       ngham.obj                    1368    66        190    
       crc_ccitt.obj                44      512       0      
       ccsds_scrambler.obj          0       255       0      
       ngham_packets.obj            124     0         0      
       fec.obj                      18      0         0      
    +--+----------------------------+-------+---------+---------+
       Total:                       1554    833       190    
                                                             
    ./libs/ngham/platform/
       platform.obj                 146     0         523    
    +--+----------------------------+-------+---------+---------+
       Total:                       146     0         523    
                                                             
    ./rf4463/
       rf4463.obj                   1472    371       0      
       rf4463_spi.obj               44      0         0      
    +--+----------------------------+-------+---------+---------+
       Total:                       1516    371       0      
                                                             
    ./src/
       communications_task.obj      3112    35        0      
       store_data_task.obj          1094    0         4      
    +--+----------------------------+-------+---------+---------+
       Total:                       4206    35        4      
                                                             
    ./util/
       link.obj                     312     0         0      
    +--+----------------------------+-------+---------+---------+
       Total:                       312     0         0      
                                                             
    ./util/MMC_lib/
       mmc.obj                      762     0         0      
       hal_SPI.obj                  190     0         0      
    +--+----------------------------+-------+---------+---------+
       Total:                       952     0         0      
                                                             
    /home/junior/ti/ccs910/ccs/tools/compiler/ti-cgt-msp430_18.12.2.LTS/lib/rts430x_lc_ld_eabi.lib
       autoinit.c.obj               120     0         0      
       copy_decompress_lzss.c.obj   118     0         0      
       asr32.asm.obj                62      0         0      
       lsl32.asm.obj                62      0         0      
       memcpy.c.obj                 60      0         0      
       memcmp.c.obj                 52      0         0      
       copy_zero_init.c.obj         36      0         0      
       memset.c.obj                 32      0         0      
       boot.c.obj                   28      2         0      
       mult16_f5hw.asm.obj          24      0         0      
       copy_decompress_none.c.obj   22      0         0      
       lsr32.asm.obj                16      0         0      
       isr_trap.asm.obj             8       0         0      
       exit.c.obj                   6       0         0      
       pre_init.c.obj               4       0         0      
       int30.asm.obj                0       2         0      
       int31.asm.obj                0       2         0      
       int32.asm.obj                0       2         0      
       int33.asm.obj                0       2         0      
       int34.asm.obj                0       2         0      
       int35.asm.obj                0       2         0      
       int36.asm.obj                0       2         0      
       int37.asm.obj                0       2         0      
       int38.asm.obj                0       2         0      
       int39.asm.obj                0       2         0      
       int40.asm.obj                0       2         0      
       int41.asm.obj                0       2         0      
       int42.asm.obj                0       2         0      
       int43.asm.obj                0       2         0      
       int44.asm.obj                0       2         0      
       int46.asm.obj                0       2         0      
       int47.asm.obj                0       2         0      
       int48.asm.obj                0       2         0      
       int50.asm.obj                0       2         0      
       int51.asm.obj                0       2         0      
       int52.asm.obj                0       2         0      
       int53.asm.obj                0       2         0      
       int54.asm.obj                0       2         0      
       startup.c.obj                2       0         0      
    +--+----------------------------+-------+---------+---------+
       Total:                       652     48        0      
                                                             
       Heap:                        0       0         160    
       Stack:                       0       0         160    
       Linker Generated:            0       44        0      
    +--+----------------------------+-------+---------+---------+
       Grand Total:                 15680   1357      16083  


LINKER GENERATED COPY TABLES

__TI_cinit_table @ 00008550 records: 2, size/record: 8, table size: 16
	.data: load addr=00008540, load size=0000000a bytes, run addr=00002164, run size=00000030 bytes, compression=lzss
	.bss: load addr=0000854a, load size=00000006 bytes, run addr=00001c00, run size=00000563 bytes, compression=zero_init


LINKER GENERATED HANDLER TABLE

__TI_handler_table @ 00008534 records: 3, size/record: 4, table size: 12
	index: 0, handler: __TI_zero_init
	index: 1, handler: __TI_decompress_lzss
	index: 2, handler: __TI_decompress_none


GLOBAL SYMBOLS: SORTED ALPHABETICALLY BY Name 

address   name                                   
-------   ----                                   
00000800  ADC12CTL0                              
00000801  ADC12CTL0_H                            
00000800  ADC12CTL0_L                            
00000802  ADC12CTL1                              
00000803  ADC12CTL1_H                            
00000802  ADC12CTL1_L                            
00000804  ADC12CTL2                              
00000805  ADC12CTL2_H                            
00000804  ADC12CTL2_L                            
00000806  ADC12CTL3                              
00000807  ADC12CTL3_H                            
00000806  ADC12CTL3_L                            
0000080a  ADC12HI                                
0000080b  ADC12HI_H                              
0000080a  ADC12HI_L                              
00000812  ADC12IER0                              
00000813  ADC12IER0_H                            
00000812  ADC12IER0_L                            
00000814  ADC12IER1                              
00000815  ADC12IER1_H                            
00000814  ADC12IER1_L                            
00000816  ADC12IER2                              
00000817  ADC12IER2_H                            
00000816  ADC12IER2_L                            
0000080c  ADC12IFGR0                             
0000080d  ADC12IFGR0_H                           
0000080c  ADC12IFGR0_L                           
0000080e  ADC12IFGR1                             
0000080f  ADC12IFGR1_H                           
0000080e  ADC12IFGR1_L                           
00000810  ADC12IFGR2                             
00000811  ADC12IFGR2_H                           
00000810  ADC12IFGR2_L                           
00000818  ADC12IV                                
00000819  ADC12IV_H                              
00000818  ADC12IV_L                              
00000808  ADC12LO                                
00000809  ADC12LO_H                              
00000808  ADC12LO_L                              
00000820  ADC12MCTL0                             
00000821  ADC12MCTL0_H                           
00000820  ADC12MCTL0_L                           
00000822  ADC12MCTL1                             
00000834  ADC12MCTL10                            
00000835  ADC12MCTL10_H                          
00000834  ADC12MCTL10_L                          
00000836  ADC12MCTL11                            
00000837  ADC12MCTL11_H                          
00000836  ADC12MCTL11_L                          
00000838  ADC12MCTL12                            
00000839  ADC12MCTL12_H                          
00000838  ADC12MCTL12_L                          
0000083a  ADC12MCTL13                            
0000083b  ADC12MCTL13_H                          
0000083a  ADC12MCTL13_L                          
0000083c  ADC12MCTL14                            
0000083d  ADC12MCTL14_H                          
0000083c  ADC12MCTL14_L                          
0000083e  ADC12MCTL15                            
0000083f  ADC12MCTL15_H                          
0000083e  ADC12MCTL15_L                          
00000840  ADC12MCTL16                            
00000841  ADC12MCTL16_H                          
00000840  ADC12MCTL16_L                          
00000842  ADC12MCTL17                            
00000843  ADC12MCTL17_H                          
00000842  ADC12MCTL17_L                          
00000844  ADC12MCTL18                            
00000845  ADC12MCTL18_H                          
00000844  ADC12MCTL18_L                          
00000846  ADC12MCTL19                            
00000847  ADC12MCTL19_H                          
00000846  ADC12MCTL19_L                          
00000823  ADC12MCTL1_H                           
00000822  ADC12MCTL1_L                           
00000824  ADC12MCTL2                             
00000848  ADC12MCTL20                            
00000849  ADC12MCTL20_H                          
00000848  ADC12MCTL20_L                          
0000084a  ADC12MCTL21                            
0000084b  ADC12MCTL21_H                          
0000084a  ADC12MCTL21_L                          
0000084c  ADC12MCTL22                            
0000084d  ADC12MCTL22_H                          
0000084c  ADC12MCTL22_L                          
0000084e  ADC12MCTL23                            
0000084f  ADC12MCTL23_H                          
0000084e  ADC12MCTL23_L                          
00000850  ADC12MCTL24                            
00000851  ADC12MCTL24_H                          
00000850  ADC12MCTL24_L                          
00000852  ADC12MCTL25                            
00000853  ADC12MCTL25_H                          
00000852  ADC12MCTL25_L                          
00000854  ADC12MCTL26                            
00000855  ADC12MCTL26_H                          
00000854  ADC12MCTL26_L                          
00000856  ADC12MCTL27                            
00000857  ADC12MCTL27_H                          
00000856  ADC12MCTL27_L                          
00000858  ADC12MCTL28                            
00000859  ADC12MCTL28_H                          
00000858  ADC12MCTL28_L                          
0000085a  ADC12MCTL29                            
0000085b  ADC12MCTL29_H                          
0000085a  ADC12MCTL29_L                          
00000825  ADC12MCTL2_H                           
00000824  ADC12MCTL2_L                           
00000826  ADC12MCTL3                             
0000085c  ADC12MCTL30                            
0000085d  ADC12MCTL30_H                          
0000085c  ADC12MCTL30_L                          
0000085e  ADC12MCTL31                            
0000085f  ADC12MCTL31_H                          
0000085e  ADC12MCTL31_L                          
00000827  ADC12MCTL3_H                           
00000826  ADC12MCTL3_L                           
00000828  ADC12MCTL4                             
00000829  ADC12MCTL4_H                           
00000828  ADC12MCTL4_L                           
0000082a  ADC12MCTL5                             
0000082b  ADC12MCTL5_H                           
0000082a  ADC12MCTL5_L                           
0000082c  ADC12MCTL6                             
0000082d  ADC12MCTL6_H                           
0000082c  ADC12MCTL6_L                           
0000082e  ADC12MCTL7                             
0000082f  ADC12MCTL7_H                           
0000082e  ADC12MCTL7_L                           
00000830  ADC12MCTL8                             
00000831  ADC12MCTL8_H                           
00000830  ADC12MCTL8_L                           
00000832  ADC12MCTL9                             
00000833  ADC12MCTL9_H                           
00000832  ADC12MCTL9_L                           
00000860  ADC12MEM0                              
00000861  ADC12MEM0_H                            
00000860  ADC12MEM0_L                            
00000862  ADC12MEM1                              
00000874  ADC12MEM10                             
00000875  ADC12MEM10_H                           
00000874  ADC12MEM10_L                           
00000876  ADC12MEM11                             
00000877  ADC12MEM11_H                           
00000876  ADC12MEM11_L                           
00000878  ADC12MEM12                             
00000879  ADC12MEM12_H                           
00000878  ADC12MEM12_L                           
0000087a  ADC12MEM13                             
0000087b  ADC12MEM13_H                           
0000087a  ADC12MEM13_L                           
0000087c  ADC12MEM14                             
0000087d  ADC12MEM14_H                           
0000087c  ADC12MEM14_L                           
0000087e  ADC12MEM15                             
0000087f  ADC12MEM15_H                           
0000087e  ADC12MEM15_L                           
00000880  ADC12MEM16                             
00000881  ADC12MEM16_H                           
00000880  ADC12MEM16_L                           
00000882  ADC12MEM17                             
00000883  ADC12MEM17_H                           
00000882  ADC12MEM17_L                           
00000884  ADC12MEM18                             
00000885  ADC12MEM18_H                           
00000884  ADC12MEM18_L                           
00000886  ADC12MEM19                             
00000887  ADC12MEM19_H                           
00000886  ADC12MEM19_L                           
00000863  ADC12MEM1_H                            
00000862  ADC12MEM1_L                            
00000864  ADC12MEM2                              
00000888  ADC12MEM20                             
00000889  ADC12MEM20_H                           
00000888  ADC12MEM20_L                           
0000088a  ADC12MEM21                             
0000088b  ADC12MEM21_H                           
0000088a  ADC12MEM21_L                           
0000088c  ADC12MEM22                             
0000088d  ADC12MEM22_H                           
0000088c  ADC12MEM22_L                           
0000088e  ADC12MEM23                             
0000088f  ADC12MEM23_H                           
0000088e  ADC12MEM23_L                           
00000890  ADC12MEM24                             
00000891  ADC12MEM24_H                           
00000890  ADC12MEM24_L                           
00000892  ADC12MEM25                             
00000893  ADC12MEM25_H                           
00000892  ADC12MEM25_L                           
00000894  ADC12MEM26                             
00000895  ADC12MEM26_H                           
00000894  ADC12MEM26_L                           
00000896  ADC12MEM27                             
00000897  ADC12MEM27_H                           
00000896  ADC12MEM27_L                           
00000898  ADC12MEM28                             
00000899  ADC12MEM28_H                           
00000898  ADC12MEM28_L                           
0000089a  ADC12MEM29                             
0000089b  ADC12MEM29_H                           
0000089a  ADC12MEM29_L                           
00000865  ADC12MEM2_H                            
00000864  ADC12MEM2_L                            
00000866  ADC12MEM3                              
0000089c  ADC12MEM30                             
0000089d  ADC12MEM30_H                           
0000089c  ADC12MEM30_L                           
0000089e  ADC12MEM31                             
0000089f  ADC12MEM31_H                           
0000089e  ADC12MEM31_L                           
00000867  ADC12MEM3_H                            
00000866  ADC12MEM3_L                            
00000868  ADC12MEM4                              
00000869  ADC12MEM4_H                            
00000868  ADC12MEM4_L                            
0000086a  ADC12MEM5                              
0000086b  ADC12MEM5_H                            
0000086a  ADC12MEM5_L                            
0000086c  ADC12MEM6                              
0000086d  ADC12MEM6_H                            
0000086c  ADC12MEM6_L                            
0000086e  ADC12MEM7                              
0000086f  ADC12MEM7_H                            
0000086e  ADC12MEM7_L                            
00000870  ADC12MEM8                              
00000871  ADC12MEM8_H                            
00000870  ADC12MEM8_L                            
00000872  ADC12MEM9                              
00000873  ADC12MEM9_H                            
00000872  ADC12MEM9_L                            
000009c0  AESACTL0                               
000009c1  AESACTL0_H                             
000009c0  AESACTL0_L                             
000009c2  AESACTL1                               
000009c3  AESACTL1_H                             
000009c2  AESACTL1_L                             
000009c8  AESADIN                                
000009c9  AESADIN_H                              
000009c8  AESADIN_L                              
000009ca  AESADOUT                               
000009cb  AESADOUT_H                             
000009ca  AESADOUT_L                             
000009c6  AESAKEY                                
000009c7  AESAKEY_H                              
000009c6  AESAKEY_L                              
000009c4  AESASTAT                               
000009c5  AESASTAT_H                             
000009c4  AESASTAT_L                             
000009cc  AESAXDIN                               
000009cd  AESAXDIN_H                             
000009cc  AESAXDIN_L                             
000009ce  AESAXIN                                
000009cf  AESAXIN_H                              
000009ce  AESAXIN_L                              
000004be  BCD2BIN                                
000004bc  BIN2BCD                                
00013cae  C$$EXIT                                
0000043e  CAPTIO0CTL                             
0000043f  CAPTIO0CTL_H                           
0000043e  CAPTIO0CTL_L                           
0000047e  CAPTIO1CTL                             
0000047f  CAPTIO1CTL_H                           
0000047e  CAPTIO1CTL_L                           
000008c0  CECTL0                                 
000008c1  CECTL0_H                               
000008c0  CECTL0_L                               
000008c2  CECTL1                                 
000008c3  CECTL1_H                               
000008c2  CECTL1_L                               
000008c4  CECTL2                                 
000008c5  CECTL2_H                               
000008c4  CECTL2_L                               
000008c6  CECTL3                                 
000008c7  CECTL3_H                               
000008c6  CECTL3_L                               
000008cc  CEINT                                  
000008cd  CEINT_H                                
000008cc  CEINT_L                                
000008ce  CEIV                                   
000008cf  CEIV_H                                 
000008ce  CEIV_L                                 
00000150  CRCDI                                  
00000152  CRCDIRB                                
00000153  CRCDIRB_H                              
00000152  CRCDIRB_L                              
00000151  CRCDI_H                                
00000150  CRCDI_L                                
00000154  CRCINIRES                              
00000155  CRCINIRES_H                            
00000154  CRCINIRES_L                            
00000156  CRCRESR                                
00000157  CRCRESR_H                              
00000156  CRCRESR_L                              
00000160  CSCTL0                                 
00000161  CSCTL0_H                               
00000160  CSCTL0_L                               
00000162  CSCTL1                                 
00000163  CSCTL1_H                               
00000162  CSCTL1_L                               
00000164  CSCTL2                                 
00000165  CSCTL2_H                               
00000164  CSCTL2_L                               
00000166  CSCTL3                                 
00000167  CSCTL3_H                               
00000166  CSCTL3_L                               
00000168  CSCTL4                                 
00000169  CSCTL4_H                               
00000168  CSCTL4_L                               
0000016a  CSCTL5                                 
0000016b  CSCTL5_H                               
0000016a  CSCTL5_L                               
0000016c  CSCTL6                                 
0000016d  CSCTL6_H                               
0000016c  CSCTL6_L                               
00000510  DMA0CTL                                
00000516  DMA0DA                                 
00000518  DMA0DAH                                
00000516  DMA0DAL                                
00000512  DMA0SA                                 
00000514  DMA0SAH                                
00000512  DMA0SAL                                
0000051a  DMA0SZ                                 
00000520  DMA1CTL                                
00000526  DMA1DA                                 
00000528  DMA1DAH                                
00000526  DMA1DAL                                
00000522  DMA1SA                                 
00000524  DMA1SAH                                
00000522  DMA1SAL                                
0000052a  DMA1SZ                                 
00000530  DMA2CTL                                
00000536  DMA2DA                                 
00000538  DMA2DAH                                
00000536  DMA2DAL                                
00000532  DMA2SA                                 
00000534  DMA2SAH                                
00000532  DMA2SAL                                
0000053a  DMA2SZ                                 
00000500  DMACTL0                                
00000502  DMACTL1                                
00000504  DMACTL2                                
00000506  DMACTL3                                
00000508  DMACTL4                                
0000050e  DMAIV                                  
00000140  FRCTL0                                 
00000141  FRCTL0_H                               
00000140  FRCTL0_L                               
00000144  GCCTL0                                 
00000145  GCCTL0_H                               
00000144  GCCTL0_L                               
00000146  GCCTL1                                 
00000147  GCCTL1_H                               
00000146  GCCTL1_L                               
000004c4  MAC                                    
000004da  MAC32H                                 
000004db  MAC32H_H                               
000004da  MAC32H_L                               
000004d8  MAC32L                                 
000004d9  MAC32L_H                               
000004d8  MAC32L_L                               
000004c6  MACS                                   
000004de  MACS32H                                
000004df  MACS32H_H                              
000004de  MACS32H_L                              
000004dc  MACS32L                                
000004dd  MACS32L_H                              
000004dc  MACS32L_L                              
000004c7  MACS_H                                 
000004c6  MACS_L                                 
000004c5  MAC_H                                  
000004c4  MAC_L                                  
000005a0  MPUCTL0                                
000005a1  MPUCTL0_H                              
000005a0  MPUCTL0_L                              
000005a2  MPUCTL1                                
000005a3  MPUCTL1_H                              
000005a2  MPUCTL1_L                              
000005aa  MPUIPC0                                
000005ab  MPUIPC0_H                              
000005aa  MPUIPC0_L                              
000005ae  MPUIPSEGB1                             
000005af  MPUIPSEGB1_H                           
000005ae  MPUIPSEGB1_L                           
000005ac  MPUIPSEGB2                             
000005ad  MPUIPSEGB2_H                           
000005ac  MPUIPSEGB2_L                           
000005a8  MPUSAM                                 
000005a9  MPUSAM_H                               
000005a8  MPUSAM_L                               
000005a6  MPUSEGB1                               
000005a7  MPUSEGB1_H                             
000005a6  MPUSEGB1_L                             
000005a4  MPUSEGB2                               
000005a5  MPUSEGB2_H                             
000005a4  MPUSEGB2_L                             
000004c0  MPY                                    
000004ec  MPY32CTL0                              
000004ed  MPY32CTL0_H                            
000004ec  MPY32CTL0_L                            
000004d2  MPY32H                                 
000004d3  MPY32H_H                               
000004d2  MPY32H_L                               
000004d0  MPY32L                                 
000004d1  MPY32L_H                               
000004d0  MPY32L_L                               
000004c2  MPYS                                   
000004d6  MPYS32H                                
000004d7  MPYS32H_H                              
000004d6  MPYS32H_L                              
000004d4  MPYS32L                                
000004d5  MPYS32L_H                              
000004d4  MPYS32L_L                              
000004c3  MPYS_H                                 
000004c2  MPYS_L                                 
000004c1  MPY_H                                  
000004c0  MPY_L                                  
00008504  NGH_PAR_SIZE                           
0000850c  NGH_PL_PAR_SIZE                        
00008514  NGH_PL_SIZE                            
0000851c  NGH_PL_SIZE_FULL                       
0000852a  NGH_PREAMBLE                           
0000852b  NGH_PREAMBLE_FOUR_LEVEL                
000084aa  NGH_SIZE_TAG                           
00008530  NGH_SYNC                               
000004c8  OP2                                    
000004e2  OP2H                                   
000004e3  OP2H_H                                 
000004e2  OP2H_L                                 
000004e0  OP2L                                   
000004e1  OP2L_H                                 
000004e0  OP2L_L                                 
000004c9  OP2_H                                  
000004c8  OP2_L                                  
0000020e  P1IV                                   
0000021e  P2IV                                   
0000022e  P3IV                                   
0000023e  P4IV                                   
00000204  PADIR                                  
00000205  PADIR_H                                
00000204  PADIR_L                                
0000021a  PAIE                                   
00000218  PAIES                                  
00000219  PAIES_H                                
00000218  PAIES_L                                
0000021b  PAIE_H                                 
0000021a  PAIE_L                                 
0000021c  PAIFG                                  
0000021d  PAIFG_H                                
0000021c  PAIFG_L                                
00000200  PAIN                                   
00000201  PAIN_H                                 
00000200  PAIN_L                                 
00000202  PAOUT                                  
00000203  PAOUT_H                                
00000202  PAOUT_L                                
00000206  PAREN                                  
00000207  PAREN_H                                
00000206  PAREN_L                                
0000020a  PASEL0                                 
0000020b  PASEL0_H                               
0000020a  PASEL0_L                               
0000020c  PASEL1                                 
0000020d  PASEL1_H                               
0000020c  PASEL1_L                               
00000216  PASELC                                 
00000217  PASELC_H                               
00000216  PASELC_L                               
00000224  PBDIR                                  
00000225  PBDIR_H                                
00000224  PBDIR_L                                
0000023a  PBIE                                   
00000238  PBIES                                  
00000239  PBIES_H                                
00000238  PBIES_L                                
0000023b  PBIE_H                                 
0000023a  PBIE_L                                 
0000023c  PBIFG                                  
0000023d  PBIFG_H                                
0000023c  PBIFG_L                                
00000220  PBIN                                   
00000221  PBIN_H                                 
00000220  PBIN_L                                 
00000222  PBOUT                                  
00000223  PBOUT_H                                
00000222  PBOUT_L                                
00000226  PBREN                                  
00000227  PBREN_H                                
00000226  PBREN_L                                
0000022a  PBSEL0                                 
0000022b  PBSEL0_H                               
0000022a  PBSEL0_L                               
0000022c  PBSEL1                                 
0000022d  PBSEL1_H                               
0000022c  PBSEL1_L                               
00000236  PBSELC                                 
00000237  PBSELC_H                               
00000236  PBSELC_L                               
00000324  PJDIR                                  
00000325  PJDIR_H                                
00000324  PJDIR_L                                
00000320  PJIN                                   
00000321  PJIN_H                                 
00000320  PJIN_L                                 
00000322  PJOUT                                  
00000323  PJOUT_H                                
00000322  PJOUT_L                                
00000326  PJREN                                  
00000327  PJREN_H                                
00000326  PJREN_L                                
0000032a  PJSEL0                                 
0000032b  PJSEL0_H                               
0000032a  PJSEL0_L                               
0000032c  PJSEL1                                 
0000032d  PJSEL1_H                               
0000032c  PJSEL1_L                               
00000336  PJSELC                                 
00000337  PJSELC_H                               
00000336  PJSELC_L                               
00000130  PM5CTL0                                
00000131  PM5CTL0_H                              
00000130  PM5CTL0_L                              
00000120  PMMCTL0                                
00000121  PMMCTL0_H                              
00000120  PMMCTL0_L                              
0000012a  PMMIFG                                 
0000012b  PMMIFG_H                               
0000012a  PMMIFG_L                               
000001b0  REFCTL0                                
000001b1  REFCTL0_H                              
000001b0  REFCTL0_L                              
000004e4  RES0                                   
000004e5  RES0_H                                 
000004e4  RES0_L                                 
000004e6  RES1                                   
000004e7  RES1_H                                 
000004e6  RES1_L                                 
000004e8  RES2                                   
000004e9  RES2_H                                 
000004e8  RES2_L                                 
000004ea  RES3                                   
000004eb  RES3_H                                 
000004ea  RES3_L                                 
000004cc  RESHI                                  
000004cd  RESHI_H                                
000004cc  RESHI_L                                
000004ca  RESLO                                  
000004cb  RESLO_H                                
000004ca  RESLO_L                                
0000823e  RF4463_CONFIGURATION_DATA              
000004ba  RTCADOWDAY                             
000004bb  RTCADOWDAY_H                           
000004ba  RTCADOWDAY_L                           
000004b8  RTCAMINHR                              
000004b9  RTCAMINHR_H                            
000004b8  RTCAMINHR_L                            
000004a0  RTCCTL01                               
000004a1  RTCCTL01_H                             
000004a0  RTCCTL01_L                             
000004a2  RTCCTL23                               
000004a3  RTCCTL23_H                             
000004a2  RTCCTL23_L                             
000004b4  RTCDATE                                
000004b5  RTCDATE_H                              
000004b4  RTCDATE_L                              
000004ae  RTCIV                                  
000004ac  RTCPS                                  
000004a8  RTCPS0CTL                              
000004a9  RTCPS0CTL_H                            
000004a8  RTCPS0CTL_L                            
000004aa  RTCPS1CTL                              
000004ab  RTCPS1CTL_H                            
000004aa  RTCPS1CTL_L                            
000004ad  RTCPS_H                                
000004ac  RTCPS_L                                
000004b0  RTCTIM0                                
000004b1  RTCTIM0_H                              
000004b0  RTCTIM0_L                              
000004b2  RTCTIM1                                
000004b3  RTCTIM1_H                              
000004b2  RTCTIM1_L                              
000004b6  RTCYEAR                                
000004b7  RTCYEAR_H                              
000004b6  RTCYEAR_L                              
00000100  SFRIE1                                 
00000101  SFRIE1_H                               
00000100  SFRIE1_L                               
00000102  SFRIFG1                                
00000103  SFRIFG1_H                              
00000102  SFRIFG1_L                              
00000104  SFRRPCR                                
00000105  SFRRPCR_H                              
00000104  SFRRPCR_L                              
000004ce  SUMEXT                                 
000004cf  SUMEXT_H                               
000004ce  SUMEXT_L                               
00000180  SYSCTL                                 
00000181  SYSCTL_H                               
00000180  SYSCTL_L                               
00000186  SYSJMBC                                
00000187  SYSJMBC_H                              
00000186  SYSJMBC_L                              
00000188  SYSJMBI0                               
00000189  SYSJMBI0_H                             
00000188  SYSJMBI0_L                             
0000018a  SYSJMBI1                               
0000018b  SYSJMBI1_H                             
0000018a  SYSJMBI1_L                             
0000018c  SYSJMBO0                               
0000018d  SYSJMBO0_H                             
0000018c  SYSJMBO0_L                             
0000018e  SYSJMBO1                               
0000018f  SYSJMBO1_H                             
0000018e  SYSJMBO1_L                             
0000019e  SYSRSTIV                               
0000019f  SYSRSTIV_H                             
0000019e  SYSRSTIV_L                             
0000019c  SYSSNIV                                
0000019d  SYSSNIV_H                              
0000019c  SYSSNIV_L                              
0000019a  SYSUNIV                                
0000019b  SYSUNIV_H                              
0000019a  SYSUNIV_L                              
00000352  TA0CCR0                                
00000354  TA0CCR1                                
00000356  TA0CCR2                                
00000342  TA0CCTL0                               
00000344  TA0CCTL1                               
00000346  TA0CCTL2                               
00000340  TA0CTL                                 
00000360  TA0EX0                                 
0000036e  TA0IV                                  
00000350  TA0R                                   
00000392  TA1CCR0                                
00000394  TA1CCR1                                
00000396  TA1CCR2                                
00000382  TA1CCTL0                               
00000384  TA1CCTL1                               
00000386  TA1CCTL2                               
00000380  TA1CTL                                 
000003a0  TA1EX0                                 
000003ae  TA1IV                                  
00000390  TA1R                                   
00000412  TA2CCR0                                
00000414  TA2CCR1                                
00000402  TA2CCTL0                               
00000404  TA2CCTL1                               
00000400  TA2CTL                                 
00000420  TA2EX0                                 
0000042e  TA2IV                                  
00000410  TA2R                                   
00000452  TA3CCR0                                
00000454  TA3CCR1                                
00000442  TA3CCTL0                               
00000444  TA3CCTL1                               
00000440  TA3CTL                                 
00000460  TA3EX0                                 
0000046e  TA3IV                                  
00000450  TA3R                                   
000003d2  TB0CCR0                                
000003d4  TB0CCR1                                
000003d6  TB0CCR2                                
000003d8  TB0CCR3                                
000003da  TB0CCR4                                
000003dc  TB0CCR5                                
000003de  TB0CCR6                                
000003c2  TB0CCTL0                               
000003c4  TB0CCTL1                               
000003c6  TB0CCTL2                               
000003c8  TB0CCTL3                               
000003ca  TB0CCTL4                               
000003cc  TB0CCTL5                               
000003ce  TB0CCTL6                               
000003c0  TB0CTL                                 
000003e0  TB0EX0                                 
000003ee  TB0IV                                  
000003d0  TB0R                                   
000005d0  UCA0ABCTL                              
000005c6  UCA0BRW                                
000005c7  UCA0BRW_H                              
000005c6  UCA0BRW_L                              
000005c0  UCA0CTLW0                              
000005c1  UCA0CTLW0_H                            
000005c0  UCA0CTLW0_L                            
000005c2  UCA0CTLW1                              
000005c3  UCA0CTLW1_H                            
000005c2  UCA0CTLW1_L                            
000005da  UCA0IE                                 
000005db  UCA0IE_H                               
000005da  UCA0IE_L                               
000005dc  UCA0IFG                                
000005dd  UCA0IFG_H                              
000005dc  UCA0IFG_L                              
000005d2  UCA0IRCTL                              
000005d3  UCA0IRCTL_H                            
000005d2  UCA0IRCTL_L                            
000005de  UCA0IV                                 
000005c8  UCA0MCTLW                              
000005c9  UCA0MCTLW_H                            
000005c8  UCA0MCTLW_L                            
000005cc  UCA0RXBUF                              
000005cd  UCA0RXBUF_H                            
000005cc  UCA0RXBUF_L                            
000005ca  UCA0STATW                              
000005ce  UCA0TXBUF                              
000005cf  UCA0TXBUF_H                            
000005ce  UCA0TXBUF_L                            
000005f0  UCA1ABCTL                              
000005e6  UCA1BRW                                
000005e7  UCA1BRW_H                              
000005e6  UCA1BRW_L                              
000005e0  UCA1CTLW0                              
000005e1  UCA1CTLW0_H                            
000005e0  UCA1CTLW0_L                            
000005e2  UCA1CTLW1                              
000005e3  UCA1CTLW1_H                            
000005e2  UCA1CTLW1_L                            
000005fa  UCA1IE                                 
000005fb  UCA1IE_H                               
000005fa  UCA1IE_L                               
000005fc  UCA1IFG                                
000005fd  UCA1IFG_H                              
000005fc  UCA1IFG_L                              
000005f2  UCA1IRCTL                              
000005f3  UCA1IRCTL_H                            
000005f2  UCA1IRCTL_L                            
000005fe  UCA1IV                                 
000005e8  UCA1MCTLW                              
000005e9  UCA1MCTLW_H                            
000005e8  UCA1MCTLW_L                            
000005ec  UCA1RXBUF                              
000005ed  UCA1RXBUF_H                            
000005ec  UCA1RXBUF_L                            
000005ea  UCA1STATW                              
000005ee  UCA1TXBUF                              
000005ef  UCA1TXBUF_H                            
000005ee  UCA1TXBUF_L                            
0000065e  UCB0ADDMASK                            
0000065f  UCB0ADDMASK_H                          
0000065e  UCB0ADDMASK_L                          
0000065c  UCB0ADDRX                              
0000065d  UCB0ADDRX_H                            
0000065c  UCB0ADDRX_L                            
00000646  UCB0BRW                                
00000647  UCB0BRW_H                              
00000646  UCB0BRW_L                              
00000640  UCB0CTLW0                              
00000641  UCB0CTLW0_H                            
00000640  UCB0CTLW0_L                            
00000642  UCB0CTLW1                              
00000643  UCB0CTLW1_H                            
00000642  UCB0CTLW1_L                            
00000654  UCB0I2COA0                             
00000655  UCB0I2COA0_H                           
00000654  UCB0I2COA0_L                           
00000656  UCB0I2COA1                             
00000657  UCB0I2COA1_H                           
00000656  UCB0I2COA1_L                           
00000658  UCB0I2COA2                             
00000659  UCB0I2COA2_H                           
00000658  UCB0I2COA2_L                           
0000065a  UCB0I2COA3                             
0000065b  UCB0I2COA3_H                           
0000065a  UCB0I2COA3_L                           
00000660  UCB0I2CSA                              
00000661  UCB0I2CSA_H                            
00000660  UCB0I2CSA_L                            
0000066a  UCB0IE                                 
0000066b  UCB0IE_H                               
0000066a  UCB0IE_L                               
0000066c  UCB0IFG                                
0000066d  UCB0IFG_H                              
0000066c  UCB0IFG_L                              
0000066e  UCB0IV                                 
0000064c  UCB0RXBUF                              
0000064d  UCB0RXBUF_H                            
0000064c  UCB0RXBUF_L                            
00000648  UCB0STATW                              
00000649  UCB0STATW_H                            
00000648  UCB0STATW_L                            
0000064a  UCB0TBCNT                              
0000064b  UCB0TBCNT_H                            
0000064a  UCB0TBCNT_L                            
0000064e  UCB0TXBUF                              
0000064f  UCB0TXBUF_H                            
0000064e  UCB0TXBUF_L                            
0000015c  WDTCTL                                 
0000015d  WDTCTL_H                               
0000015c  WDTCTL_L                               
0000802c  WDT_ISR                                
00002400  __STACK_END                            
000000a0  __STACK_SIZE                           
000000a0  __SYSMEM_SIZE                          
00008550  __TI_CINIT_Base                        
00008560  __TI_CINIT_Limit                       
00008534  __TI_Handler_Table_Base                
00008540  __TI_Handler_Table_Limit               
00008036  __TI_ISR_TRAP                          
00012540  __TI_auto_init_nobinit_nopinit_hold_wdt
000125b8  __TI_decompress_lzss                   
00013ae4  __TI_decompress_none                   
0000ffcc  __TI_int30                             
0000ffce  __TI_int31                             
0000ffd0  __TI_int32                             
0000ffd2  __TI_int33                             
0000ffd4  __TI_int34                             
0000ffd6  __TI_int35                             
0000ffd8  __TI_int36                             
0000ffda  __TI_int37                             
0000ffdc  __TI_int38                             
0000ffde  __TI_int39                             
0000ffe0  __TI_int40                             
0000ffe2  __TI_int41                             
[...]
00000870  ADC12MEM8_L                            
00000871  ADC12MEM8_H                            
00000872  ADC12MEM9                              
00000872  ADC12MEM9_L                            
00000873  ADC12MEM9_H                            
00000874  ADC12MEM10                             
00000874  ADC12MEM10_L                           
00000875  ADC12MEM10_H                           
00000876  ADC12MEM11                             
00000876  ADC12MEM11_L                           
00000877  ADC12MEM11_H                           
00000878  ADC12MEM12                             
00000878  ADC12MEM12_L                           
00000879  ADC12MEM12_H                           
0000087a  ADC12MEM13                             
0000087a  ADC12MEM13_L                           
0000087b  ADC12MEM13_H                           
0000087c  ADC12MEM14                             
0000087c  ADC12MEM14_L                           
0000087d  ADC12MEM14_H                           
0000087e  ADC12MEM15                             
0000087e  ADC12MEM15_L                           
0000087f  ADC12MEM15_H                           
00000880  ADC12MEM16                             
00000880  ADC12MEM16_L                           
00000881  ADC12MEM16_H                           
00000882  ADC12MEM17                             
00000882  ADC12MEM17_L                           
00000883  ADC12MEM17_H                           
00000884  ADC12MEM18                             
00000884  ADC12MEM18_L                           
00000885  ADC12MEM18_H                           
00000886  ADC12MEM19                             
00000886  ADC12MEM19_L                           
00000887  ADC12MEM19_H                           
00000888  ADC12MEM20                             
00000888  ADC12MEM20_L                           
00000889  ADC12MEM20_H                           
0000088a  ADC12MEM21                             
0000088a  ADC12MEM21_L                           
0000088b  ADC12MEM21_H                           
0000088c  ADC12MEM22                             
0000088c  ADC12MEM22_L                           
0000088d  ADC12MEM22_H                           
0000088e  ADC12MEM23                             
0000088e  ADC12MEM23_L                           
0000088f  ADC12MEM23_H                           
00000890  ADC12MEM24                             
00000890  ADC12MEM24_L                           
00000891  ADC12MEM24_H                           
00000892  ADC12MEM25                             
00000892  ADC12MEM25_L                           
00000893  ADC12MEM25_H                           
00000894  ADC12MEM26                             
00000894  ADC12MEM26_L                           
00000895  ADC12MEM26_H                           
00000896  ADC12MEM27                             
00000896  ADC12MEM27_L                           
00000897  ADC12MEM27_H                           
00000898  ADC12MEM28                             
00000898  ADC12MEM28_L                           
00000899  ADC12MEM28_H                           
0000089a  ADC12MEM29                             
0000089a  ADC12MEM29_L                           
0000089b  ADC12MEM29_H                           
0000089c  ADC12MEM30                             
0000089c  ADC12MEM30_L                           
0000089d  ADC12MEM30_H                           
0000089e  ADC12MEM31                             
0000089e  ADC12MEM31_L                           
0000089f  ADC12MEM31_H                           
000008c0  CECTL0                                 
000008c0  CECTL0_L                               
000008c1  CECTL0_H                               
000008c2  CECTL1                                 
000008c2  CECTL1_L                               
000008c3  CECTL1_H                               
000008c4  CECTL2                                 
000008c4  CECTL2_L                               
000008c5  CECTL2_H                               
000008c6  CECTL3                                 
000008c6  CECTL3_L                               
000008c7  CECTL3_H                               
000008cc  CEINT                                  
000008cc  CEINT_L                                
000008cd  CEINT_H                                
000008ce  CEIV                                   
000008ce  CEIV_L                                 
000008cf  CEIV_H                                 
000009c0  AESACTL0                               
000009c0  AESACTL0_L                             
000009c1  AESACTL0_H                             
000009c2  AESACTL1                               
000009c2  AESACTL1_L                             
000009c3  AESACTL1_H                             
000009c4  AESASTAT                               
000009c4  AESASTAT_L                             
000009c5  AESASTAT_H                             
000009c6  AESAKEY                                
000009c6  AESAKEY_L                              
000009c7  AESAKEY_H                              
000009c8  AESADIN                                
000009c8  AESADIN_L                              
000009c9  AESADIN_H                              
000009ca  AESADOUT                               
000009ca  AESADOUT_L                             
000009cb  AESADOUT_H                             
000009cc  AESAXDIN                               
000009cc  AESAXDIN_L                             
000009cd  AESAXDIN_H                             
000009ce  AESAXIN                                
000009ce  AESAXIN_L                              
000009cf  AESAXIN_H                              
00001c00  rx_pkt                                 
00001f18  satellite_data                         
00001fe2  rs_cb                                  
00002106  command_to_payload_rush_queue          
0000210a  eps_charge_queue                       
0000210e  eps_queue                              
00002112  flash_semaphore                        
00002116  fsp_semaphore                          
0000211a  i2c0_semaphore                         
0000211e  imu_queue                              
00002122  last_read_position                     
00002126  main_radio_queue                       
0000212a  obdh_misc_queue                        
0000212e  obdh_status_queue                      
00002132  obdh_uptime_queue                      
00002136  payload_brave_queue                    
0000213a  payload_rush_queue                     
0000213e  solar_panels_queue                     
00002142  spi1_semaphore                         
00002146  status_eps_queue                       
0000214a  status_imu_queue                       
0000214e  status_mem1_queue                      
00002152  status_payload_brave_queue             
00002156  status_payload_rush_queue              
0000215a  ttc_queue                              
0000215e  tx_queue                               
00002162  decoder_state                          
00002164  pxCurrentTCB                           
0000218e  minutes_counter                        
00002192  usCriticalNesting                      
00002360  _stack                                 
00002400  __STACK_END                            
00004400  fram_ipe_end                           
00004400  fram_ipe_start                         
00004400  ucHeap                                 
00007c00  _sys_memory                            
00008000  _c_int00_noargs                        
00008000  fram_rx_start                          
0000801c  vTickISREntry                          
0000802c  WDT_ISR                                
00008036  __TI_ISR_TRAP                          
0000803e  crc_ccitt_table                        
0000823e  RF4463_CONFIGURATION_DATA              
000083aa  ccsds_poly                             
000084aa  NGH_SIZE_TAG                           
00008504  NGH_PAR_SIZE                           
0000850c  NGH_PL_PAR_SIZE                        
00008514  NGH_PL_SIZE                            
0000851c  NGH_PL_SIZE_FULL                       
0000852a  NGH_PREAMBLE                           
0000852b  NGH_PREAMBLE_FOUR_LEVEL                
00008530  NGH_SYNC                               
00008534  __TI_Handler_Table_Base                
00008540  __TI_Handler_Table_Limit               
00008550  __TI_CINIT_Base                        
00008560  __TI_CINIT_Limit                       
0000ffcc  __TI_int30                             
0000ffce  __TI_int31                             
0000ffd0  __TI_int32                             
0000ffd2  __TI_int33                             
0000ffd4  __TI_int34                             
0000ffd6  __TI_int35                             
0000ffd8  __TI_int36                             
0000ffda  __TI_int37                             
0000ffdc  __TI_int38                             
0000ffde  __TI_int39                             
0000ffe0  __TI_int40                             
0000ffe2  __TI_int41                             
0000ffe4  __TI_int42                             
0000ffe6  __TI_int43                             
0000ffe8  __TI_int44                             
0000ffea  __TI_int45                             
0000ffec  __TI_int46                             
0000ffee  __TI_int47                             
0000fff0  __TI_int48                             
0000fff2  __TI_int49                             
0000fff4  __TI_int50                             
0000fff6  __TI_int51                             
0000fff8  __TI_int52                             
0000fffa  __TI_int53                             
0000fffc  __TI_int54                             
0000fffe  _reset_vector                          
00010000  ngham_Encode                           
0001028a  get_packet                             
000104cc  xQueueGenericReceive                   
000106b6  ngham_Decode                           
0001088c  send_requested_data                    
00010a3c  xQueueGenericSend                      
00010bd4  create_tasks                           
00010d44  enable_rush                            
00010eae  communications_task                    
00011010  enter_in_hibernation                   
0001115c  radioamateur_repeater                  
0001129a  rf4463_tx_long_packet                  
000113be  xTaskIncrementTick                     
000114da  send_reset_charge_command              
000116d0  xTaskResumeAll                         
000117a8  vTaskSwitchContext                     
0001187e  answer_ping                            
00011948  ngham_InitArrays                       
000119fc  verify_key                             
00011ab0  vTaskDelayUntil                        
00011b5e  xQueueGenericReset                     
00011c08  xTaskCheckForTimeOut                   
00011cb2  vPortPreemptiveTickISR                 
00011ce2  vPortCooperativeTickISR                
00011d0e  vPortYield                             
00011d3e  xPortStartScheduler                    
00011d58  send_periodic_data                     
00011dfe  update_last_telecommand_status         
0001207a  vTaskPriorityInherit                   
000121a4  xTaskPriorityDisinherit                
00012234  xTaskCreate                            
000122be  xTaskRemoveFromEventList               
00012344  pvPortMalloc                           
000123c6  get_last_write_pointer                 
00012444  mmcReadBlock                           
000124c2  mmcWriteBlock                          
00012540  __TI_auto_init_nobinit_nopinit_hold_wdt
000125b8  __TI_decompress_lzss                   
0001262e  decode_request_data_telecommand        
000126a2  decode_telecommand                     
00012716  mmcGoIdle                              
00012786  leave_hibernation                      
000127f0  try_to_receive                         
000128be  mmc_write_sector                       
00012982  update_last_read_position              
000129e0  mmcCheckBusy                           
00012a3a  rf4463_set_config                      
00012a94  rf4463_tx_packet                       
00012aec  vListInsert                            
00012b40  vTaskStartScheduler                    
00012b94  xQueueGenericCreate                    
00012be8  ngham_ActionHandlePacket               
00012c3a  send_data                              
00012c8c  calculate_read_position                
00012cdc  mmcSendCmd                             
00012d2c  mmcSetBlockLength                      
00012d7c  rf4463_set_properties                  
00012dcc  mmcInit                                
00012e1a  rf4463_get_cmd                         
00012e66  spiSendFrame                           
00012eb0  get_last_read_pointer                  
00012ef8  mmc_read_sector                        
00012f3e  restore_time_counter                   
00012f82  setup_hardware                         
00012fc6  spiReadFrame                           
0001300a  ngham_TxPktGen                         
0001304a  update_reset_value                     
0001308a  i2c_setup                              
000130c8  __mspabi_sral_15                       
000130cc  __mspabi_sral_14                       
000130d0  __mspabi_sral_13                       
000130d4  __mspabi_sral_12                       
000130d8  __mspabi_sral_11                       
000130dc  __mspabi_sral_10                       
000130e0  __mspabi_sral_9                        
000130e4  __mspabi_sral_8                        
000130e8  __mspabi_sral_7                        
000130ec  __mspabi_sral_6                        
000130f0  __mspabi_sral_5                        
000130f4  __mspabi_sral_4                        
000130f8  __mspabi_sral_3                        
000130fc  __mspabi_sral_2                        
00013100  __mspabi_sral_1                        
00013106  __mspabi_slll_15                       
0001310a  __mspabi_slll_14                       
0001310e  __mspabi_slll_13                       
00013112  __mspabi_slll_12                       
00013116  __mspabi_slll_11                       
0001311a  __mspabi_slll_10                       
0001311e  __mspabi_slll_9                        
00013122  __mspabi_slll_8                        
00013126  __mspabi_slll_7                        
0001312a  __mspabi_slll_6                        
0001312e  __mspabi_slll_5                        
00013132  __mspabi_slll_4                        
00013136  __mspabi_slll_3                        
0001313a  __mspabi_slll_2                        
0001313e  __mspabi_slll_1                        
00013144  read_current_state                     
00013182  rf4463_power_on_reset                  
000131c0  memcpy                                 
000131fc  ngham_RxPktInit                        
00013238  request_antenna_mutex                  
000132ae  uxListRemove                           
000132e8  pack_module_data                       
00013320  rf4463_check_cts                       
00013358  rf4463_reg_config                      
00013390  rf4463_check_device                    
000133c6  update_operation_mode                  
000133fc  memcmp                                 
00013464  rf4463_enter_rx_mode                   
00013498  ngham_ActionSendData                   
000134ca  rf4463_set_tx_power                    
000134fc  rf4463_read_rx_fifo                    
0001352c  rf4463_set_cmd                         
0001355c  vTaskPlaceOnEventList                  
0001358c  i2c_set_clock                          
00013616  ngham_CRC_CCITT                        
0001366e  vListInitialise                        
0001369a  rf4463_rx_init                         
000136c4  rf4463_wait_packet_sent                
000136ee  i2c_pin_reset                          
0001373e  rf4463_enter_tx_mode                   
00013766  rf4463_set_rx_interrupt                
0001378e  rf4463_write_tx_fifo                   
000137b6  xTaskGetTickCount                      
000137de  rf4463_clear_interrupts                
00013804  spi_rx_multiple                        
0001382a  vApplicationSetupTimerInterrupt        
0001382a  vPortSetupTimerInterrupt               
00013850  vListInsertEnd                         
00013876  __TI_zero_init                         
0001389a  mmcGetResponse                         
000138be  pxPortInitialiseStack                  
000138e2  rf4463_init                            
00013906  spi_setup                              
0001392a  mmcGetXXResponse                       
0001394c  spi_clock_setup                        
0001396e  spi_tx_multiple                        
00013990  vTaskSetTimeOutState                   
000139b2  wdti_setup                             
000139d4  memset                                 
00013a14  halSPISetup                            
00013a30  pvTaskIncrementMutexHeldCount          
00013a4c  rf4463_gpio_init                       
00013a68  gpio_setup                             
00013a82  spi_tx                                 
00013a9c  rf4463_fifo_reset                      
00013ab4  __mspabi_mpyi_f5hw                     
00013acc  xTaskGetSchedulerState                 
00013ae4  __TI_decompress_none                   
00013b26  rf4463_enter_standby_mode              
00013b3c  xQueueCreateMutex                      
00013b52  spiSendByte                            
00013b66  wdti_release_counter                   
00013b7a  encode_rs_char                         
00013b8c  rf4463_rx_packet                       
00013b9e  __mspabi_srll                          
00013bae  main                                   
00013bbe  rf4463_spi_read                        
00013bce  rf4463_spi_write                       
00013bde  wdti_hold_counter                      
00013bee  rf4463_wait_gpio1                      
00013bfc  vPortFree                              
00013c0a  wait_for_buffer_empty                  
00013c18  wait_for_data_sent                     
00013c26  i2c_set_mode                           
00013c32  i2c_set_slave                          
00013c3e  rf4463_spi_transfer                    
00013c4a  rf4463_wait_nIRQ                       
00013c56  set_hibernation_period_min             
00013c62  ngham_Init                             
00013c6c  read_reset_value                       
00013c76  read_time_counter                      
00013c80  vApplicationIdleHook                   
00013c8a  vApplicationMallocFailedHook           
00013c94  vApplicationStackOverflowHook          
00013c9e  read_reset_cause                       
00013ca6  vListInitialiseItem                    
00013cae  C$$EXIT                                
00013cae  abort                                  
00013cb4  flash_read_long                        
00013cba  rf4463_power_up                        
00013cc0  rf4463_shutdown                        
00013cc6  rf4463_slave_disable                   
00013ccc  rf4463_slave_enable                    
00013cd2  system_reboot                          
00013cd8  vTaskMissedYield                       
00013cde  vTaskSuspendAll                        
00013ce4  _system_pre_init                       
00013ce8  flash_read_single                      
00013cec  ngham_ActionGetNoiseFloor              
00013cf0  ngham_ActionGetRSSI                    
00013cf4  _system_post_cinit                     
00013cf6  flash_erase                            
00013cf8  flash_write_long                       
00013cfa  flash_write_single                     
00013cfc  ngham_ActionReceptionHalfway           
00013cfe  ngham_ActionReceptionStarted           
00013d00  ngham_ActionSetPacketSize              
ffffffff  __TI_pprof_out_hndl                    
ffffffff  __TI_prof_data_size                    
ffffffff  __TI_prof_data_start                   
ffffffff  __c_args__                             

[1067 symbols]
