<?xml version="1.0" encoding="ISO-8859-1" ?>
<link_info>
   <banner>MSP430 Linker Unix v18.12.2.LTS</banner>
   <copyright>Copyright (c) 2003-2018 Texas Instruments Incorporated</copyright>
   <link_time>0x5d6454e1</link_time>
   <link_errors>0x0</link_errors>
   <output_file>floripasat.out</output_file>
   <entry_point>
      <name>_c_int00_noargs</name>
      <address>0x8000</address>
   </entry_point>
   <input_file_list>
      <input_file id="fl-2">
         <path>./</path>
         <kind>object</kind>
         <file>main.obj</file>
         <name>main.obj</name>
      </input_file>
      <input_file id="fl-3">
         <path>./CCS_Only/</path>
         <kind>object</kind>
         <file>RegTest.obj</file>
         <name>RegTest.obj</name>
      </input_file>
      <input_file id="fl-4">
         <path>./FreeRTOS_Source/</path>
         <kind>object</kind>
         <file>croutine.obj</file>
         <name>croutine.obj</name>
      </input_file>
      <input_file id="fl-5">
         <path>./FreeRTOS_Source/</path>
         <kind>object</kind>
         <file>event_groups.obj</file>
         <name>event_groups.obj</name>
      </input_file>
      <input_file id="fl-6">
         <path>./FreeRTOS_Source/</path>
         <kind>object</kind>
         <file>list.obj</file>
         <name>list.obj</name>
      </input_file>
      <input_file id="fl-7">
         <path>./FreeRTOS_Source/</path>
         <kind>object</kind>
         <file>queue.obj</file>
         <name>queue.obj</name>
      </input_file>
      <input_file id="fl-8">
         <path>./FreeRTOS_Source/</path>
         <kind>object</kind>
         <file>tasks.obj</file>
         <name>tasks.obj</name>
      </input_file>
      <input_file id="fl-9">
         <path>./FreeRTOS_Source/</path>
         <kind>object</kind>
         <file>timers.obj</file>
         <name>timers.obj</name>
      </input_file>
      <input_file id="fl-a">
         <path>./FreeRTOS_Source/portable/CCS/MSP430X/</path>
         <kind>object</kind>
         <file>port.obj</file>
         <name>port.obj</name>
      </input_file>
      <input_file id="fl-b">
         <path>./FreeRTOS_Source/portable/CCS/MSP430X/</path>
         <kind>object</kind>
         <file>portext.obj</file>
         <name>portext.obj</name>
      </input_file>
      <input_file id="fl-c">
         <path>./FreeRTOS_Source/portable/MemMang/</path>
         <kind>object</kind>
         <file>heap_1.obj</file>
         <name>heap_1.obj</name>
      </input_file>
      <input_file id="fl-d">
         <path>./driver/</path>
         <kind>object</kind>
         <file>adc.obj</file>
         <name>adc.obj</name>
      </input_file>
      <input_file id="fl-e">
         <path>./driver/</path>
         <kind>object</kind>
         <file>flash.obj</file>
         <name>flash.obj</name>
      </input_file>
      <input_file id="fl-f">
         <path>./driver/</path>
         <kind>object</kind>
         <file>i2c.obj</file>
         <name>i2c.obj</name>
      </input_file>
      <input_file id="fl-10">
         <path>./driver/</path>
         <kind>object</kind>
         <file>spi.obj</file>
         <name>spi.obj</name>
      </input_file>
      <input_file id="fl-11">
         <path>./driver/</path>
         <kind>object</kind>
         <file>wdti.obj</file>
         <name>wdti.obj</name>
      </input_file>
      <input_file id="fl-12">
         <path>./include/</path>
         <kind>object</kind>
         <file>msp_internal.obj</file>
         <name>msp_internal.obj</name>
      </input_file>
      <input_file id="fl-13">
         <path>./include/</path>
         <kind>object</kind>
         <file>obdh.obj</file>
         <name>obdh.obj</name>
      </input_file>
      <input_file id="fl-14">
         <path>./interface/</path>
         <kind>object</kind>
         <file>eps.obj</file>
         <name>eps.obj</name>
      </input_file>
      <input_file id="fl-15">
         <path>./interface/</path>
         <kind>object</kind>
         <file>payload_rush.obj</file>
         <name>payload_rush.obj</name>
      </input_file>
      <input_file id="fl-16">
         <path>./interface/</path>
         <kind>object</kind>
         <file>solar_panel.obj</file>
         <name>solar_panel.obj</name>
      </input_file>
      <input_file id="fl-17">
         <path>./interface/</path>
         <kind>object</kind>
         <file>ttc.obj</file>
         <name>ttc.obj</name>
      </input_file>
      <input_file id="fl-18">
         <path>./libs/ngham/</path>
         <kind>object</kind>
         <file>ccsds_scrambler.obj</file>
         <name>ccsds_scrambler.obj</name>
      </input_file>
      <input_file id="fl-19">
         <path>./libs/ngham/</path>
         <kind>object</kind>
         <file>crc_ccitt.obj</file>
         <name>crc_ccitt.obj</name>
      </input_file>
      <input_file id="fl-1a">
         <path>./libs/ngham/</path>
         <kind>object</kind>
         <file>fec.obj</file>
         <name>fec.obj</name>
      </input_file>
      <input_file id="fl-1b">
         <path>./libs/ngham/</path>
         <kind>object</kind>
         <file>ngham.obj</file>
         <name>ngham.obj</name>
      </input_file>
      <input_file id="fl-1c">
         <path>./libs/ngham/</path>
         <kind>object</kind>
         <file>ngham_extension.obj</file>
         <name>ngham_extension.obj</name>
      </input_file>
      <input_file id="fl-1d">
         <path>./libs/ngham/</path>
         <kind>object</kind>
         <file>ngham_packets.obj</file>
         <name>ngham_packets.obj</name>
      </input_file>
      <input_file id="fl-1e">
         <path>./libs/ngham/platform/</path>
         <kind>object</kind>
         <file>platform.obj</file>
         <name>platform.obj</name>
      </input_file>
      <input_file id="fl-1f">
         <path>./rf4463/</path>
         <kind>object</kind>
         <file>rf4463.obj</file>
         <name>rf4463.obj</name>
      </input_file>
      <input_file id="fl-20">
         <path>./rf4463/</path>
         <kind>object</kind>
         <file>rf4463_spi.obj</file>
         <name>rf4463_spi.obj</name>
      </input_file>
      <input_file id="fl-21">
         <path>./src/</path>
         <kind>object</kind>
         <file>communications_task.obj</file>
         <name>communications_task.obj</name>
      </input_file>
      <input_file id="fl-22">
         <path>./src/</path>
         <kind>object</kind>
         <file>housekeeping_task.obj</file>
         <name>housekeeping_task.obj</name>
      </input_file>
      <input_file id="fl-23">
         <path>./src/</path>
         <kind>object</kind>
         <file>payload_rush_interface_task.obj</file>
         <name>payload_rush_interface_task.obj</name>
      </input_file>
      <input_file id="fl-24">
         <path>./src/</path>
         <kind>object</kind>
         <file>store_data_task.obj</file>
         <name>store_data_task.obj</name>
      </input_file>
      <input_file id="fl-25">
         <path>./src/</path>
         <kind>object</kind>
         <file>ttc_interface_task.obj</file>
         <name>ttc_interface_task.obj</name>
      </input_file>
      <input_file id="fl-26">
         <path>./src/</path>
         <kind>object</kind>
         <file>wdt_task.obj</file>
         <name>wdt_task.obj</name>
      </input_file>
      <input_file id="fl-27">
         <path>./util/MMC_lib/</path>
         <kind>object</kind>
         <file>hal_SPI.obj</file>
         <name>hal_SPI.obj</name>
      </input_file>
      <input_file id="fl-28">
         <path>./util/MMC_lib/</path>
         <kind>object</kind>
         <file>mmc.obj</file>
         <name>mmc.obj</name>
      </input_file>
      <input_file id="fl-29">
         <path>./util/</path>
         <kind>object</kind>
         <file>crc.obj</file>
         <name>crc.obj</name>
      </input_file>
      <input_file id="fl-2a">
         <path>./util/</path>
         <kind>object</kind>
         <file>link.obj</file>
         <name>link.obj</name>
      </input_file>
      <input_file id="fl-2b">
         <path>./util/</path>
         <kind>object</kind>
         <file>misc.obj</file>
         <name>misc.obj</name>
      </input_file>
      <input_file id="fl-2c">
         <path>./util/</path>
         <kind>object</kind>
         <file>sspi.obj</file>
         <name>sspi.obj</name>
      </input_file>
      <input_file id="fl-2d">
         <path>./util/fsp/</path>
         <kind>object</kind>
         <file>crc16.obj</file>
         <name>crc16.obj</name>
      </input_file>
      <input_file id="fl-2e">
         <path>./util/fsp/</path>
         <kind>object</kind>
         <file>fsp.obj</file>
         <name>fsp.obj</name>
      </input_file>
      <input_file id="fl-34">
         <kind>object</kind>
         <file>&lt;internal&gt;</file>
         <name>&lt;internal&gt;</name>
      </input_file>
      <input_file id="fl-4f">
         <path>/home/junior/ti/ccs910/ccs/tools/compiler/ti-cgt-msp430_18.12.2.LTS/lib/</path>
         <kind>archive</kind>
         <file>rts430x_lc_ld_eabi.lib</file>
         <name>copy_decompress_lzss.c.obj</name>
      </input_file>
      <input_file id="fl-50">
         <path>/home/junior/ti/ccs910/ccs/tools/compiler/ti-cgt-msp430_18.12.2.LTS/lib/</path>
         <kind>archive</kind>
         <file>rts430x_lc_ld_eabi.lib</file>
         <name>copy_decompress_none.c.obj</name>
      </input_file>
      <input_file id="fl-51">
         <path>/home/junior/ti/ccs910/ccs/tools/compiler/ti-cgt-msp430_18.12.2.LTS/lib/</path>
         <kind>archive</kind>
         <file>rts430x_lc_ld_eabi.lib</file>
         <name>int30.asm.obj</name>
      </input_file>
      <input_file id="fl-52">
         <path>/home/junior/ti/ccs910/ccs/tools/compiler/ti-cgt-msp430_18.12.2.LTS/lib/</path>
         <kind>archive</kind>
         <file>rts430x_lc_ld_eabi.lib</file>
         <name>isr_trap.asm.obj</name>
      </input_file>
      <input_file id="fl-53">
         <path>/home/junior/ti/ccs910/ccs/tools/compiler/ti-cgt-msp430_18.12.2.LTS/lib/</path>
         <kind>archive</kind>
         <file>rts430x_lc_ld_eabi.lib</file>
         <name>int31.asm.obj</name>
      </input_file>
      <input_file id="fl-54">
         <path>/home/junior/ti/ccs910/ccs/tools/compiler/ti-cgt-msp430_18.12.2.LTS/lib/</path>
         <kind>archive</kind>
         <file>rts430x_lc_ld_eabi.lib</file>
         <name>int32.asm.obj</name>
      </input_file>
      <input_file id="fl-55">
         <path>/home/junior/ti/ccs910/ccs/tools/compiler/ti-cgt-msp430_18.12.2.LTS/lib/</path>
         <kind>archive</kind>
         <file>rts430x_lc_ld_eabi.lib</file>
         <name>int33.asm.obj</name>
      </input_file>
      <input_file id="fl-56">
         <path>/home/junior/ti/ccs910/ccs/tools/compiler/ti-cgt-msp430_18.12.2.LTS/lib/</path>
         <kind>archive</kind>
         <file>rts430x_lc_ld_eabi.lib</file>
         <name>int34.asm.obj</name>
      </input_file>
      <input_file id="fl-57">
         <path>/home/junior/ti/ccs910/ccs/tools/compiler/ti-cgt-msp430_18.12.2.LTS/lib/</path>
         <kind>archive</kind>
         <file>rts430x_lc_ld_eabi.lib</file>
         <name>int35.asm.obj</name>
      </input_file>
      <input_file id="fl-58">
         <path>/home/junior/ti/ccs910/ccs/tools/compiler/ti-cgt-msp430_18.12.2.LTS/lib/</path>
         <kind>archive</kind>
         <file>rts430x_lc_ld_eabi.lib</file>
         <name>int36.asm.obj</name>
      </input_file>
      <input_file id="fl-59">
         <path>/home/junior/ti/ccs910/ccs/tools/compiler/ti-cgt-msp430_18.12.2.LTS/lib/</path>
         <kind>archive</kind>
         <file>rts430x_lc_ld_eabi.lib</file>
         <name>int37.asm.obj</name>
      </input_file>
      <input_file id="fl-5a">
         <path>/home/junior/ti/ccs910/ccs/tools/compiler/ti-cgt-msp430_18.12.2.LTS/lib/</path>
         <kind>archive</kind>
         <file>rts430x_lc_ld_eabi.lib</file>
         <name>int38.asm.obj</name>
      </input_file>
      <input_file id="fl-5b">
         <path>/home/junior/ti/ccs910/ccs/tools/compiler/ti-cgt-msp430_18.12.2.LTS/lib/</path>
         <kind>archive</kind>
         <file>rts430x_lc_ld_eabi.lib</file>
         <name>int39.asm.obj</name>
      </input_file>
      <input_file id="fl-5c">
         <path>/home/junior/ti/ccs910/ccs/tools/compiler/ti-cgt-msp430_18.12.2.LTS/lib/</path>
         <kind>archive</kind>
         <file>rts430x_lc_ld_eabi.lib</file>
         <name>int40.asm.obj</name>
      </input_file>
      <input_file id="fl-5d">
         <path>/home/junior/ti/ccs910/ccs/tools/compiler/ti-cgt-msp430_18.12.2.LTS/lib/</path>
         <kind>archive</kind>
         <file>rts430x_lc_ld_eabi.lib</file>
         <name>int41.asm.obj</name>
      </input_file>
      <input_file id="fl-5e">
         <path>/home/junior/ti/ccs910/ccs/tools/compiler/ti-cgt-msp430_18.12.2.LTS/lib/</path>
         <kind>archive</kind>
         <file>rts430x_lc_ld_eabi.lib</file>
         <name>int42.asm.obj</name>
      </input_file>
      <input_file id="fl-5f">
         <path>/home/junior/ti/ccs910/ccs/tools/compiler/ti-cgt-msp430_18.12.2.LTS/lib/</path>
         <kind>archive</kind>
         <file>rts430x_lc_ld_eabi.lib</file>
         <name>int43.asm.obj</name>
      </input_file>
      <input_file id="fl-60">
         <path>/home/junior/ti/ccs910/ccs/tools/compiler/ti-cgt-msp430_18.12.2.LTS/lib/</path>
         <kind>archive</kind>
         <file>rts430x_lc_ld_eabi.lib</file>
         <name>int44.asm.obj</name>
      </input_file>
      <input_file id="fl-61">
         <path>/home/junior/ti/ccs910/ccs/tools/compiler/ti-cgt-msp430_18.12.2.LTS/lib/</path>
         <kind>archive</kind>
         <file>rts430x_lc_ld_eabi.lib</file>
         <name>int46.asm.obj</name>
      </input_file>
      <input_file id="fl-62">
         <path>/home/junior/ti/ccs910/ccs/tools/compiler/ti-cgt-msp430_18.12.2.LTS/lib/</path>
         <kind>archive</kind>
         <file>rts430x_lc_ld_eabi.lib</file>
         <name>int47.asm.obj</name>
      </input_file>
      <input_file id="fl-63">
         <path>/home/junior/ti/ccs910/ccs/tools/compiler/ti-cgt-msp430_18.12.2.LTS/lib/</path>
         <kind>archive</kind>
         <file>rts430x_lc_ld_eabi.lib</file>
         <name>int48.asm.obj</name>
      </input_file>
      <input_file id="fl-64">
         <path>/home/junior/ti/ccs910/ccs/tools/compiler/ti-cgt-msp430_18.12.2.LTS/lib/</path>
         <kind>archive</kind>
         <file>rts430x_lc_ld_eabi.lib</file>
         <name>int50.asm.obj</name>
      </input_file>
      <input_file id="fl-65">
         <path>/home/junior/ti/ccs910/ccs/tools/compiler/ti-cgt-msp430_18.12.2.LTS/lib/</path>
         <kind>archive</kind>
         <file>rts430x_lc_ld_eabi.lib</file>
         <name>int51.asm.obj</name>
      </input_file>
      <input_file id="fl-66">
         <path>/home/junior/ti/ccs910/ccs/tools/compiler/ti-cgt-msp430_18.12.2.LTS/lib/</path>
         <kind>archive</kind>
         <file>rts430x_lc_ld_eabi.lib</file>
         <name>int52.asm.obj</name>
      </input_file>
      <input_file id="fl-67">
         <path>/home/junior/ti/ccs910/ccs/tools/compiler/ti-cgt-msp430_18.12.2.LTS/lib/</path>
         <kind>archive</kind>
         <file>rts430x_lc_ld_eabi.lib</file>
         <name>int53.asm.obj</name>
      </input_file>
      <input_file id="fl-68">
         <path>/home/junior/ti/ccs910/ccs/tools/compiler/ti-cgt-msp430_18.12.2.LTS/lib/</path>
         <kind>archive</kind>
         <file>rts430x_lc_ld_eabi.lib</file>
         <name>int54.asm.obj</name>
      </input_file>
      <input_file id="fl-69">
         <path>/home/junior/ti/ccs910/ccs/tools/compiler/ti-cgt-msp430_18.12.2.LTS/lib/</path>
         <kind>archive</kind>
         <file>rts430x_lc_ld_eabi.lib</file>
         <name>copy_zero_init.c.obj</name>
      </input_file>
      <input_file id="fl-6a">
         <path>/home/junior/ti/ccs910/ccs/tools/compiler/ti-cgt-msp430_18.12.2.LTS/lib/</path>
         <kind>archive</kind>
         <file>rts430x_lc_ld_eabi.lib</file>
         <name>addd.c.obj</name>
      </input_file>
      <input_file id="fl-6b">
         <path>/home/junior/ti/ccs910/ccs/tools/compiler/ti-cgt-msp430_18.12.2.LTS/lib/</path>
         <kind>archive</kind>
         <file>rts430x_lc_ld_eabi.lib</file>
         <name>frcaddd.c.obj</name>
      </input_file>
      <input_file id="fl-6c">
         <path>/home/junior/ti/ccs910/ccs/tools/compiler/ti-cgt-msp430_18.12.2.LTS/lib/</path>
         <kind>archive</kind>
         <file>rts430x_lc_ld_eabi.lib</file>
         <name>renormd.c.obj</name>
      </input_file>
      <input_file id="fl-6d">
         <path>/home/junior/ti/ccs910/ccs/tools/compiler/ti-cgt-msp430_18.12.2.LTS/lib/</path>
         <kind>archive</kind>
         <file>rts430x_lc_ld_eabi.lib</file>
         <name>fs_add.asm.obj</name>
      </input_file>
      <input_file id="fl-6e">
         <path>/home/junior/ti/ccs910/ccs/tools/compiler/ti-cgt-msp430_18.12.2.LTS/lib/</path>
         <kind>archive</kind>
         <file>rts430x_lc_ld_eabi.lib</file>
         <name>cvtdf.c.obj</name>
      </input_file>
      <input_file id="fl-6f">
         <path>/home/junior/ti/ccs910/ccs/tools/compiler/ti-cgt-msp430_18.12.2.LTS/lib/</path>
         <kind>archive</kind>
         <file>rts430x_lc_ld_eabi.lib</file>
         <name>cvtfd.c.obj</name>
      </input_file>
      <input_file id="fl-70">
         <path>/home/junior/ti/ccs910/ccs/tools/compiler/ti-cgt-msp430_18.12.2.LTS/lib/</path>
         <kind>archive</kind>
         <file>rts430x_lc_ld_eabi.lib</file>
         <name>divd.c.obj</name>
      </input_file>
      <input_file id="fl-71">
         <path>/home/junior/ti/ccs910/ccs/tools/compiler/ti-cgt-msp430_18.12.2.LTS/lib/</path>
         <kind>archive</kind>
         <file>rts430x_lc_ld_eabi.lib</file>
         <name>frcdivd.c.obj</name>
      </input_file>
      <input_file id="fl-72">
         <path>/home/junior/ti/ccs910/ccs/tools/compiler/ti-cgt-msp430_18.12.2.LTS/lib/</path>
         <kind>archive</kind>
         <file>rts430x_lc_ld_eabi.lib</file>
         <name>fs_div.asm.obj</name>
      </input_file>
      <input_file id="fl-73">
         <path>/home/junior/ti/ccs910/ccs/tools/compiler/ti-cgt-msp430_18.12.2.LTS/lib/</path>
         <kind>archive</kind>
         <file>rts430x_lc_ld_eabi.lib</file>
         <name>div16s.asm.obj</name>
      </input_file>
      <input_file id="fl-74">
         <path>/home/junior/ti/ccs910/ccs/tools/compiler/ti-cgt-msp430_18.12.2.LTS/lib/</path>
         <kind>archive</kind>
         <file>rts430x_lc_ld_eabi.lib</file>
         <name>div16u.asm.obj</name>
      </input_file>
      <input_file id="fl-75">
         <path>/home/junior/ti/ccs910/ccs/tools/compiler/ti-cgt-msp430_18.12.2.LTS/lib/</path>
         <kind>archive</kind>
         <file>rts430x_lc_ld_eabi.lib</file>
         <name>div32u.asm.obj</name>
      </input_file>
      <input_file id="fl-76">
         <path>/home/junior/ti/ccs910/ccs/tools/compiler/ti-cgt-msp430_18.12.2.LTS/lib/</path>
         <kind>archive</kind>
         <file>rts430x_lc_ld_eabi.lib</file>
         <name>fs_ltof.asm.obj</name>
      </input_file>
      <input_file id="fl-77">
         <path>/home/junior/ti/ccs910/ccs/tools/compiler/ti-cgt-msp430_18.12.2.LTS/lib/</path>
         <kind>archive</kind>
         <file>rts430x_lc_ld_eabi.lib</file>
         <name>fltud.c.obj</name>
      </input_file>
      <input_file id="fl-78">
         <path>/home/junior/ti/ccs910/ccs/tools/compiler/ti-cgt-msp430_18.12.2.LTS/lib/</path>
         <kind>archive</kind>
         <file>rts430x_lc_ld_eabi.lib</file>
         <name>fs_utof.asm.obj</name>
      </input_file>
      <input_file id="fl-79">
         <path>/home/junior/ti/ccs910/ccs/tools/compiler/ti-cgt-msp430_18.12.2.LTS/lib/</path>
         <kind>archive</kind>
         <file>rts430x_lc_ld_eabi.lib</file>
         <name>fltuld.c.obj</name>
      </input_file>
      <input_file id="fl-7a">
         <path>/home/junior/ti/ccs910/ccs/tools/compiler/ti-cgt-msp430_18.12.2.LTS/lib/</path>
         <kind>archive</kind>
         <file>rts430x_lc_ld_eabi.lib</file>
         <name>mpyd.c.obj</name>
      </input_file>
      <input_file id="fl-7b">
         <path>/home/junior/ti/ccs910/ccs/tools/compiler/ti-cgt-msp430_18.12.2.LTS/lib/</path>
         <kind>archive</kind>
         <file>rts430x_lc_ld_eabi.lib</file>
         <name>frcmpyd.c.obj</name>
      </input_file>
      <input_file id="fl-7c">
         <path>/home/junior/ti/ccs910/ccs/tools/compiler/ti-cgt-msp430_18.12.2.LTS/lib/</path>
         <kind>archive</kind>
         <file>rts430x_lc_ld_eabi.lib</file>
         <name>fs_mpy.asm.obj</name>
      </input_file>
      <input_file id="fl-7d">
         <path>/home/junior/ti/ccs910/ccs/tools/compiler/ti-cgt-msp430_18.12.2.LTS/lib/</path>
         <kind>archive</kind>
         <file>rts430x_lc_ld_eabi.lib</file>
         <name>mult16.asm.obj</name>
      </input_file>
      <input_file id="fl-7e">
         <path>/home/junior/ti/ccs910/ccs/tools/compiler/ti-cgt-msp430_18.12.2.LTS/lib/</path>
         <kind>archive</kind>
         <file>rts430x_lc_ld_eabi.lib</file>
         <name>mult16_f5hw.asm.obj</name>
      </input_file>
      <input_file id="fl-7f">
         <path>/home/junior/ti/ccs910/ccs/tools/compiler/ti-cgt-msp430_18.12.2.LTS/lib/</path>
         <kind>archive</kind>
         <file>rts430x_lc_ld_eabi.lib</file>
         <name>mult32.asm.obj</name>
      </input_file>
      <input_file id="fl-80">
         <path>/home/junior/ti/ccs910/ccs/tools/compiler/ti-cgt-msp430_18.12.2.LTS/lib/</path>
         <kind>archive</kind>
         <file>rts430x_lc_ld_eabi.lib</file>
         <name>mult32_f5hw.asm.obj</name>
      </input_file>
      <input_file id="fl-81">
         <path>/home/junior/ti/ccs910/ccs/tools/compiler/ti-cgt-msp430_18.12.2.LTS/lib/</path>
         <kind>archive</kind>
         <file>rts430x_lc_ld_eabi.lib</file>
         <name>mult64_f5hw.asm.obj</name>
      </input_file>
      <input_file id="fl-82">
         <path>/home/junior/ti/ccs910/ccs/tools/compiler/ti-cgt-msp430_18.12.2.LTS/lib/</path>
         <kind>archive</kind>
         <file>rts430x_lc_ld_eabi.lib</file>
         <name>mult1632_f5hw.asm.obj</name>
      </input_file>
      <input_file id="fl-83">
         <path>/home/junior/ti/ccs910/ccs/tools/compiler/ti-cgt-msp430_18.12.2.LTS/lib/</path>
         <kind>archive</kind>
         <file>rts430x_lc_ld_eabi.lib</file>
         <name>mult3264_f5hw.asm.obj</name>
      </input_file>
      <input_file id="fl-84">
         <path>/home/junior/ti/ccs910/ccs/tools/compiler/ti-cgt-msp430_18.12.2.LTS/lib/</path>
         <kind>archive</kind>
         <file>rts430x_lc_ld_eabi.lib</file>
         <name>lsl32.asm.obj</name>
      </input_file>
      <input_file id="fl-85">
         <path>/home/junior/ti/ccs910/ccs/tools/compiler/ti-cgt-msp430_18.12.2.LTS/lib/</path>
         <kind>archive</kind>
         <file>rts430x_lc_ld_eabi.lib</file>
         <name>asr16.asm.obj</name>
      </input_file>
      <input_file id="fl-86">
         <path>/home/junior/ti/ccs910/ccs/tools/compiler/ti-cgt-msp430_18.12.2.LTS/lib/</path>
         <kind>archive</kind>
         <file>rts430x_lc_ld_eabi.lib</file>
         <name>asr32.asm.obj</name>
      </input_file>
      <input_file id="fl-87">
         <path>/home/junior/ti/ccs910/ccs/tools/compiler/ti-cgt-msp430_18.12.2.LTS/lib/</path>
         <kind>archive</kind>
         <file>rts430x_lc_ld_eabi.lib</file>
         <name>lsr16.asm.obj</name>
      </input_file>
      <input_file id="fl-88">
         <path>/home/junior/ti/ccs910/ccs/tools/compiler/ti-cgt-msp430_18.12.2.LTS/lib/</path>
         <kind>archive</kind>
         <file>rts430x_lc_ld_eabi.lib</file>
         <name>lsr32.asm.obj</name>
      </input_file>
      <input_file id="fl-89">
         <path>/home/junior/ti/ccs910/ccs/tools/compiler/ti-cgt-msp430_18.12.2.LTS/lib/</path>
         <kind>archive</kind>
         <file>rts430x_lc_ld_eabi.lib</file>
         <name>lsr64.c.obj</name>
      </input_file>
      <input_file id="fl-8a">
         <path>/home/junior/ti/ccs910/ccs/tools/compiler/ti-cgt-msp430_18.12.2.LTS/lib/</path>
         <kind>archive</kind>
         <file>rts430x_lc_ld_eabi.lib</file>
         <name>vla_alloc.c.obj</name>
      </input_file>
      <input_file id="fl-8b">
         <path>/home/junior/ti/ccs910/ccs/tools/compiler/ti-cgt-msp430_18.12.2.LTS/lib/</path>
         <kind>archive</kind>
         <file>rts430x_lc_ld_eabi.lib</file>
         <name>error.c.obj</name>
      </input_file>
      <input_file id="fl-8c">
         <path>/home/junior/ti/ccs910/ccs/tools/compiler/ti-cgt-msp430_18.12.2.LTS/lib/</path>
         <kind>archive</kind>
         <file>rts430x_lc_ld_eabi.lib</file>
         <name>boot.c.obj</name>
      </input_file>
      <input_file id="fl-8d">
         <path>/home/junior/ti/ccs910/ccs/tools/compiler/ti-cgt-msp430_18.12.2.LTS/lib/</path>
         <kind>archive</kind>
         <file>rts430x_lc_ld_eabi.lib</file>
         <name>mpu_init.c.obj</name>
      </input_file>
      <input_file id="fl-8e">
         <path>/home/junior/ti/ccs910/ccs/tools/compiler/ti-cgt-msp430_18.12.2.LTS/lib/</path>
         <kind>archive</kind>
         <file>rts430x_lc_ld_eabi.lib</file>
         <name>args_main.c.obj</name>
      </input_file>
      <input_file id="fl-8f">
         <path>/home/junior/ti/ccs910/ccs/tools/compiler/ti-cgt-msp430_18.12.2.LTS/lib/</path>
         <kind>archive</kind>
         <file>rts430x_lc_ld_eabi.lib</file>
         <name>autoinit.c.obj</name>
      </input_file>
      <input_file id="fl-90">
         <path>/home/junior/ti/ccs910/ccs/tools/compiler/ti-cgt-msp430_18.12.2.LTS/lib/</path>
         <kind>archive</kind>
         <file>rts430x_lc_ld_eabi.lib</file>
         <name>startup.c.obj</name>
      </input_file>
      <input_file id="fl-91">
         <path>/home/junior/ti/ccs910/ccs/tools/compiler/ti-cgt-msp430_18.12.2.LTS/lib/</path>
         <kind>archive</kind>
         <file>rts430x_lc_ld_eabi.lib</file>
         <name>pre_init.c.obj</name>
      </input_file>
      <input_file id="fl-92">
         <path>/home/junior/ti/ccs910/ccs/tools/compiler/ti-cgt-msp430_18.12.2.LTS/lib/</path>
         <kind>archive</kind>
         <file>rts430x_lc_ld_eabi.lib</file>
         <name>exit.c.obj</name>
      </input_file>
      <input_file id="fl-93">
         <path>/home/junior/ti/ccs910/ccs/tools/compiler/ti-cgt-msp430_18.12.2.LTS/lib/</path>
         <kind>archive</kind>
         <file>rts430x_lc_ld_eabi.lib</file>
         <name>exit_gvars.c.obj</name>
      </input_file>
      <input_file id="fl-94">
         <path>/home/junior/ti/ccs910/ccs/tools/compiler/ti-cgt-msp430_18.12.2.LTS/lib/</path>
         <kind>archive</kind>
         <file>rts430x_lc_ld_eabi.lib</file>
         <name>_lock.c.obj</name>
      </input_file>
      <input_file id="fl-95">
         <path>/home/junior/ti/ccs910/ccs/tools/compiler/ti-cgt-msp430_18.12.2.LTS/lib/</path>
         <kind>archive</kind>
         <file>rts430x_lc_ld_eabi.lib</file>
         <name>cpy_tbl.c.obj</name>
      </input_file>
      <input_file id="fl-96">
         <path>/home/junior/ti/ccs910/ccs/tools/compiler/ti-cgt-msp430_18.12.2.LTS/lib/</path>
         <kind>archive</kind>
         <file>rts430x_lc_ld_eabi.lib</file>
         <name>memory.c.obj</name>
      </input_file>
      <input_file id="fl-97">
         <path>/home/junior/ti/ccs910/ccs/tools/compiler/ti-cgt-msp430_18.12.2.LTS/lib/</path>
         <kind>archive</kind>
         <file>rts430x_lc_ld_eabi.lib</file>
         <name>memcmp.c.obj</name>
      </input_file>
      <input_file id="fl-98">
         <path>/home/junior/ti/ccs910/ccs/tools/compiler/ti-cgt-msp430_18.12.2.LTS/lib/</path>
         <kind>archive</kind>
         <file>rts430x_lc_ld_eabi.lib</file>
         <name>memcpy.c.obj</name>
      </input_file>
      <input_file id="fl-99">
         <path>/home/junior/ti/ccs910/ccs/tools/compiler/ti-cgt-msp430_18.12.2.LTS/lib/</path>
         <kind>archive</kind>
         <file>rts430x_lc_ld_eabi.lib</file>
         <name>memmov.c.obj</name>
      </input_file>
      <input_file id="fl-9a">
         <path>/home/junior/ti/ccs910/ccs/tools/compiler/ti-cgt-msp430_18.12.2.LTS/lib/</path>
         <kind>archive</kind>
         <file>rts430x_lc_ld_eabi.lib</file>
         <name>memset.c.obj</name>
      </input_file>
      <input_file id="fl-9b">
         <path>/home/junior/ti/ccs910/ccs/tools/compiler/ti-cgt-msp430_18.12.2.LTS/lib/</path>
         <kind>archive</kind>
         <file>rts430x_lc_ld_eabi.lib</file>
         <name>sprintf.c.obj</name>
      </input_file>
      <input_file id="fl-9c">
         <path>/home/junior/ti/ccs910/ccs/tools/compiler/ti-cgt-msp430_18.12.2.LTS/lib/</path>
         <kind>archive</kind>
         <file>rts430x_lc_ld_eabi.lib</file>
         <name>_printfi.c.obj</name>
      </input_file>
      <input_file id="fl-9d">
         <path>/home/junior/ti/ccs910/ccs/tools/compiler/ti-cgt-msp430_18.12.2.LTS/lib/</path>
         <kind>archive</kind>
         <file>rts430x_lc_ld_eabi.lib</file>
         <name>cmpd.c.obj</name>
      </input_file>
      <input_file id="fl-9e">
         <path>/home/junior/ti/ccs910/ccs/tools/compiler/ti-cgt-msp430_18.12.2.LTS/lib/</path>
         <kind>archive</kind>
         <file>rts430x_lc_ld_eabi.lib</file>
         <name>div64u.c.obj</name>
      </input_file>
      <input_file id="fl-9f">
         <path>/home/junior/ti/ccs910/ccs/tools/compiler/ti-cgt-msp430_18.12.2.LTS/lib/</path>
         <kind>archive</kind>
         <file>rts430x_lc_ld_eabi.lib</file>
         <name>fixdi.c.obj</name>
      </input_file>
      <input_file id="fl-a0">
         <path>/home/junior/ti/ccs910/ccs/tools/compiler/ti-cgt-msp430_18.12.2.LTS/lib/</path>
         <kind>archive</kind>
         <file>rts430x_lc_ld_eabi.lib</file>
         <name>fixdli.c.obj</name>
      </input_file>
      <input_file id="fl-a1">
         <path>/home/junior/ti/ccs910/ccs/tools/compiler/ti-cgt-msp430_18.12.2.LTS/lib/</path>
         <kind>archive</kind>
         <file>rts430x_lc_ld_eabi.lib</file>
         <name>fltid.c.obj</name>
      </input_file>
      <input_file id="fl-a2">
         <path>/home/junior/ti/ccs910/ccs/tools/compiler/ti-cgt-msp430_18.12.2.LTS/lib/</path>
         <kind>archive</kind>
         <file>rts430x_lc_ld_eabi.lib</file>
         <name>fltlid.c.obj</name>
      </input_file>
      <input_file id="fl-a3">
         <path>/home/junior/ti/ccs910/ccs/tools/compiler/ti-cgt-msp430_18.12.2.LTS/lib/</path>
         <kind>archive</kind>
         <file>rts430x_lc_ld_eabi.lib</file>
         <name>negd.c.obj</name>
      </input_file>
      <input_file id="fl-a4">
         <path>/home/junior/ti/ccs910/ccs/tools/compiler/ti-cgt-msp430_18.12.2.LTS/lib/</path>
         <kind>archive</kind>
         <file>rts430x_lc_ld_eabi.lib</file>
         <name>lsl64.c.obj</name>
      </input_file>
      <input_file id="fl-a5">
         <path>/home/junior/ti/ccs910/ccs/tools/compiler/ti-cgt-msp430_18.12.2.LTS/lib/</path>
         <kind>archive</kind>
         <file>rts430x_lc_ld_eabi.lib</file>
         <name>subd.c.obj</name>
      </input_file>
      <input_file id="fl-a6">
         <path>/home/junior/ti/ccs910/ccs/tools/compiler/ti-cgt-msp430_18.12.2.LTS/lib/</path>
         <kind>archive</kind>
         <file>rts430x_lc_ld_eabi.lib</file>
         <name>abs.c.obj</name>
      </input_file>
      <input_file id="fl-a7">
         <path>/home/junior/ti/ccs910/ccs/tools/compiler/ti-cgt-msp430_18.12.2.LTS/lib/</path>
         <kind>archive</kind>
         <file>rts430x_lc_ld_eabi.lib</file>
         <name>atoi.c.obj</name>
      </input_file>
      <input_file id="fl-a8">
         <path>/home/junior/ti/ccs910/ccs/tools/compiler/ti-cgt-msp430_18.12.2.LTS/lib/</path>
         <kind>archive</kind>
         <file>rts430x_lc_ld_eabi.lib</file>
         <name>ctype.c.obj</name>
      </input_file>
      <input_file id="fl-a9">
         <path>/home/junior/ti/ccs910/ccs/tools/compiler/ti-cgt-msp430_18.12.2.LTS/lib/</path>
         <kind>archive</kind>
         <file>rts430x_lc_ld_eabi.lib</file>
         <name>errno.c.obj</name>
      </input_file>
      <input_file id="fl-aa">
         <path>/home/junior/ti/ccs910/ccs/tools/compiler/ti-cgt-msp430_18.12.2.LTS/lib/</path>
         <kind>archive</kind>
         <file>rts430x_lc_ld_eabi.lib</file>
         <name>s_frexp.c.obj</name>
      </input_file>
      <input_file id="fl-ab">
         <path>/home/junior/ti/ccs910/ccs/tools/compiler/ti-cgt-msp430_18.12.2.LTS/lib/</path>
         <kind>archive</kind>
         <file>rts430x_lc_ld_eabi.lib</file>
         <name>s_scalbn.c.obj</name>
      </input_file>
      <input_file id="fl-ac">
         <path>/home/junior/ti/ccs910/ccs/tools/compiler/ti-cgt-msp430_18.12.2.LTS/lib/</path>
         <kind>archive</kind>
         <file>rts430x_lc_ld_eabi.lib</file>
         <name>s_copysign.c.obj</name>
      </input_file>
      <input_file id="fl-ad">
         <path>/home/junior/ti/ccs910/ccs/tools/compiler/ti-cgt-msp430_18.12.2.LTS/lib/</path>
         <kind>archive</kind>
         <file>rts430x_lc_ld_eabi.lib</file>
         <name>ltoa.c.obj</name>
      </input_file>
      <input_file id="fl-ae">
         <path>/home/junior/ti/ccs910/ccs/tools/compiler/ti-cgt-msp430_18.12.2.LTS/lib/</path>
         <kind>archive</kind>
         <file>rts430x_lc_ld_eabi.lib</file>
         <name>div32s.asm.obj</name>
      </input_file>
      <input_file id="fl-af">
         <path>/home/junior/ti/ccs910/ccs/tools/compiler/ti-cgt-msp430_18.12.2.LTS/lib/</path>
         <kind>archive</kind>
         <file>rts430x_lc_ld_eabi.lib</file>
         <name>memccpy.c.obj</name>
      </input_file>
      <input_file id="fl-b0">
         <path>/home/junior/ti/ccs910/ccs/tools/compiler/ti-cgt-msp430_18.12.2.LTS/lib/</path>
         <kind>archive</kind>
         <file>rts430x_lc_ld_eabi.lib</file>
         <name>strchr.c.obj</name>
      </input_file>
      <input_file id="fl-b1">
         <path>/home/junior/ti/ccs910/ccs/tools/compiler/ti-cgt-msp430_18.12.2.LTS/lib/</path>
         <kind>archive</kind>
         <file>rts430x_lc_ld_eabi.lib</file>
         <name>strcpy.c.obj</name>
      </input_file>
      <input_file id="fl-b2">
         <path>/home/junior/ti/ccs910/ccs/tools/compiler/ti-cgt-msp430_18.12.2.LTS/lib/</path>
         <kind>archive</kind>
         <file>rts430x_lc_ld_eabi.lib</file>
         <name>strlen.c.obj</name>
      </input_file>
      <input_file id="fl-b3">
         <path>/home/junior/ti/ccs910/ccs/tools/compiler/ti-cgt-msp430_18.12.2.LTS/lib/</path>
         <kind>archive</kind>
         <file>rts430x_lc_ld_eabi.lib</file>
         <name>toupper.c.obj</name>
      </input_file>
      <input_file id="fl-b4">
         <path>/home/junior/ti/ccs910/ccs/tools/compiler/ti-cgt-msp430_18.12.2.LTS/lib/</path>
         <kind>archive</kind>
         <file>rts430x_lc_ld_eabi.lib</file>
         <name>wcslen.c.obj</name>
      </input_file>
   </input_file_list>
   <object_component_list>
      <object_component id="oc-888">
         <name>.TI.persistent:ucHeap</name>
         <load_address>0x4400</load_address>
         <run_address>0x4400</run_address>
         <size>0x3800</size>
         <input_file_ref idref="fl-2"/>
      </object_component>
      <object_component id="oc-3aa">
         <name>.sysmem</name>
         <load_address>0x7c00</load_address>
         <run_address>0x7c00</run_address>
         <size>0x8</size>
         <input_file_ref idref="fl-96"/>
      </object_component>
      <object_component id="oc-d81">
         <name>.sysmem</name>
         <load_address>0x7c00</load_address>
         <run_address>0x7c00</run_address>
         <size>0x0</size>
      </object_component>
      <object_component id="oc-d7c">
         <name>__TI_handler_table</name>
         <load_address>0xa02e</load_address>
         <run_address>0xa02e</run_address>
         <size>0xc</size>
      </object_component>
      <object_component id="oc-d7f">
         <name>.cinit..data.load</name>
         <load_address>0xa03a</load_address>
         <run_address>0xa03a</run_address>
         <size>0xb</size>
      </object_component>
      <object_component id="oc-d7e">
         <name>.cinit..bss.load</name>
         <load_address>0xa046</load_address>
         <run_address>0xa046</run_address>
         <size>0x6</size>
      </object_component>
      <object_component id="oc-d7d">
         <name>__TI_cinit_table</name>
         <load_address>0xa04c</load_address>
         <run_address>0xa04c</run_address>
         <size>0x10</size>
      </object_component>
      <object_component id="oc-c86">
         <name>.const:crc_ccitt_table</name>
         <load_address>0x9a0a</load_address>
         <run_address>0x9a0a</run_address>
         <size>0x200</size>
         <input_file_ref idref="fl-19"/>
      </object_component>
      <object_component id="oc-ae7">
         <name>.const:.string:RF4463_CONFIGURATION_DATA</name>
         <load_address>0x9c0a</load_address>
         <run_address>0x9c0a</run_address>
         <size>0x16b</size>
         <input_file_ref idref="fl-1f"/>
      </object_component>
      <object_component id="oc-b18">
         <name>.const:.string:ccsds_poly</name>
         <load_address>0x9d76</load_address>
         <run_address>0x9d76</run_address>
         <size>0xff</size>
         <input_file_ref idref="fl-18"/>
      </object_component>
      <object_component id="oc-9eb">
         <name>.const:$P$T0$1</name>
         <load_address>0x9e76</load_address>
         <run_address>0x9e76</run_address>
         <size>0xca</size>
         <input_file_ref idref="fl-24"/>
      </object_component>
      <object_component id="oc-580">
         <name>.const:.string</name>
         <load_address>0x9f40</load_address>
         <run_address>0x9f40</run_address>
         <size>0x3e</size>
         <input_file_ref idref="fl-13"/>
      </object_component>
      <object_component id="oc-5ac">
         <name>.const:.string</name>
         <load_address>0x9f7e</load_address>
         <run_address>0x9f7e</run_address>
         <size>0x32</size>
         <input_file_ref idref="fl-8"/>
      </object_component>
      <object_component id="oc-b46">
         <name>.const:NGH_SIZE_TAG</name>
         <load_address>0x9fb0</load_address>
         <run_address>0x9fb0</run_address>
         <size>0x1c</size>
         <input_file_ref idref="fl-1b"/>
      </object_component>
      <object_component id="oc-7c5">
         <name>.const:.string</name>
         <load_address>0x9fcc</load_address>
         <run_address>0x9fcc</run_address>
         <size>0xa</size>
         <input_file_ref idref="fl-25"/>
      </object_component>
      <object_component id="oc-b98">
         <name>.const:.string:$P$T0$1</name>
         <load_address>0x9fd6</load_address>
         <run_address>0x9fd6</run_address>
         <size>0x9</size>
         <input_file_ref idref="fl-21"/>
      </object_component>
      <object_component id="oc-b9b">
         <name>.const:.string:$P$T1$2</name>
         <load_address>0x9fe0</load_address>
         <run_address>0x9fe0</run_address>
         <size>0x9</size>
         <input_file_ref idref="fl-21"/>
      </object_component>
      <object_component id="oc-b9e">
         <name>.const:.string:$P$T2$3</name>
         <load_address>0x9fea</load_address>
         <run_address>0x9fea</run_address>
         <size>0x9</size>
         <input_file_ref idref="fl-21"/>
      </object_component>
      <object_component id="oc-ad0">
         <name>.const:.string:$P$T0$1</name>
         <load_address>0x9ff4</load_address>
         <run_address>0x9ff4</run_address>
         <size>0x8</size>
         <input_file_ref idref="fl-1f"/>
      </object_component>
      <object_component id="oc-92c">
         <name>.const:.string</name>
         <load_address>0x9ffc</load_address>
         <run_address>0x9ffc</run_address>
         <size>0x8</size>
         <input_file_ref idref="fl-21"/>
      </object_component>
      <object_component id="oc-b64">
         <name>.const:.string:NGH_PAR_SIZE</name>
         <load_address>0xa004</load_address>
         <run_address>0xa004</run_address>
         <size>0x7</size>
         <input_file_ref idref="fl-1b"/>
      </object_component>
      <object_component id="oc-b05">
         <name>.const:.string:NGH_PL_PAR_SIZE</name>
         <load_address>0xa00c</load_address>
         <run_address>0xa00c</run_address>
         <size>0x7</size>
         <input_file_ref idref="fl-1b"/>
      </object_component>
      <object_component id="oc-b2a">
         <name>.const:.string:NGH_PL_SIZE</name>
         <load_address>0xa014</load_address>
         <run_address>0xa014</run_address>
         <size>0x7</size>
         <input_file_ref idref="fl-1b"/>
      </object_component>
      <object_component id="oc-b5b">
         <name>.const:.string:NGH_PL_SIZE_FULL</name>
         <load_address>0xa01c</load_address>
         <run_address>0xa01c</run_address>
         <size>0x7</size>
         <input_file_ref idref="fl-1b"/>
      </object_component>
      <object_component id="oc-b1b">
         <name>.const</name>
         <load_address>0xa024</load_address>
         <run_address>0xa024</run_address>
         <size>0x6</size>
         <input_file_ref idref="fl-1b"/>
      </object_component>
      <object_component id="oc-b58">
         <name>.const:.string:NGH_SYNC</name>
         <load_address>0xa02a</load_address>
         <run_address>0xa02a</run_address>
         <size>0x4</size>
         <input_file_ref idref="fl-1b"/>
      </object_component>
      <object_component id="oc-3e8">
         <name>.text:_isr:_c_int00_noargs</name>
         <load_address>0x8000</load_address>
         <run_address>0x8000</run_address>
         <size>0x1c</size>
         <input_file_ref idref="fl-8c"/>
      </object_component>
      <object_component id="oc-3ca">
         <name>.text:_isr:vTickISREntry</name>
         <load_address>0x801c</load_address>
         <run_address>0x801c</run_address>
         <size>0x10</size>
         <input_file_ref idref="fl-a"/>
      </object_component>
      <object_component id="oc-3d0">
         <name>.text:_isr:WDT_ISR</name>
         <load_address>0x802c</load_address>
         <run_address>0x802c</run_address>
         <size>0xa</size>
         <input_file_ref idref="fl-11"/>
      </object_component>
      <object_component id="oc-3c5">
         <name>.text:_isr:__TI_ISR_TRAP</name>
         <load_address>0x8036</load_address>
         <run_address>0x8036</run_address>
         <size>0x8</size>
         <input_file_ref idref="fl-52"/>
      </object_component>
      <object_component id="oc-772">
         <name>.text:mmc_write_sector</name>
         <load_address>0x803e</load_address>
         <run_address>0x803e</run_address>
         <size>0x62</size>
         <input_file_ref idref="fl-24"/>
      </object_component>
      <object_component id="oc-8c1">
         <name>.text:prvInitialiseTaskLists</name>
         <load_address>0x80a0</load_address>
         <run_address>0x80a0</run_address>
         <size>0x62</size>
         <input_file_ref idref="fl-8"/>
      </object_component>
      <object_component id="oc-803">
         <name>.text:rush_power_state</name>
         <load_address>0x8102</load_address>
         <run_address>0x8102</run_address>
         <size>0x60</size>
         <input_file_ref idref="fl-15"/>
      </object_component>
      <object_component id="oc-a72">
         <name>.text:rush_write</name>
         <load_address>0x8162</load_address>
         <run_address>0x8162</run_address>
         <size>0x5e</size>
         <input_file_ref idref="fl-15"/>
      </object_component>
      <object_component id="oc-958">
         <name>.text:update_last_read_position</name>
         <load_address>0x81c0</load_address>
         <run_address>0x81c0</run_address>
         <size>0x5e</size>
         <input_file_ref idref="fl-24"/>
      </object_component>
      <object_component id="oc-7cc">
         <name>.text:send_data_packet</name>
         <load_address>0x821e</load_address>
         <run_address>0x821e</run_address>
         <size>0x5c</size>
         <input_file_ref idref="fl-17"/>
      </object_component>
      <object_component id="oc-c07">
         <name>.text:mmcCheckBusy</name>
         <load_address>0x827a</load_address>
         <run_address>0x827a</run_address>
         <size>0x5a</size>
         <input_file_ref idref="fl-28"/>
      </object_component>
      <object_component id="oc-aea">
         <name>.text:rf4463_set_config</name>
         <load_address>0x82d4</load_address>
         <run_address>0x82d4</run_address>
         <size>0x5a</size>
         <input_file_ref idref="fl-1f"/>
      </object_component>
      <object_component id="oc-b6e">
         <name>.text:rf4463_tx_packet</name>
         <load_address>0x832e</load_address>
         <run_address>0x832e</run_address>
         <size>0x58</size>
         <input_file_ref idref="fl-1f"/>
      </object_component>
      <object_component id="oc-77f">
         <name>.text</name>
         <load_address>0x8386</load_address>
         <run_address>0x8386</run_address>
         <size>0x58</size>
         <input_file_ref idref="fl-75"/>
      </object_component>
      <object_component id="oc-49c">
         <name>.text:vTaskStartScheduler</name>
         <load_address>0x83de</load_address>
         <run_address>0x83de</run_address>
         <size>0x58</size>
         <input_file_ref idref="fl-8"/>
      </object_component>
      <object_component id="oc-545">
         <name>.text:xQueueGenericCreate</name>
         <load_address>0x8436</load_address>
         <run_address>0x8436</run_address>
         <size>0x58</size>
         <input_file_ref idref="fl-7"/>
      </object_component>
      <object_component id="oc-abe">
         <name>.text:vListInsert</name>
         <load_address>0x848e</load_address>
         <run_address>0x848e</run_address>
         <size>0x54</size>
         <input_file_ref idref="fl-6"/>
      </object_component>
      <object_component id="oc-57a">
         <name>.text:wdt_task</name>
         <load_address>0x84e2</load_address>
         <run_address>0x84e2</run_address>
         <size>0x54</size>
         <input_file_ref idref="fl-26"/>
      </object_component>
      <object_component id="oc-b40">
         <name>.text:ngham_ActionHandlePacket</name>
         <load_address>0x8536</load_address>
         <run_address>0x8536</run_address>
         <size>0x52</size>
         <input_file_ref idref="fl-1e"/>
      </object_component>
      <object_component id="oc-952">
         <name>.text:send_data</name>
         <load_address>0x8588</load_address>
         <run_address>0x8588</run_address>
         <size>0x52</size>
         <input_file_ref idref="fl-21"/>
      </object_component>
      <object_component id="oc-bed">
         <name>.text:mmcSendCmd</name>
         <load_address>0x85da</load_address>
         <run_address>0x85da</run_address>
         <size>0x50</size>
         <input_file_ref idref="fl-28"/>
      </object_component>
      <object_component id="oc-be7">
         <name>.text:mmcSetBlockLength</name>
         <load_address>0x862a</load_address>
         <run_address>0x862a</run_address>
         <size>0x50</size>
         <input_file_ref idref="fl-28"/>
      </object_component>
      <object_component id="oc-8f2">
         <name>.text:rf4463_set_properties</name>
         <load_address>0x867a</load_address>
         <run_address>0x867a</run_address>
         <size>0x50</size>
         <input_file_ref idref="fl-1f"/>
      </object_component>
      <object_component id="oc-c1f">
         <name>.text:fsp_gen_pkt</name>
         <load_address>0x86ca</load_address>
         <run_address>0x86ca</run_address>
         <size>0x4e</size>
         <input_file_ref idref="fl-2e"/>
      </object_component>
      <object_component id="oc-9bd">
         <name>.text:mmcInit</name>
         <load_address>0x8718</load_address>
         <run_address>0x8718</run_address>
         <size>0x4e</size>
         <input_file_ref idref="fl-28"/>
      </object_component>
      <object_component id="oc-7d2">
         <name>.text:send_shutdown</name>
         <load_address>0x8766</load_address>
         <run_address>0x8766</run_address>
         <size>0x4e</size>
         <input_file_ref idref="fl-25"/>
      </object_component>
      <object_component id="oc-970">
         <name>.text:rf4463_get_cmd</name>
         <load_address>0x87b4</load_address>
         <run_address>0x87b4</run_address>
         <size>0x4c</size>
         <input_file_ref idref="fl-1f"/>
      </object_component>
      <object_component id="oc-c01">
         <name>.text:spiSendFrame</name>
         <load_address>0x8800</load_address>
         <run_address>0x8800</run_address>
         <size>0x4a</size>
         <input_file_ref idref="fl-27"/>
      </object_component>
      <object_component id="oc-758">
         <name>.text:get_last_read_pointer</name>
         <load_address>0x884a</load_address>
         <run_address>0x884a</run_address>
         <size>0x48</size>
         <input_file_ref idref="fl-24"/>
      </object_component>
      <object_component id="oc-79c">
         <name>.text:update_time_counter</name>
         <load_address>0x8892</load_address>
         <run_address>0x8892</run_address>
         <size>0x48</size>
         <input_file_ref idref="fl-12"/>
      </object_component>
      <object_component id="oc-9d1">
         <name>.text:mmc_read_sector</name>
         <load_address>0x88da</load_address>
         <run_address>0x88da</run_address>
         <size>0x46</size>
         <input_file_ref idref="fl-24"/>
      </object_component>
      <object_component id="oc-53e">
         <name>.text:restore_time_counter</name>
         <load_address>0x8920</load_address>
         <run_address>0x8920</run_address>
         <size>0x44</size>
         <input_file_ref idref="fl-12"/>
      </object_component>
      <object_component id="oc-490">
         <name>.text:setup_hardware</name>
         <load_address>0x8964</load_address>
         <run_address>0x8964</run_address>
         <size>0x44</size>
         <input_file_ref idref="fl-13"/>
      </object_component>
      <object_component id="oc-bf9">
         <name>.text:spiReadFrame</name>
         <load_address>0x89a8</load_address>
         <run_address>0x89a8</run_address>
         <size>0x44</size>
         <input_file_ref idref="fl-27"/>
      </object_component>
      <object_component id="oc-cdd">
         <name>.text:sspi_send_bit</name>
         <load_address>0x89ec</load_address>
         <run_address>0x89ec</run_address>
         <size>0x44</size>
         <input_file_ref idref="fl-2c"/>
      </object_component>
      <object_component id="oc-92d">
         <name>.text:ngham_TxPktGen</name>
         <load_address>0x8a30</load_address>
         <run_address>0x8a30</run_address>
         <size>0x40</size>
         <input_file_ref idref="fl-1d"/>
      </object_component>
      <object_component id="oc-538">
         <name>.text:update_reset_value</name>
         <load_address>0x8a70</load_address>
         <run_address>0x8a70</run_address>
         <size>0x40</size>
         <input_file_ref idref="fl-12"/>
      </object_component>
      <object_component id="oc-c2f">
         <name>.text:fsp_gen_cmd_pkt</name>
         <load_address>0x8ab0</load_address>
         <run_address>0x8ab0</run_address>
         <size>0x3e</size>
         <input_file_ref idref="fl-2e"/>
      </object_component>
      <object_component id="oc-526">
         <name>.text:i2c_setup</name>
         <load_address>0x8aee</load_address>
         <run_address>0x8aee</run_address>
         <size>0x3e</size>
         <input_file_ref idref="fl-f"/>
      </object_component>
      <object_component id="oc-5c6">
         <name>.text:l_asr_const</name>
         <load_address>0x8b2c</load_address>
         <run_address>0x8b2c</run_address>
         <size>0x3e</size>
         <input_file_ref idref="fl-86"/>
      </object_component>
      <object_component id="oc-7ba">
         <name>.text:l_lsl_const</name>
         <load_address>0x8b6a</load_address>
         <run_address>0x8b6a</run_address>
         <size>0x3e</size>
         <input_file_ref idref="fl-84"/>
      </object_component>
      <object_component id="oc-7bf">
         <name>.text:l_lsr_const</name>
         <load_address>0x8ba8</load_address>
         <run_address>0x8ba8</run_address>
         <size>0x3e</size>
         <input_file_ref idref="fl-88"/>
      </object_component>
      <object_component id="oc-6f6">
         <name>.text:read_current_state</name>
         <load_address>0x8be6</load_address>
         <run_address>0x8be6</run_address>
         <size>0x3e</size>
         <input_file_ref idref="fl-12"/>
      </object_component>
      <object_component id="oc-8c8">
         <name>.text:rf4463_power_on_reset</name>
         <load_address>0x8c24</load_address>
         <run_address>0x8c24</run_address>
         <size>0x3e</size>
         <input_file_ref idref="fl-1f"/>
      </object_component>
      <object_component id="oc-3b8">
         <name>.text:memcpy</name>
         <load_address>0x8c62</load_address>
         <run_address>0x8c62</run_address>
         <size>0x3c</size>
         <input_file_ref idref="fl-98"/>
      </object_component>
      <object_component id="oc-c8d">
         <name>.text:ngham_RxPktInit</name>
         <load_address>0x8c9e</load_address>
         <run_address>0x8c9e</run_address>
         <size>0x3c</size>
         <input_file_ref idref="fl-1d"/>
      </object_component>
      <object_component id="oc-738">
         <name>.text:request_antenna_mutex</name>
         <load_address>0x8cda</load_address>
         <run_address>0x8cda</run_address>
         <size>0x3c</size>
         <input_file_ref idref="fl-21"/>
      </object_component>
      <object_component id="oc-b49">
         <name>.text:ngham_TagCheck</name>
         <load_address>0x8d16</load_address>
         <run_address>0x8d16</run_address>
         <size>0x3a</size>
         <input_file_ref idref="fl-1b"/>
      </object_component>
      <object_component id="oc-500">
         <name>.text:uxListRemove</name>
         <load_address>0x8d50</load_address>
         <run_address>0x8d50</run_address>
         <size>0x3a</size>
         <input_file_ref idref="fl-6"/>
      </object_component>
      <object_component id="oc-b8f">
         <name>.text:pack_module_data</name>
         <load_address>0x8d8a</load_address>
         <run_address>0x8d8a</run_address>
         <size>0x38</size>
         <input_file_ref idref="fl-24"/>
      </object_component>
      <object_component id="oc-af3">
         <name>.text:rf4463_check_cts</name>
         <load_address>0x8dc2</load_address>
         <run_address>0x8dc2</run_address>
         <size>0x38</size>
         <input_file_ref idref="fl-1f"/>
      </object_component>
      <object_component id="oc-8ce">
         <name>.text:rf4463_reg_config</name>
         <load_address>0x8dfa</load_address>
         <run_address>0x8dfa</run_address>
         <size>0x38</size>
         <input_file_ref idref="fl-1f"/>
      </object_component>
      <object_component id="oc-8da">
         <name>.text:rf4463_check_device</name>
         <load_address>0x8e32</load_address>
         <run_address>0x8e32</run_address>
         <size>0x36</size>
         <input_file_ref idref="fl-1f"/>
      </object_component>
      <object_component id="oc-c27">
         <name>.text:sspi_tx</name>
         <load_address>0x8e68</load_address>
         <run_address>0x8e68</run_address>
         <size>0x36</size>
         <input_file_ref idref="fl-2c"/>
      </object_component>
      <object_component id="oc-7b4">
         <name>.text:update_operation_mode</name>
         <load_address>0x8e9e</load_address>
         <run_address>0x8e9e</run_address>
         <size>0x36</size>
         <input_file_ref idref="fl-12"/>
      </object_component>
      <object_component id="oc-cd1">
         <name>.text:crc16_CCITT</name>
         <load_address>0x8ed4</load_address>
         <run_address>0x8ed4</run_address>
         <size>0x34</size>
         <input_file_ref idref="fl-2d"/>
      </object_component>
      <object_component id="oc-ba1">
         <name>.text:memcmp</name>
         <load_address>0x8f08</load_address>
         <run_address>0x8f08</run_address>
         <size>0x34</size>
         <input_file_ref idref="fl-97"/>
      </object_component>
      <object_component id="oc-9aa">
         <name>.text:prvCopyDataFromQueue</name>
         <load_address>0x8f3c</load_address>
         <run_address>0x8f3c</run_address>
         <size>0x34</size>
         <input_file_ref idref="fl-7"/>
      </object_component>
      <object_component id="oc-90a">
         <name>.text:rf4463_enter_rx_mode</name>
         <load_address>0x8f70</load_address>
         <run_address>0x8f70</run_address>
         <size>0x34</size>
         <input_file_ref idref="fl-1f"/>
      </object_component>
      <object_component id="oc-7de">
         <name>.text:vTaskDelay</name>
         <load_address>0x8fa4</load_address>
         <run_address>0x8fa4</run_address>
         <size>0x34</size>
         <input_file_ref idref="fl-8"/>
      </object_component>
      <object_component id="oc-b67">
         <name>.text:ngham_ActionSendData</name>
         <load_address>0x8fd8</load_address>
         <run_address>0x8fd8</run_address>
         <size>0x32</size>
         <input_file_ref idref="fl-1e"/>
      </object_component>
      <object_component id="oc-a5b">
         <name>.text:prvTaskIsTaskSuspended</name>
         <load_address>0x900a</load_address>
         <run_address>0x900a</run_address>
         <size>0x32</size>
         <input_file_ref idref="fl-8"/>
      </object_component>
      <object_component id="oc-8d4">
         <name>.text:rf4463_set_tx_power</name>
         <load_address>0x903c</load_address>
         <run_address>0x903c</run_address>
         <size>0x32</size>
         <input_file_ref idref="fl-1f"/>
      </object_component>
      <object_component id="oc-7fd">
         <name>.text:rush_overtemperature_check</name>
         <load_address>0x906e</load_address>
         <run_address>0x906e</run_address>
         <size>0x32</size>
         <input_file_ref idref="fl-23"/>
      </object_component>
      <object_component id="oc-b10">
         <name>.text:rf4463_read_rx_fifo</name>
         <load_address>0x90a0</load_address>
         <run_address>0x90a0</run_address>
         <size>0x30</size>
         <input_file_ref idref="fl-1f"/>
      </object_component>
      <object_component id="oc-8e1">
         <name>.text:rf4463_set_cmd</name>
         <load_address>0x90d0</load_address>
         <run_address>0x90d0</run_address>
         <size>0x30</size>
         <input_file_ref idref="fl-1f"/>
      </object_component>
      <object_component id="oc-7ea">
         <name>.text:send_mutex_request</name>
         <load_address>0x9100</load_address>
         <run_address>0x9100</run_address>
         <size>0x30</size>
         <input_file_ref idref="fl-25"/>
      </object_component>
      <object_component id="oc-992">
         <name>.text:vTaskPlaceOnEventList</name>
         <load_address>0x9130</load_address>
         <run_address>0x9130</run_address>
         <size>0x30</size>
         <input_file_ref idref="fl-8"/>
      </object_component>
      <object_component id="oc-637">
         <name>.text:i2c_set_clock</name>
         <load_address>0x9160</load_address>
         <run_address>0x9160</run_address>
         <size>0x2e</size>
         <input_file_ref idref="fl-f"/>
      </object_component>
      <object_component id="oc-9c4">
         <name>.text:prvIsQueueFull</name>
         <load_address>0x918e</load_address>
         <run_address>0x918e</run_address>
         <size>0x2e</size>
         <input_file_ref idref="fl-7"/>
      </object_component>
      <object_component id="oc-4fa">
         <name>.text:prvResetNextTaskUnblockTime</name>
         <load_address>0x91bc</load_address>
         <run_address>0x91bc</run_address>
         <size>0x2e</size>
         <input_file_ref idref="fl-8"/>
      </object_component>
      <object_component id="oc-b2e">
         <name>.text:ngham_CRC_CCITT</name>
         <load_address>0x91ea</load_address>
         <run_address>0x91ea</run_address>
         <size>0x2c</size>
         <input_file_ref idref="fl-19"/>
      </object_component>
      <object_component id="oc-986">
         <name>.text:prvIsQueueEmpty</name>
         <load_address>0x9216</load_address>
         <run_address>0x9216</run_address>
         <size>0x2c</size>
         <input_file_ref idref="fl-7"/>
      </object_component>
      <object_component id="oc-a64">
         <name>.text:vListInitialise</name>
         <load_address>0x9242</load_address>
         <run_address>0x9242</run_address>
         <size>0x2c</size>
         <input_file_ref idref="fl-6"/>
      </object_component>
      <object_component id="oc-67d">
         <name>.text:prvInitialiseNewQueue</name>
         <load_address>0x926e</load_address>
         <run_address>0x926e</run_address>
         <size>0x2a</size>
         <input_file_ref idref="fl-7"/>
      </object_component>
      <object_component id="oc-6f0">
         <name>.text:rf4463_rx_init</name>
         <load_address>0x9298</load_address>
         <run_address>0x9298</run_address>
         <size>0x2a</size>
         <input_file_ref idref="fl-1f"/>
      </object_component>
      <object_component id="oc-b86">
         <name>.text:rf4463_wait_packet_sent</name>
         <load_address>0x92c2</load_address>
         <run_address>0x92c2</run_address>
         <size>0x2a</size>
         <input_file_ref idref="fl-1f"/>
      </object_component>
      <object_component id="oc-a34">
         <name>.text:fsp_gen_data_pkt</name>
         <load_address>0x92ec</load_address>
         <run_address>0x92ec</run_address>
         <size>0x28</size>
         <input_file_ref idref="fl-2e"/>
      </object_component>
      <object_component id="oc-631">
         <name>.text:i2c_pin_reset</name>
         <load_address>0x9314</load_address>
         <run_address>0x9314</run_address>
         <size>0x28</size>
         <input_file_ref idref="fl-f"/>
      </object_component>
      <object_component id="oc-6ae">
         <name>.text:prvInitialiseMutex</name>
         <load_address>0x933c</load_address>
         <run_address>0x933c</run_address>
         <size>0x28</size>
         <input_file_ref idref="fl-7"/>
      </object_component>
      <object_component id="oc-b7a">
         <name>.text:rf4463_enter_tx_mode</name>
         <load_address>0x9364</load_address>
         <run_address>0x9364</run_address>
         <size>0x28</size>
         <input_file_ref idref="fl-1f"/>
      </object_component>
      <object_component id="oc-8fe">
         <name>.text:rf4463_set_rx_interrupt</name>
         <load_address>0x938c</load_address>
         <run_address>0x938c</run_address>
         <size>0x28</size>
         <input_file_ref idref="fl-1f"/>
      </object_component>
      <object_component id="oc-b74">
         <name>.text:rf4463_write_tx_fifo</name>
         <load_address>0x93b4</load_address>
         <run_address>0x93b4</run_address>
         <size>0x28</size>
         <input_file_ref idref="fl-1f"/>
      </object_component>
      <object_component id="oc-6b7">
         <name>.text:xTaskGetTickCount</name>
         <load_address>0x93dc</load_address>
         <run_address>0x93dc</run_address>
         <size>0x28</size>
         <input_file_ref idref="fl-8"/>
      </object_component>
      <object_component id="oc-904">
         <name>.text:rf4463_clear_interrupts</name>
         <load_address>0x9404</load_address>
         <run_address>0x9404</run_address>
         <size>0x26</size>
         <input_file_ref idref="fl-1f"/>
      </object_component>
      <object_component id="oc-cb1">
         <name>.text:spi_rx_multiple</name>
         <load_address>0x942a</load_address>
         <run_address>0x942a</run_address>
         <size>0x26</size>
         <input_file_ref idref="fl-10"/>
      </object_component>
      <object_component id="oc-485">
         <name>.text:vApplicationSetupTimerInterrupt</name>
         <load_address>0x9450</load_address>
         <run_address>0x9450</run_address>
         <size>0x26</size>
         <input_file_ref idref="fl-13"/>
      </object_component>
      <object_component id="oc-50e">
         <name>.text:vListInsertEnd</name>
         <load_address>0x9476</load_address>
         <run_address>0x9476</run_address>
         <size>0x26</size>
         <input_file_ref idref="fl-6"/>
      </object_component>
      <object_component id="oc-3dc">
         <name>.text:decompress:ZI:__TI_zero_init</name>
         <load_address>0x949c</load_address>
         <run_address>0x949c</run_address>
         <size>0x24</size>
         <input_file_ref idref="fl-69"/>
      </object_component>
      <object_component id="oc-9df">
         <name>.text:mmcGetResponse</name>
         <load_address>0x94c0</load_address>
         <run_address>0x94c0</run_address>
         <size>0x24</size>
         <input_file_ref idref="fl-28"/>
      </object_component>
      <object_component id="oc-8ba">
         <name>.text:pxPortInitialiseStack</name>
         <load_address>0x94e4</load_address>
         <run_address>0x94e4</run_address>
         <size>0x24</size>
         <input_file_ref idref="fl-a"/>
      </object_component>
      <object_component id="oc-6de">
         <name>.text:rf4463_init</name>
         <load_address>0x9508</load_address>
         <run_address>0x9508</run_address>
         <size>0x24</size>
         <input_file_ref idref="fl-1f"/>
      </object_component>
      <object_component id="oc-9e5">
         <name>.text</name>
         <load_address>0x952c</load_address>
         <run_address>0x952c</run_address>
         <size>0x24</size>
         <input_file_ref idref="fl-80"/>
      </object_component>
      <object_component id="oc-52c">
         <name>.text:spi_setup</name>
         <load_address>0x9550</load_address>
         <run_address>0x9550</run_address>
         <size>0x24</size>
         <input_file_ref idref="fl-10"/>
      </object_component>
      <object_component id="oc-bf3">
         <name>.text:mmcGetXXResponse</name>
         <load_address>0x9574</load_address>
         <run_address>0x9574</run_address>
         <size>0x22</size>
         <input_file_ref idref="fl-28"/>
      </object_component>
      <object_component id="oc-64a">
         <name>.text:spi_clock_setup</name>
         <load_address>0x9596</load_address>
         <run_address>0x9596</run_address>
         <size>0x22</size>
         <input_file_ref idref="fl-10"/>
      </object_component>
      <object_component id="oc-c5d">
         <name>.text:spi_tx_multiple</name>
         <load_address>0x95b8</load_address>
         <run_address>0x95b8</run_address>
         <size>0x22</size>
         <input_file_ref idref="fl-10"/>
      </object_component>
      <object_component id="oc-c36">
         <name>.text:sspi_rx_multiple</name>
         <load_address>0x95da</load_address>
         <run_address>0x95da</run_address>
         <size>0x22</size>
         <input_file_ref idref="fl-2c"/>
      </object_component>
      <object_component id="oc-99e">
         <name>.text:vTaskSetTimeOutState</name>
         <load_address>0x95fc</load_address>
         <run_address>0x95fc</run_address>
         <size>0x22</size>
         <input_file_ref idref="fl-8"/>
      </object_component>
      <object_component id="oc-520">
         <name>.text:wdti_setup</name>
         <load_address>0x961e</load_address>
         <run_address>0x961e</run_address>
         <size>0x22</size>
         <input_file_ref idref="fl-11"/>
      </object_component>
      <object_component id="oc-8ae">
         <name>.text:memset</name>
         <load_address>0x9640</load_address>
         <run_address>0x9640</run_address>
         <size>0x20</size>
         <input_file_ref idref="fl-9a"/>
      </object_component>
      <object_component id="oc-a40">
         <name>.text:sspi_tx_multiple</name>
         <load_address>0x9660</load_address>
         <run_address>0x9660</run_address>
         <size>0x1e</size>
         <input_file_ref idref="fl-2c"/>
      </object_component>
      <object_component id="oc-bcb">
         <name>.text:halSPISetup</name>
         <load_address>0x967e</load_address>
         <run_address>0x967e</run_address>
         <size>0x1c</size>
         <input_file_ref idref="fl-27"/>
      </object_component>
      <object_component id="oc-9b0">
         <name>.text:pvTaskIncrementMutexHeldCount</name>
         <load_address>0x969a</load_address>
         <run_address>0x969a</run_address>
         <size>0x1c</size>
         <input_file_ref idref="fl-8"/>
      </object_component>
      <object_component id="oc-651">
         <name>.text:rf4463_gpio_init</name>
         <load_address>0x96b6</load_address>
         <run_address>0x96b6</run_address>
         <size>0x1c</size>
         <input_file_ref idref="fl-1f"/>
      </object_component>
      <object_component id="oc-532">
         <name>.text:gpio_setup</name>
         <load_address>0x96d2</load_address>
         <run_address>0x96d2</run_address>
         <size>0x1a</size>
         <input_file_ref idref="fl-13"/>
      </object_component>
      <object_component id="oc-c6b">
         <name>.text:spi_tx</name>
         <load_address>0x96ec</load_address>
         <run_address>0x96ec</run_address>
         <size>0x1a</size>
         <input_file_ref idref="fl-10"/>
      </object_component>
      <object_component id="oc-8f8">
         <name>.text:rf4463_fifo_reset</name>
         <load_address>0x9706</load_address>
         <run_address>0x9706</run_address>
         <size>0x18</size>
         <input_file_ref idref="fl-1f"/>
      </object_component>
      <object_component id="oc-506">
         <name>.text</name>
         <load_address>0x971e</load_address>
         <run_address>0x971e</run_address>
         <size>0x18</size>
         <input_file_ref idref="fl-7e"/>
      </object_component>
      <object_component id="oc-56d">
         <name>.text:xQueueCreateMutex</name>
         <load_address>0x9736</load_address>
         <run_address>0x9736</run_address>
         <size>0x18</size>
         <input_file_ref idref="fl-7"/>
      </object_component>
      <object_component id="oc-980">
         <name>.text:xTaskGetSchedulerState</name>
         <load_address>0x974e</load_address>
         <run_address>0x974e</run_address>
         <size>0x18</size>
         <input_file_ref idref="fl-8"/>
      </object_component>
      <object_component id="oc-77">
         <name>.text:decompress:none:__TI_decompress_none</name>
         <load_address>0x9766</load_address>
         <run_address>0x9766</run_address>
         <size>0x16</size>
         <input_file_ref idref="fl-50"/>
      </object_component>
      <object_component id="oc-a8b">
         <name>.text:prvDeleteTCB</name>
         <load_address>0x977c</load_address>
         <run_address>0x977c</run_address>
         <size>0x16</size>
         <input_file_ref idref="fl-8"/>
      </object_component>
      <object_component id="oc-5a6">
         <name>.text:prvIdleTask</name>
         <load_address>0x9792</load_address>
         <run_address>0x9792</run_address>
         <size>0x16</size>
         <input_file_ref idref="fl-8"/>
      </object_component>
      <object_component id="oc-6e4">
         <name>.text:rf4463_enter_standby_mode</name>
         <load_address>0x97a8</load_address>
         <run_address>0x97a8</run_address>
         <size>0x16</size>
         <input_file_ref idref="fl-1f"/>
      </object_component>
      <object_component id="oc-9d9">
         <name>.text:spiSendByte</name>
         <load_address>0x97be</load_address>
         <run_address>0x97be</run_address>
         <size>0x14</size>
         <input_file_ref idref="fl-27"/>
      </object_component>
      <object_component id="oc-62a">
         <name>.text:wdti_release_counter</name>
         <load_address>0x97d2</load_address>
         <run_address>0x97d2</run_address>
         <size>0x14</size>
         <input_file_ref idref="fl-11"/>
      </object_component>
      <object_component id="oc-b5e">
         <name>.text:encode_rs_char</name>
         <load_address>0x97e6</load_address>
         <run_address>0x97e6</run_address>
         <size>0x12</size>
         <input_file_ref idref="fl-1a"/>
      </object_component>
      <object_component id="oc-91e">
         <name>.text:rf4463_rx_packet</name>
         <load_address>0x97f8</load_address>
         <run_address>0x97f8</run_address>
         <size>0x12</size>
         <input_file_ref idref="fl-1f"/>
      </object_component>
      <object_component id="oc-a15">
         <name>.text:strlen</name>
         <load_address>0x980a</load_address>
         <run_address>0x980a</run_address>
         <size>0x12</size>
         <input_file_ref idref="fl-b2"/>
      </object_component>
      <object_component id="oc-cbf">
         <name>.text:l_lsr</name>
         <load_address>0x981c</load_address>
         <run_address>0x981c</run_address>
         <size>0x10</size>
         <input_file_ref idref="fl-88"/>
      </object_component>
      <object_component id="oc-442">
         <name>.text:main</name>
         <load_address>0x982c</load_address>
         <run_address>0x982c</run_address>
         <size>0x10</size>
         <input_file_ref idref="fl-2"/>
      </object_component>
      <object_component id="oc-ba9">
         <name>.text:rf4463_spi_read</name>
         <load_address>0x983c</load_address>
         <run_address>0x983c</run_address>
         <size>0x10</size>
         <input_file_ref idref="fl-20"/>
      </object_component>
      <object_component id="oc-adf">
         <name>.text:rf4463_spi_write</name>
         <load_address>0x984c</load_address>
         <run_address>0x984c</run_address>
         <size>0x10</size>
         <input_file_ref idref="fl-20"/>
      </object_component>
      <object_component id="oc-5ad">
         <name>.text:vConfigureTimerForRunTimeStats</name>
         <load_address>0x985c</load_address>
         <run_address>0x985c</run_address>
         <size>0x10</size>
         <input_file_ref idref="fl-13"/>
      </object_component>
      <object_component id="oc-624">
         <name>.text:wdti_hold_counter</name>
         <load_address>0x986c</load_address>
         <run_address>0x986c</run_address>
         <size>0x10</size>
         <input_file_ref idref="fl-11"/>
      </object_component>
      <object_component id="oc-6c3">
         <name>.text:wdti_reset_counter</name>
         <load_address>0x987c</load_address>
         <run_address>0x987c</run_address>
         <size>0x10</size>
         <input_file_ref idref="fl-11"/>
      </object_component>
      <object_component id="oc-b80">
         <name>.text:rf4463_wait_gpio1</name>
         <load_address>0x988c</load_address>
         <run_address>0x988c</run_address>
         <size>0xe</size>
         <input_file_ref idref="fl-1f"/>
      </object_component>
      <object_component id="oc-6cb">
         <name>.text:vPortFree</name>
         <load_address>0x989a</load_address>
         <run_address>0x989a</run_address>
         <size>0xe</size>
         <input_file_ref idref="fl-c"/>
      </object_component>
      <object_component id="oc-cee">
         <name>.text:wait_for_buffer_empty</name>
         <load_address>0x98a8</load_address>
         <run_address>0x98a8</run_address>
         <size>0xe</size>
         <input_file_ref idref="fl-10"/>
      </object_component>
      <object_component id="oc-cf4">
         <name>.text:wait_for_data_sent</name>
         <load_address>0x98b6</load_address>
         <run_address>0x98b6</run_address>
         <size>0xe</size>
         <input_file_ref idref="fl-10"/>
      </object_component>
      <object_component id="oc-643">
         <name>.text:i2c_set_mode</name>
         <load_address>0x98c4</load_address>
         <run_address>0x98c4</run_address>
         <size>0xc</size>
         <input_file_ref idref="fl-f"/>
      </object_component>
      <object_component id="oc-63d">
         <name>.text:i2c_set_slave</name>
         <load_address>0x98d0</load_address>
         <run_address>0x98d0</run_address>
         <size>0xc</size>
         <input_file_ref idref="fl-f"/>
      </object_component>
      <object_component id="oc-af9">
         <name>.text:rf4463_spi_transfer</name>
         <load_address>0x98dc</load_address>
         <run_address>0x98dc</run_address>
         <size>0xc</size>
         <input_file_ref idref="fl-20"/>
      </object_component>
      <object_component id="oc-918">
         <name>.text:rf4463_wait_nIRQ</name>
         <load_address>0x98e8</load_address>
         <run_address>0x98e8</run_address>
         <size>0xc</size>
         <input_file_ref idref="fl-1f"/>
      </object_component>
      <object_component id="oc-969">
         <name>.text:set_hibernation_period_min</name>
         <load_address>0x98f4</load_address>
         <run_address>0x98f4</run_address>
         <size>0xc</size>
         <input_file_ref idref="fl-12"/>
      </object_component>
      <object_component id="oc-a2e">
         <name>.text:fsp_init</name>
         <load_address>0x9900</load_address>
         <run_address>0x9900</run_address>
         <size>0xa</size>
         <input_file_ref idref="fl-2e"/>
      </object_component>
      <object_component id="oc-7ae">
         <name>.text:get_hibernation_period_min</name>
         <load_address>0x990a</load_address>
         <run_address>0x990a</run_address>
         <size>0xa</size>
         <input_file_ref idref="fl-12"/>
      </object_component>
      <object_component id="oc-74b">
         <name>.text:mmc_setup</name>
         <load_address>0x9914</load_address>
         <run_address>0x9914</run_address>
         <size>0xa</size>
         <input_file_ref idref="fl-28"/>
      </object_component>
      <object_component id="oc-6ea">
         <name>.text:ngham_Init</name>
         <load_address>0x991e</load_address>
         <run_address>0x991e</run_address>
         <size>0xa</size>
         <input_file_ref idref="fl-1b"/>
      </object_component>
      <object_component id="oc-790">
         <name>.text:obdh_current_read</name>
         <load_address>0x9928</load_address>
         <run_address>0x9928</run_address>
         <size>0xa</size>
         <input_file_ref idref="fl-12"/>
      </object_component>
      <object_component id="oc-784">
         <name>.text:obdh_temperature_read</name>
         <load_address>0x9932</load_address>
         <run_address>0x9932</run_address>
         <size>0xa</size>
         <input_file_ref idref="fl-12"/>
      </object_component>
      <object_component id="oc-658">
         <name>.text:read_reset_value</name>
         <load_address>0x993c</load_address>
         <run_address>0x993c</run_address>
         <size>0xa</size>
         <input_file_ref idref="fl-12"/>
      </object_component>
      <object_component id="oc-7a2">
         <name>.text:read_time_counter</name>
         <load_address>0x9946</load_address>
         <run_address>0x9946</run_address>
         <size>0xa</size>
         <input_file_ref idref="fl-12"/>
      </object_component>
      <object_component id="oc-7a8">
         <name>.text:read_time_state_changed</name>
         <load_address>0x9950</load_address>
         <run_address>0x9950</run_address>
         <size>0xa</size>
         <input_file_ref idref="fl-12"/>
      </object_component>
      <object_component id="oc-cd8">
         <name>.text</name>
         <load_address>0x995a</load_address>
         <run_address>0x995a</run_address>
[...]
      <symbol id="sm-de5">
         <name>ttc_interface_task</name>
         <value>0x1240e</value>
         <object_component_ref idref="oc-599"/>
      </symbol>
      <symbol id="sm-df4">
         <name>wdt_task</name>
         <value>0x84e2</value>
         <object_component_ref idref="oc-57a"/>
      </symbol>
      <symbol id="sm-e1b">
         <name>spiSendByte</name>
         <value>0x97be</value>
         <object_component_ref idref="oc-9d9"/>
      </symbol>
      <symbol id="sm-e1c">
         <name>halSPISetup</name>
         <value>0x967e</value>
         <object_component_ref idref="oc-bcb"/>
      </symbol>
      <symbol id="sm-e1d">
         <name>spiSendFrame</name>
         <value>0x8800</value>
         <object_component_ref idref="oc-c01"/>
      </symbol>
      <symbol id="sm-e1e">
         <name>spiReadFrame</name>
         <value>0x89a8</value>
         <object_component_ref idref="oc-bf9"/>
      </symbol>
      <symbol id="sm-e9a">
         <name>mmc_setup</name>
         <value>0x9914</value>
         <object_component_ref idref="oc-74b"/>
      </symbol>
      <symbol id="sm-e9b">
         <name>mmcWriteBlock</name>
         <value>0x139f6</value>
         <object_component_ref idref="oc-9f5"/>
      </symbol>
      <symbol id="sm-e9c">
         <name>mmcCheckBusy</name>
         <value>0x827a</value>
         <object_component_ref idref="oc-c07"/>
      </symbol>
      <symbol id="sm-e9d">
         <name>mmcSetBlockLength</name>
         <value>0x862a</value>
         <object_component_ref idref="oc-be7"/>
      </symbol>
      <symbol id="sm-e9e">
         <name>mmcGetResponse</name>
         <value>0x94c0</value>
         <object_component_ref idref="oc-9df"/>
      </symbol>
      <symbol id="sm-e9f">
         <name>mmcReadCardSize</name>
         <value>0x11f8e</value>
         <object_component_ref idref="oc-766"/>
      </symbol>
      <symbol id="sm-ea0">
         <name>mmcReadBlock</name>
         <value>0x13978</value>
         <object_component_ref idref="oc-9ee"/>
      </symbol>
      <symbol id="sm-ea1">
         <name>mmcGoIdle</name>
         <value>0x13d38</value>
         <object_component_ref idref="oc-bd1"/>
      </symbol>
      <symbol id="sm-ea2">
         <name>mmcSendCmd</name>
         <value>0x85da</value>
         <object_component_ref idref="oc-bed"/>
      </symbol>
      <symbol id="sm-ea3">
         <name>mmcGetXXResponse</name>
         <value>0x9574</value>
         <object_component_ref idref="oc-bf3"/>
      </symbol>
      <symbol id="sm-ea4">
         <name>mmcInit</name>
         <value>0x8718</value>
         <object_component_ref idref="oc-9bd"/>
      </symbol>
      <symbol id="sm-eca">
         <name>decode_request_data_telecommand</name>
         <value>0x13be0</value>
         <object_component_ref idref="oc-940"/>
      </symbol>
      <symbol id="sm-ecb">
         <name>calculate_read_position</name>
         <value>0x13fb0</value>
         <object_component_ref idref="oc-946"/>
      </symbol>
      <symbol id="sm-ecc">
         <name>decode_telecommand</name>
         <value>0x13c54</value>
         <object_component_ref idref="oc-702"/>
      </symbol>
      <symbol id="sm-ef9">
         <name>sspi_tx_multiple</name>
         <value>0x9660</value>
         <object_component_ref idref="oc-a40"/>
      </symbol>
      <symbol id="sm-efa">
         <name>sspi_rx_multiple</name>
         <value>0x95da</value>
         <object_component_ref idref="oc-c36"/>
      </symbol>
      <symbol id="sm-efb">
         <name>sspi_tx</name>
         <value>0x8e68</value>
         <object_component_ref idref="oc-c27"/>
      </symbol>
      <symbol id="sm-efc">
         <name>sspi_send_bit</name>
         <value>0x89ec</value>
         <object_component_ref idref="oc-cdd"/>
      </symbol>
      <symbol id="sm-f0a">
         <name>crc16_CCITT</name>
         <value>0x8ed4</value>
         <object_component_ref idref="oc-cd1"/>
      </symbol>
      <symbol id="sm-f5c">
         <name>fsp_my_adr</name>
         <value>0x21a3</value>
      </symbol>
      <symbol id="sm-f5d">
         <name>fsp_encode</name>
         <value>0x131bc</value>
         <object_component_ref idref="oc-a3a"/>
      </symbol>
      <symbol id="sm-f5e">
         <name>fsp_gen_data_pkt</name>
         <value>0x92ec</value>
         <object_component_ref idref="oc-a34"/>
      </symbol>
      <symbol id="sm-f5f">
         <name>fsp_init</name>
         <value>0x9900</value>
         <object_component_ref idref="oc-a2e"/>
      </symbol>
      <symbol id="sm-f60">
         <name>fsp_decode</name>
         <value>0x12524</value>
         <object_component_ref idref="oc-c42"/>
      </symbol>
      <symbol id="sm-f61">
         <name>fsp_gen_cmd_pkt</name>
         <value>0x8ab0</value>
         <object_component_ref idref="oc-c2f"/>
      </symbol>
      <symbol id="sm-f62">
         <name>fsp_decode_pos</name>
         <value>0x21e4</value>
         <object_component_ref idref="oc-c1b"/>
      </symbol>
      <symbol id="sm-f63">
         <name>fsp_gen_pkt</name>
         <value>0x86ca</value>
         <object_component_ref idref="oc-c1f"/>
      </symbol>
      <symbol id="sm-f64">
         <name>fsp_reset</name>
         <value>0x99b8</value>
         <object_component_ref idref="oc-c3c"/>
      </symbol>
      <symbol id="sm-f87">
         <name>__TI_decompress_lzss</name>
         <value>0x13b6a</value>
         <object_component_ref idref="oc-71"/>
      </symbol>
      <symbol id="sm-f98">
         <name>__TI_decompress_none</name>
         <value>0x9766</value>
         <object_component_ref idref="oc-77"/>
      </symbol>
      <symbol id="sm-f9b">
         <name>__TI_int30</name>
         <value>0xffcc</value>
         <object_component_ref idref="oc-7d"/>
      </symbol>
      <symbol id="sm-fa3">
         <name>__TI_ISR_TRAP</name>
         <value>0x8036</value>
         <object_component_ref idref="oc-3c5"/>
      </symbol>
      <symbol id="sm-fa6">
         <name>__TI_int31</name>
         <value>0xffce</value>
         <object_component_ref idref="oc-7e"/>
      </symbol>
      <symbol id="sm-fa9">
         <name>__TI_int32</name>
         <value>0xffd0</value>
         <object_component_ref idref="oc-7f"/>
      </symbol>
      <symbol id="sm-fac">
         <name>__TI_int33</name>
         <value>0xffd2</value>
         <object_component_ref idref="oc-80"/>
      </symbol>
      <symbol id="sm-faf">
         <name>__TI_int34</name>
         <value>0xffd4</value>
         <object_component_ref idref="oc-81"/>
      </symbol>
      <symbol id="sm-fb2">
         <name>__TI_int35</name>
         <value>0xffd6</value>
         <object_component_ref idref="oc-82"/>
      </symbol>
      <symbol id="sm-fb5">
         <name>__TI_int36</name>
         <value>0xffd8</value>
         <object_component_ref idref="oc-83"/>
      </symbol>
      <symbol id="sm-fb8">
         <name>__TI_int37</name>
         <value>0xffda</value>
         <object_component_ref idref="oc-84"/>
      </symbol>
      <symbol id="sm-fbb">
         <name>__TI_int38</name>
         <value>0xffdc</value>
         <object_component_ref idref="oc-85"/>
      </symbol>
      <symbol id="sm-fbe">
         <name>__TI_int39</name>
         <value>0xffde</value>
         <object_component_ref idref="oc-86"/>
      </symbol>
      <symbol id="sm-fc1">
         <name>__TI_int40</name>
         <value>0xffe0</value>
         <object_component_ref idref="oc-87"/>
      </symbol>
      <symbol id="sm-fc4">
         <name>__TI_int41</name>
         <value>0xffe2</value>
         <object_component_ref idref="oc-88"/>
      </symbol>
      <symbol id="sm-fc7">
         <name>__TI_int42</name>
         <value>0xffe4</value>
         <object_component_ref idref="oc-89"/>
      </symbol>
      <symbol id="sm-fca">
         <name>__TI_int43</name>
         <value>0xffe6</value>
         <object_component_ref idref="oc-8a"/>
      </symbol>
      <symbol id="sm-fcd">
         <name>__TI_int44</name>
         <value>0xffe8</value>
         <object_component_ref idref="oc-8b"/>
      </symbol>
      <symbol id="sm-fd0">
         <name>__TI_int46</name>
         <value>0xffec</value>
         <object_component_ref idref="oc-8d"/>
      </symbol>
      <symbol id="sm-fd3">
         <name>__TI_int47</name>
         <value>0xffee</value>
         <object_component_ref idref="oc-8e"/>
      </symbol>
      <symbol id="sm-fd6">
         <name>__TI_int48</name>
         <value>0xfff0</value>
         <object_component_ref idref="oc-8f"/>
      </symbol>
      <symbol id="sm-fd9">
         <name>__TI_int50</name>
         <value>0xfff4</value>
         <object_component_ref idref="oc-91"/>
      </symbol>
      <symbol id="sm-fdc">
         <name>__TI_int51</name>
         <value>0xfff6</value>
         <object_component_ref idref="oc-92"/>
      </symbol>
      <symbol id="sm-fdf">
         <name>__TI_int52</name>
         <value>0xfff8</value>
         <object_component_ref idref="oc-93"/>
      </symbol>
      <symbol id="sm-fe2">
         <name>__TI_int53</name>
         <value>0xfffa</value>
         <object_component_ref idref="oc-94"/>
      </symbol>
      <symbol id="sm-fe5">
         <name>__TI_int54</name>
         <value>0xfffc</value>
         <object_component_ref idref="oc-95"/>
      </symbol>
      <symbol id="sm-ff8">
         <name>__TI_zero_init</name>
         <value>0x949c</value>
         <object_component_ref idref="oc-3dc"/>
      </symbol>
      <symbol id="sm-1011">
         <name>__mspabi_remul</name>
         <value>0x8386</value>
         <object_component_ref idref="oc-77f"/>
      </symbol>
      <symbol id="sm-1012">
         <name>__mspabi_divul</name>
         <value>0x8386</value>
         <object_component_ref idref="oc-77f"/>
      </symbol>
      <symbol id="sm-1022">
         <name>__mspabi_mpyi_f5hw</name>
         <value>0x971e</value>
         <object_component_ref idref="oc-506"/>
      </symbol>
      <symbol id="sm-102b">
         <name>__mspabi_mpyl_f5hw</name>
         <value>0x952c</value>
         <object_component_ref idref="oc-9e5"/>
      </symbol>
      <symbol id="sm-1036">
         <name>__mspabi_slll_9</name>
         <value>0x8b82</value>
         <object_component_ref idref="oc-7ba"/>
      </symbol>
      <symbol id="sm-1037">
         <name>__mspabi_slll_8</name>
         <value>0x8b86</value>
         <object_component_ref idref="oc-7ba"/>
      </symbol>
      <symbol id="sm-1038">
         <name>__mspabi_slll_7</name>
         <value>0x8b8a</value>
         <object_component_ref idref="oc-7ba"/>
      </symbol>
      <symbol id="sm-1039">
         <name>__mspabi_slll_6</name>
         <value>0x8b8e</value>
         <object_component_ref idref="oc-7ba"/>
      </symbol>
      <symbol id="sm-103a">
         <name>__mspabi_slll_5</name>
         <value>0x8b92</value>
         <object_component_ref idref="oc-7ba"/>
      </symbol>
      <symbol id="sm-103b">
         <name>__mspabi_slll_4</name>
         <value>0x8b96</value>
         <object_component_ref idref="oc-7ba"/>
      </symbol>
      <symbol id="sm-103c">
         <name>__mspabi_slll_3</name>
         <value>0x8b9a</value>
         <object_component_ref idref="oc-7ba"/>
      </symbol>
      <symbol id="sm-103d">
         <name>__mspabi_slll_2</name>
         <value>0x8b9e</value>
         <object_component_ref idref="oc-7ba"/>
      </symbol>
      <symbol id="sm-103e">
         <name>__mspabi_slll_1</name>
         <value>0x8ba2</value>
         <object_component_ref idref="oc-7ba"/>
      </symbol>
      <symbol id="sm-103f">
         <name>__mspabi_slll_15</name>
         <value>0x8b6a</value>
         <object_component_ref idref="oc-7ba"/>
      </symbol>
      <symbol id="sm-1040">
         <name>__mspabi_slll_14</name>
         <value>0x8b6e</value>
         <object_component_ref idref="oc-7ba"/>
      </symbol>
      <symbol id="sm-1041">
         <name>__mspabi_slll_13</name>
         <value>0x8b72</value>
         <object_component_ref idref="oc-7ba"/>
      </symbol>
      <symbol id="sm-1042">
         <name>__mspabi_slll_12</name>
         <value>0x8b76</value>
         <object_component_ref idref="oc-7ba"/>
      </symbol>
      <symbol id="sm-1043">
         <name>__mspabi_slll_11</name>
         <value>0x8b7a</value>
         <object_component_ref idref="oc-7ba"/>
      </symbol>
      <symbol id="sm-1044">
         <name>__mspabi_slll_10</name>
         <value>0x8b7e</value>
         <object_component_ref idref="oc-7ba"/>
      </symbol>
      <symbol id="sm-104d">
         <name>__mspabi_sral_15</name>
         <value>0x8b2c</value>
         <object_component_ref idref="oc-5c6"/>
      </symbol>
      <symbol id="sm-104e">
         <name>__mspabi_sral_14</name>
         <value>0x8b30</value>
         <object_component_ref idref="oc-5c6"/>
      </symbol>
      <symbol id="sm-104f">
         <name>__mspabi_sral_13</name>
         <value>0x8b34</value>
         <object_component_ref idref="oc-5c6"/>
      </symbol>
      <symbol id="sm-1050">
         <name>__mspabi_sral_12</name>
         <value>0x8b38</value>
         <object_component_ref idref="oc-5c6"/>
      </symbol>
      <symbol id="sm-1051">
         <name>__mspabi_sral_11</name>
         <value>0x8b3c</value>
         <object_component_ref idref="oc-5c6"/>
      </symbol>
      <symbol id="sm-1052">
         <name>__mspabi_sral_10</name>
         <value>0x8b40</value>
         <object_component_ref idref="oc-5c6"/>
      </symbol>
      <symbol id="sm-1053">
         <name>__mspabi_sral_8</name>
         <value>0x8b48</value>
         <object_component_ref idref="oc-5c6"/>
      </symbol>
      <symbol id="sm-1054">
         <name>__mspabi_sral_9</name>
         <value>0x8b44</value>
         <object_component_ref idref="oc-5c6"/>
      </symbol>
      <symbol id="sm-1055">
         <name>__mspabi_sral_6</name>
         <value>0x8b50</value>
         <object_component_ref idref="oc-5c6"/>
      </symbol>
      <symbol id="sm-1056">
         <name>__mspabi_sral_7</name>
         <value>0x8b4c</value>
         <object_component_ref idref="oc-5c6"/>
      </symbol>
      <symbol id="sm-1057">
         <name>__mspabi_sral_4</name>
         <value>0x8b58</value>
         <object_component_ref idref="oc-5c6"/>
      </symbol>
      <symbol id="sm-1058">
         <name>__mspabi_sral_5</name>
         <value>0x8b54</value>
         <object_component_ref idref="oc-5c6"/>
      </symbol>
      <symbol id="sm-1059">
         <name>__mspabi_sral_2</name>
         <value>0x8b60</value>
         <object_component_ref idref="oc-5c6"/>
      </symbol>
      <symbol id="sm-105a">
         <name>__mspabi_sral_3</name>
         <value>0x8b5c</value>
         <object_component_ref idref="oc-5c6"/>
      </symbol>
      <symbol id="sm-105b">
         <name>__mspabi_sral_1</name>
         <value>0x8b64</value>
         <object_component_ref idref="oc-5c6"/>
      </symbol>
      <symbol id="sm-1064">
         <name>__mspabi_srli</name>
         <value>0x995a</value>
         <object_component_ref idref="oc-cd8"/>
      </symbol>
      <symbol id="sm-1074">
         <name>__mspabi_srll_8</name>
         <value>0x8bc4</value>
         <object_component_ref idref="oc-7bf"/>
      </symbol>
      <symbol id="sm-1075">
         <name>__mspabi_srll_9</name>
         <value>0x8bc0</value>
         <object_component_ref idref="oc-7bf"/>
      </symbol>
      <symbol id="sm-1076">
         <name>__mspabi_srll_6</name>
         <value>0x8bcc</value>
         <object_component_ref idref="oc-7bf"/>
      </symbol>
      <symbol id="sm-1077">
         <name>__mspabi_srll_7</name>
         <value>0x8bc8</value>
         <object_component_ref idref="oc-7bf"/>
      </symbol>
      <symbol id="sm-1078">
         <name>__mspabi_srll_4</name>
         <value>0x8bd4</value>
         <object_component_ref idref="oc-7bf"/>
      </symbol>
      <symbol id="sm-1079">
         <name>__mspabi_srll_5</name>
         <value>0x8bd0</value>
         <object_component_ref idref="oc-7bf"/>
      </symbol>
      <symbol id="sm-107a">
         <name>__mspabi_srll_2</name>
         <value>0x8bdc</value>
         <object_component_ref idref="oc-7bf"/>
      </symbol>
      <symbol id="sm-107b">
         <name>__mspabi_srll_3</name>
         <value>0x8bd8</value>
         <object_component_ref idref="oc-7bf"/>
      </symbol>
      <symbol id="sm-107c">
         <name>__mspabi_srll_1</name>
         <value>0x8be0</value>
         <object_component_ref idref="oc-7bf"/>
      </symbol>
      <symbol id="sm-107d">
         <name>__mspabi_srll_15</name>
         <value>0x8ba8</value>
         <object_component_ref idref="oc-7bf"/>
      </symbol>
      <symbol id="sm-107e">
         <name>__mspabi_srll_14</name>
         <value>0x8bac</value>
         <object_component_ref idref="oc-7bf"/>
      </symbol>
      <symbol id="sm-107f">
         <name>__mspabi_srll_13</name>
         <value>0x8bb0</value>
         <object_component_ref idref="oc-7bf"/>
      </symbol>
      <symbol id="sm-1080">
         <name>__mspabi_srll_12</name>
         <value>0x8bb4</value>
         <object_component_ref idref="oc-7bf"/>
      </symbol>
      <symbol id="sm-1081">
         <name>__mspabi_srll_11</name>
         <value>0x8bb8</value>
         <object_component_ref idref="oc-7bf"/>
      </symbol>
      <symbol id="sm-1082">
         <name>__mspabi_srll_10</name>
         <value>0x8bbc</value>
         <object_component_ref idref="oc-7bf"/>
      </symbol>
      <symbol id="sm-1083">
         <name>__mspabi_srll</name>
         <value>0x981c</value>
         <object_component_ref idref="oc-cbf"/>
      </symbol>
      <symbol id="sm-1096">
         <name>_stack</name>
         <value>0x2360</value>
         <object_component_ref idref="oc-3a6"/>
      </symbol>
      <symbol id="sm-1097">
         <name>_c_int00_noargs</name>
         <value>0x8000</value>
         <object_component_ref idref="oc-3e8"/>
      </symbol>
      <symbol id="sm-1098">
         <name>_reset_vector</name>
         <value>0xfffe</value>
         <object_component_ref idref="oc-3a9"/>
      </symbol>
      <symbol id="sm-10bc">
         <name>__TI_auto_init_nobinit_nopinit_hold_wdt</name>
         <value>0x13af2</value>
         <object_component_ref idref="oc-4c7"/>
      </symbol>
      <symbol id="sm-10c5">
         <name>_system_post_cinit</name>
         <value>0x99fc</value>
         <object_component_ref idref="oc-5cb"/>
      </symbol>
      <symbol id="sm-10ce">
         <name>_system_pre_init</name>
         <value>0x99e8</value>
         <object_component_ref idref="oc-43c"/>
      </symbol>
      <symbol id="sm-10d8">
         <name>C$$EXIT</name>
         <value>0x99ac</value>
         <object_component_ref idref="oc-4a3"/>
      </symbol>
      <symbol id="sm-10d9">
         <name>abort</name>
         <value>0x99ac</value>
         <object_component_ref idref="oc-4a3"/>
      </symbol>
      <symbol id="sm-10f0">
         <name>_sys_memory</name>
         <value>0x7c00</value>
         <object_component_ref idref="oc-3aa"/>
      </symbol>
      <symbol id="sm-1100">
         <name>memcmp</name>
         <value>0x8f08</value>
         <object_component_ref idref="oc-ba1"/>
      </symbol>
      <symbol id="sm-110f">
         <name>memcpy</name>
         <value>0x8c62</value>
         <object_component_ref idref="oc-3b8"/>
      </symbol>
      <symbol id="sm-111f">
         <name>memset</name>
         <value>0x9640</value>
         <object_component_ref idref="oc-8ae"/>
      </symbol>
      <symbol id="sm-1143">
         <name>strlen</name>
         <value>0x980a</value>
         <object_component_ref idref="oc-a15"/>
      </symbol>
      <symbol id="sm-114a">
         <name>vPortSetupTimerInterrupt</name>
         <value>0x9450</value>
      </symbol>
   </symbol_table>
   <title>Link successful</title>
</link_info>
